Archive member included to satisfy reference by file (symbol)

c:/chibistudio/tools/gnu tools arm embedded/10.3 2021.07/bin/../lib/gcc/arm-none-eabi/10.3.1/../../../../arm-none-eabi/lib/thumb/v7e-m/nofp\libg.a(lib_a-ctype_.o)
                              ./build/obj/chscanf.o (symbol from plugin) (_ctype_)
c:/chibistudio/tools/gnu tools arm embedded/10.3 2021.07/bin/../lib/gcc/arm-none-eabi/10.3.1/../../../../arm-none-eabi/lib/thumb/v7e-m/nofp\libg.a(lib_a-strtol.o)
                              ./build/obj/minmea.o (symbol from plugin) (strtol)
c:/chibistudio/tools/gnu tools arm embedded/10.3 2021.07/bin/../lib/gcc/arm-none-eabi/10.3.1/../../../../arm-none-eabi/lib/thumb/v7e-m/nofp\libg.a(lib_a-errno.o)
                              c:/chibistudio/tools/gnu tools arm embedded/10.3 2021.07/bin/../lib/gcc/arm-none-eabi/10.3.1/../../../../arm-none-eabi/lib/thumb/v7e-m/nofp\libg.a(lib_a-strtol.o) (__errno)
c:/chibistudio/tools/gnu tools arm embedded/10.3 2021.07/bin/../lib/gcc/arm-none-eabi/10.3.1/../../../../arm-none-eabi/lib/thumb/v7e-m/nofp\libg.a(lib_a-impure.o)
                              c:/chibistudio/tools/gnu tools arm embedded/10.3 2021.07/bin/../lib/gcc/arm-none-eabi/10.3.1/../../../../arm-none-eabi/lib/thumb/v7e-m/nofp\libg.a(lib_a-strtol.o) (_impure_ptr)
c:/chibistudio/tools/gnu tools arm embedded/10.3 2021.07/bin/../lib/gcc/arm-none-eabi/10.3.1/thumb/v7e-m/nofp\libgcc.a(_arm_muldf3.o)
                              C:\Users\ccliu\AppData\Local\Temp\ch.elf.dI97Yj.ltrans0.ltrans.o (__aeabi_dmul)
c:/chibistudio/tools/gnu tools arm embedded/10.3 2021.07/bin/../lib/gcc/arm-none-eabi/10.3.1/thumb/v7e-m/nofp\libgcc.a(_arm_addsubdf3.o)
                              C:\Users\ccliu\AppData\Local\Temp\ch.elf.dI97Yj.ltrans0.ltrans.o (__aeabi_dsub)
c:/chibistudio/tools/gnu tools arm embedded/10.3 2021.07/bin/../lib/gcc/arm-none-eabi/10.3.1/thumb/v7e-m/nofp\libgcc.a(_arm_muldivdf3.o)
                              C:\Users\ccliu\AppData\Local\Temp\ch.elf.dI97Yj.ltrans0.ltrans.o (__aeabi_ddiv)
c:/chibistudio/tools/gnu tools arm embedded/10.3 2021.07/bin/../lib/gcc/arm-none-eabi/10.3.1/thumb/v7e-m/nofp\libgcc.a(_arm_fixdfsi.o)
                              C:\Users\ccliu\AppData\Local\Temp\ch.elf.dI97Yj.ltrans0.ltrans.o (__aeabi_d2iz)
c:/chibistudio/tools/gnu tools arm embedded/10.3 2021.07/bin/../lib/gcc/arm-none-eabi/10.3.1/thumb/v7e-m/nofp\libgcc.a(_arm_addsubsf3.o)
                              C:\Users\ccliu\AppData\Local\Temp\ch.elf.dI97Yj.ltrans0.ltrans.o (__aeabi_fadd)
c:/chibistudio/tools/gnu tools arm embedded/10.3 2021.07/bin/../lib/gcc/arm-none-eabi/10.3.1/thumb/v7e-m/nofp\libgcc.a(_arm_muldivsf3.o)
                              C:\Users\ccliu\AppData\Local\Temp\ch.elf.dI97Yj.ltrans0.ltrans.o (__aeabi_fdiv)
c:/chibistudio/tools/gnu tools arm embedded/10.3 2021.07/bin/../lib/gcc/arm-none-eabi/10.3.1/thumb/v7e-m/nofp\libgcc.a(_aeabi_uldivmod.o)
                              C:\Users\ccliu\AppData\Local\Temp\ch.elf.dI97Yj.ltrans0.ltrans.o (__aeabi_uldivmod)
c:/chibistudio/tools/gnu tools arm embedded/10.3 2021.07/bin/../lib/gcc/arm-none-eabi/10.3.1/thumb/v7e-m/nofp\libgcc.a(_udivmoddi4.o)
                              c:/chibistudio/tools/gnu tools arm embedded/10.3 2021.07/bin/../lib/gcc/arm-none-eabi/10.3.1/thumb/v7e-m/nofp\libgcc.a(_aeabi_uldivmod.o) (__udivmoddi4)
c:/chibistudio/tools/gnu tools arm embedded/10.3 2021.07/bin/../lib/gcc/arm-none-eabi/10.3.1/thumb/v7e-m/nofp\libgcc.a(_dvmd_tls.o)
                              c:/chibistudio/tools/gnu tools arm embedded/10.3 2021.07/bin/../lib/gcc/arm-none-eabi/10.3.1/thumb/v7e-m/nofp\libgcc.a(_aeabi_uldivmod.o) (__aeabi_ldiv0)
c:/chibistudio/tools/gnu tools arm embedded/10.3 2021.07/bin/../lib/gcc/arm-none-eabi/10.3.1/../../../../arm-none-eabi/lib/thumb/v7e-m/nofp\libg.a(lib_a-memcpy.o)
                              C:\Users\ccliu\AppData\Local\Temp\ch.elf.dI97Yj.ltrans0.ltrans.o (memcpy)
c:/chibistudio/tools/gnu tools arm embedded/10.3 2021.07/bin/../lib/gcc/arm-none-eabi/10.3.1/../../../../arm-none-eabi/lib/thumb/v7e-m/nofp\libg.a(lib_a-memset.o)
                              C:\Users\ccliu\AppData\Local\Temp\ch.elf.dI97Yj.ltrans0.ltrans.o (memset)
c:/chibistudio/tools/gnu tools arm embedded/10.3 2021.07/bin/../lib/gcc/arm-none-eabi/10.3.1/../../../../arm-none-eabi/lib/thumb/v7e-m/nofp\libg.a(lib_a-strchr.o)
                              C:\Users\ccliu\AppData\Local\Temp\ch.elf.dI97Yj.ltrans0.ltrans.o (strchr)
c:/chibistudio/tools/gnu tools arm embedded/10.3 2021.07/bin/../lib/gcc/arm-none-eabi/10.3.1/../../../../arm-none-eabi/lib/thumb/v7e-m/nofp\libg.a(lib_a-strcmp.o)
                              C:\Users\ccliu\AppData\Local\Temp\ch.elf.dI97Yj.ltrans0.ltrans.o (strcmp)
c:/chibistudio/tools/gnu tools arm embedded/10.3 2021.07/bin/../lib/gcc/arm-none-eabi/10.3.1/../../../../arm-none-eabi/lib/thumb/v7e-m/nofp\libg.a(lib_a-strlen.o)
                              C:\Users\ccliu\AppData\Local\Temp\ch.elf.dI97Yj.ltrans0.ltrans.o (strlen)
[...]
Memory Configuration

Name             Origin             Length             Attributes
flash0           0x08000000         0x00080000         xr
flash1           0x00000000         0x00000000         xr
flash2           0x00000000         0x00000000         xr
flash3           0x00000000         0x00000000         xr
flash4           0x00000000         0x00000000         xr
flash5           0x00000000         0x00000000         xr
flash6           0x00000000         0x00000000         xr
flash7           0x00000000         0x00000000         xr
ram0             0x20000000         0x00018000         xw
ram1             0x00000000         0x00000000         xw
ram2             0x00000000         0x00000000         xw
ram3             0x00000000         0x00000000         xw
ram4             0x00000000         0x00000000         xw
ram5             0x00000000         0x00000000         xw
ram6             0x00000000         0x00000000         xw
ram7             0x00000000         0x00000000         xw
*default*        0x00000000         0xffffffff

Linker script and memory map

LOAD ./build/obj/crt0_v7m.o
LOAD ./build/obj/vectors.o
LOAD ./build/obj/chcoreasm.o
LOAD ./build/obj/crt1.o
LOAD C:\Users\ccliu\AppData\Local\Temp\ch.elf.dI97Yj.ltrans0.ltrans.o
LOAD C:\Users\ccliu\AppData\Local\Temp\cce7bvyN.debug.temp.o
LOAD C:\Users\ccliu\AppData\Local\Temp\ccS1zNr7.debug.temp.o
LOAD C:\Users\ccliu\AppData\Local\Temp\ccqrZnkq.debug.temp.o
LOAD C:\Users\ccliu\AppData\Local\Temp\ccgOEphJ.debug.temp.o
LOAD C:\Users\ccliu\AppData\Local\Temp\ccgsggn2.debug.temp.o
LOAD C:\Users\ccliu\AppData\Local\Temp\cckwEBrl.debug.temp.o
LOAD C:\Users\ccliu\AppData\Local\Temp\ccAUfMEE.debug.temp.o
LOAD C:\Users\ccliu\AppData\Local\Temp\cckyLpWX.debug.temp.o
LOAD C:\Users\ccliu\AppData\Local\Temp\ccEGjJOk.debug.temp.o
LOAD C:\Users\ccliu\AppData\Local\Temp\ccCX71QH.debug.temp.o
LOAD C:\Users\ccliu\AppData\Local\Temp\cckktqX4.debug.temp.o
LOAD C:\Users\ccliu\AppData\Local\Temp\ccOV1Zcs.debug.temp.o
LOAD C:\Users\ccliu\AppData\Local\Temp\ccelpgAP.debug.temp.o
LOAD C:\Users\ccliu\AppData\Local\Temp\cciJpGVb.debug.temp.o
LOAD C:\Users\ccliu\AppData\Local\Temp\ccSvKomy.debug.temp.o
LOAD C:\Users\ccliu\AppData\Local\Temp\ccGHCdWU.debug.temp.o
LOAD C:\Users\ccliu\AppData\Local\Temp\ccMOHcAh.debug.temp.o
LOAD C:\Users\ccliu\AppData\Local\Temp\ccOLUpqE.debug.temp.o
LOAD C:\Users\ccliu\AppData\Local\Temp\ccKBdHa0.debug.temp.o
LOAD C:\Users\ccliu\AppData\Local\Temp\cc2ukqZl.debug.temp.o
LOAD C:\Users\ccliu\AppData\Local\Temp\ccsC6XWH.debug.temp.o
LOAD C:\Users\ccliu\AppData\Local\Temp\ccseLOZ3.debug.temp.o
LOAD C:\Users\ccliu\AppData\Local\Temp\cckesRbq.debug.temp.o
LOAD C:\Users\ccliu\AppData\Local\Temp\cccehYlL.debug.temp.o
LOAD C:\Users\ccliu\AppData\Local\Temp\cc6CU6y6.debug.temp.o
LOAD C:\Users\ccliu\AppData\Local\Temp\ccaju4Ur.debug.temp.o
LOAD C:\Users\ccliu\AppData\Local\Temp\ccEatLlN.debug.temp.o
LOAD C:\Users\ccliu\AppData\Local\Temp\ccwKs8V8.debug.temp.o
LOAD C:\Users\ccliu\AppData\Local\Temp\ccIm2dBu.debug.temp.o
LOAD C:\Users\ccliu\AppData\Local\Temp\ccGf28UT.debug.temp.o
LOAD C:\Users\ccliu\AppData\Local\Temp\ccEsgydj.debug.temp.o
LOAD C:\Users\ccliu\AppData\Local\Temp\ccQ413EI.debug.temp.o
LOAD C:\Users\ccliu\AppData\Local\Temp\ccIK8sf8.debug.temp.o
LOAD C:\Users\ccliu\AppData\Local\Temp\ccE8I6Ux.debug.temp.o
LOAD C:\Users\ccliu\AppData\Local\Temp\ccOpWfzW.debug.temp.o
LOAD C:\Users\ccliu\AppData\Local\Temp\ccIMGuhl.debug.temp.o
LOAD C:\Users\ccliu\AppData\Local\Temp\cce1AjgK.debug.temp.o
LOAD C:\Users\ccliu\AppData\Local\Temp\ccYE2eo9.debug.temp.o
LOAD C:\Users\ccliu\AppData\Local\Temp\ccKrMNqx.debug.temp.o
LOAD C:\Users\ccliu\AppData\Local\Temp\ccGvsbCV.debug.temp.o
LOAD C:\Users\ccliu\AppData\Local\Temp\ccoOlKWj.debug.temp.o
LOAD C:\Users\ccliu\AppData\Local\Temp\cc2WmxtI.debug.temp.o
LOAD C:\Users\ccliu\AppData\Local\Temp\ccY0Au46.debug.temp.o
LOAD C:\Users\ccliu\AppData\Local\Temp\ccOzQJEu.debug.temp.o
LOAD C:\Users\ccliu\AppData\Local\Temp\ccSxD5nS.debug.temp.o
LOAD C:\Users\ccliu\AppData\Local\Temp\ccAwukgg.debug.temp.o
LOAD C:\Users\ccliu\AppData\Local\Temp\ccgmrggE.debug.temp.o
LOAD C:\Users\ccliu\AppData\Local\Temp\ccO5QDQ5.debug.temp.o
LOAD C:\Users\ccliu\AppData\Local\Temp\ccy9tQzx.debug.temp.o
LOAD C:\Users\ccliu\AppData\Local\Temp\ccI0r0sZ.debug.temp.o
LOAD C:\Users\ccliu\AppData\Local\Temp\ccaNCkqr.debug.temp.o
LOAD C:\Users\ccliu\AppData\Local\Temp\ccYCB6rT.debug.temp.o
LOAD C:\Users\ccliu\AppData\Local\Temp\ccE8x1wl.debug.temp.o
LOAD C:\Users\ccliu\AppData\Local\Temp\ccqjY9zM.debug.temp.o
LOAD C:\Users\ccliu\AppData\Local\Temp\ccaZWXHd.debug.temp.o
LOAD C:\Users\ccliu\AppData\Local\Temp\ccgkFrZE.debug.temp.o
LOAD C:\Users\ccliu\AppData\Local\Temp\ccMQMEl6.debug.temp.o
LOAD ./build/obj/hal.o
LOAD ./build/obj/hal_st.o
LOAD ./build/obj/hal_buffers.o
LOAD ./build/obj/hal_queues.o
LOAD ./build/obj/hal_flash.o
LOAD ./build/obj/hal_mmcsd.o
LOAD ./build/obj/hal_pal.o
LOAD ./build/obj/hal_serial.o
LOAD ./build/obj/hal_uart.o
LOAD ./build/obj/nvic.o
LOAD ./build/obj/stm32_isr.o
LOAD ./build/obj/hal_lld.o
LOAD ./build/obj/hal_efl_lld.o
LOAD ./build/obj/stm32_dma.o
LOAD ./build/obj/stm32_exti.o
LOAD ./build/obj/hal_pal_lld.o
LOAD ./build/obj/hal_st_lld.o
LOAD ./build/obj/hal_serial_lld.o
LOAD ./build/obj/hal_uart_lld.o
LOAD ./build/obj/board.o
LOAD ./build/obj/osal.o
LOAD ./build/obj/chsys.o
LOAD ./build/obj/chrfcu.o
LOAD ./build/obj/chdebug.o
LOAD ./build/obj/chtrace.o
LOAD ./build/obj/chvt.o
LOAD ./build/obj/chschd.o
LOAD ./build/obj/chinstances.o
LOAD ./build/obj/chthreads.o
LOAD ./build/obj/chtm.o
LOAD ./build/obj/chregistry.o
LOAD ./build/obj/chsem.o
LOAD ./build/obj/chmtx.o
LOAD ./build/obj/chcond.o
LOAD ./build/obj/chevents.o
LOAD ./build/obj/chmsg.o
LOAD ./build/obj/chdynamic.o
LOAD ./build/obj/chmboxes.o
LOAD ./build/obj/chmemcore.o
LOAD ./build/obj/chmemheaps.o
LOAD ./build/obj/chmempools.o
LOAD ./build/obj/chpipes.o
LOAD ./build/obj/chobjcaches.o
LOAD ./build/obj/chdelegates.o
LOAD ./build/obj/chfactory.o
LOAD ./build/obj/chcore.o
LOAD ./build/obj/chprintf.o
LOAD ./build/obj/chscanf.o
LOAD ./build/obj/memstreams.o
LOAD ./build/obj/nullstreams.o
LOAD ./build/obj/bufstreams.o
LOAD ./build/obj/shell.o
LOAD ./build/obj/shell_cmd.o
LOAD ./build/obj/minmea.o
LOAD ./build/obj/thdgps.o
LOAD ./build/obj/main.o

.mstack         0x20000000      0x400
                0x20000000                . = ALIGN (0x8)
                0x20000000                __main_stack_base__ = .
                0x20000400                . = (. + __main_stack_size__)
 *fill*         0x20000000      0x400 
                0x20000400                . = ALIGN (0x8)
                0x20000400                __main_stack_end__ = .

.pstack         0x20000400      0x400
                0x20000400                . = ALIGN (0x8)
                0x20000400                __process_stack_base__ = .
                0x20000400                __main_thread_stack_base__ = .
                0x20000800                . = (. + __process_stack_size__)
 *fill*         0x20000400      0x400 
                0x20000800                . = ALIGN (0x8)
                0x20000800                __process_stack_end__ = .
                0x20000800                __main_thread_stack_end__ = .

.vectors        0x08000000      0x1e0
 *(.vectors)
 .vectors       0x08000000      0x1e0 ./build/obj/vectors.o
                0x08000000                _vectors

.xtors          0x080001e0        0x0
                0x080001e0                __init_array_base__ = .
 *(SORT_BY_NAME(.init_array.*))
 *(.init_array)
                0x080001e0                __init_array_end__ = .
                0x080001e0                __fini_array_base__ = .
 *(.fini_array)
 *(SORT_BY_NAME(.fini_array.*))
                0x080001e0                __fini_array_end__ = .

.text           0x08000200     0x6814
                0x08000200                __text_base__ = .
 *(.text)
 .text          0x08000200       0xd8 ./build/obj/crt0_v7m.o
                0x08000200                _crt0_entry
 .text          0x080002d8        0x8 ./build/obj/vectors.o
                0x080002d8                Reset_Handler
                0x080002da                VectorE8
                0x080002da                Vector9C
                0x080002da                VectorAC
                0x080002da                DebugMon_Handler
                0x080002da                Vector1A0
                0x080002da                Vector5C
                0x080002da                Vector11C
                0x080002da                HardFault_Handler
                0x080002da                Vector1B8
                0x080002da                Vector19C
                0x080002da                Vector8C
                0x080002da                SysTick_Handler
                0x080002da                VectorDC
                0x080002da                PendSV_Handler
                0x080002da                Vector168
                0x080002da                NMI_Handler
                0x080002da                Vector110
                0x080002da                Vector1D8
                0x080002da                VectorC8
                0x080002da                Vector94
                0x080002da                VectorA8
                0x080002da                VectorB4
                0x080002da                Vector160
                0x080002da                Vector1B0
                0x080002da                UsageFault_Handler
                0x080002da                VectorEC
                0x080002da                Vector40
                0x080002da                VectorF8
                0x080002da                Vector108
                0x080002da                VectorBC
                0x080002da                Vector190
                0x080002da                Vector1C4
                0x080002da                Vector1CC
                0x080002da                Vector148
                0x080002da                Vector188
                0x080002da                Vector198
                0x080002da                Vector118
                0x080002da                Vector64
                0x080002da                Vector58
                0x080002da                VectorCC
                0x080002da                Vector54
                0x080002da                Vector98
                0x080002da                Vector138
                0x080002da                Vector24
                0x080002da                Vector1AC
                0x080002da                Vector178
                0x080002da                SecureFault_Handler
                0x080002da                Vector1A4
                0x080002da                VectorD0
                0x080002da                Vector1B4
                0x080002da                Vector140
                0x080002da                VectorE4
                0x080002da                VectorC0
                0x080002da                Vector1C0
                0x080002da                Vector134
                0x080002da                Vector1D0
                0x080002da                VectorF0
                0x080002da                Vector13C
                0x080002da                Vector100
                0x080002da                VectorE0
                0x080002da                VectorF4
                0x080002da                MemManage_Handler
                0x080002da                VectorA0
                0x080002da                VectorC4
                0x080002da                Vector180
                0x080002da                Vector90
                0x080002da                Vector114
                0x080002da                Vector164
                0x080002da                Vector60
                0x080002da                Vector1BC
                0x080002da                Vector1D4
                0x080002da                Vector17C
                0x080002da                Vector48
                0x080002da                Vector1A8
                0x080002da                Vector16C
                0x080002da                Vector4C
                0x080002da                Vector144
                0x080002da                Vector15C
                0x080002da                Vector68
                0x080002da                Vector18C
                0x080002da                Vector170
                0x080002da                Vector88
                0x080002da                Vector104
                0x080002da                Vector184
                0x080002da                Vector10C
                0x080002da                Vector14C
                0x080002da                BusFault_Handler
                0x080002da                Vector50
                0x080002da                Vector1C8
                0x080002da                Vector194
                0x080002da                Vector1DC
                0x080002da                Vector44
                0x080002da                Vector28
                0x080002da                VectorB8
                0x080002da                Vector34
                0x080002da                VectorA4
                0x080002da                Vector20
                0x080002da                Vector174
                0x080002de                _unhandled_exception
 .text          0x080002e0       0x2a ./build/obj/chcoreasm.o
                0x080002e0                __port_switch
                0x080002f0                __port_thread_start
                0x08000302                __port_switch_from_isr
                0x08000306                __port_exit_from_isr
 *fill*         0x0800030a        0x2 
 .text          0x0800030c      0x134 c:/chibistudio/tools/gnu tools arm embedded/10.3 2021.07/bin/../lib/gcc/arm-none-eabi/10.3.1/../../../../arm-none-eabi/lib/thumb/v7e-m/nofp\libg.a(lib_a-memcpy.o)
                0x0800030c                memcpy
 .text          0x08000440      0x2dc c:/chibistudio/tools/gnu tools arm embedded/10.3 2021.07/bin/../lib/gcc/arm-none-eabi/10.3.1/../../../../arm-none-eabi/lib/thumb/v7e-m/nofp\libg.a(lib_a-strcmp.o)
                0x08000448                strcmp
 *fill*         0x0800071c       0x24 
 .text          0x08000740       0xdc c:/chibistudio/tools/gnu tools arm embedded/10.3 2021.07/bin/../lib/gcc/arm-none-eabi/10.3.1/../../../../arm-none-eabi/lib/thumb/v7e-m/nofp\libg.a(lib_a-strlen.o)
                0x08000740                strlen
 .text          0x0800081c      0x378 c:/chibistudio/tools/gnu tools arm embedded/10.3 2021.07/bin/../lib/gcc/arm-none-eabi/10.3.1/thumb/v7e-m/nofp\libgcc.a(_arm_addsubdf3.o)
                0x0800081c                __aeabi_drsub
                0x08000824                __aeabi_dsub
                0x08000824                __subdf3
                0x08000828                __aeabi_dadd
                0x08000828                __adddf3
                0x08000aa0                __floatunsidf
                0x08000aa0                __aeabi_ui2d
                0x08000ac0                __floatsidf
                0x08000ac0                __aeabi_i2d
                0x08000ae4                __aeabi_f2d
                0x08000ae4                __extendsfdf2
                0x08000b28                __floatundidf
                0x08000b28                __aeabi_ul2d
                0x08000b38                __floatdidf
                0x08000b38                __aeabi_l2d
 .text          0x08000b94      0x424 c:/chibistudio/tools/gnu tools arm embedded/10.3 2021.07/bin/../lib/gcc/arm-none-eabi/10.3.1/thumb/v7e-m/nofp\libgcc.a(_arm_muldivdf3.o)
                0x08000b94                __aeabi_dmul
                0x08000b94                __muldf3
                0x08000de8                __divdf3
                0x08000de8                __aeabi_ddiv
 .text          0x08000fb8       0x50 c:/chibistudio/tools/gnu tools arm embedded/10.3 2021.07/bin/../lib/gcc/arm-none-eabi/10.3.1/thumb/v7e-m/nofp\libgcc.a(_arm_fixdfsi.o)
                0x08000fb8                __aeabi_d2iz
                0x08000fb8                __fixdfsi
 .text          0x08001008      0x21c c:/chibistudio/tools/gnu tools arm embedded/10.3 2021.07/bin/../lib/gcc/arm-none-eabi/10.3.1/thumb/v7e-m/nofp\libgcc.a(_arm_addsubsf3.o)
                0x08001008                __aeabi_frsub
                0x08001010                __subsf3
                0x08001010                __aeabi_fsub
                0x08001014                __aeabi_fadd
                0x08001014                __addsf3
                0x08001174                __aeabi_ui2f
                0x08001174                __floatunsisf
                0x0800117c                __aeabi_i2f
                0x0800117c                __floatsisf
                0x08001198                __aeabi_ul2f
                0x08001198                __floatundisf
                0x080011a8                __aeabi_l2f
                0x080011a8                __floatdisf
 .text          0x08001224      0x2a0 c:/chibistudio/tools/gnu tools arm embedded/10.3 2021.07/bin/../lib/gcc/arm-none-eabi/10.3.1/thumb/v7e-m/nofp\libgcc.a(_arm_muldivsf3.o)
                0x08001224                __mulsf3
                0x08001224                __aeabi_fmul
                0x0800138c                __aeabi_fdiv
                0x0800138c                __divsf3
 *(.text.*)
 *fill*         0x080014c4        0xc 
 .text.__cpu_init
                0x080014d0        0x4 C:\Users\ccliu\AppData\Local\Temp\ch.elf.dI97Yj.ltrans0.ltrans.o
                0x080014d0                __cpu_init
 *fill*         0x080014d4        0xc 
 .text.__late_init
                0x080014e0        0x4 C:\Users\ccliu\AppData\Local\Temp\ch.elf.dI97Yj.ltrans0.ltrans.o
                0x080014e0                __late_init
 *fill*         0x080014e4        0xc 
 .text.__default_exit
                0x080014f0        0x4 C:\Users\ccliu\AppData\Local\Temp\ch.elf.dI97Yj.ltrans0.ltrans.o
                0x080014f0                __default_exit
 *fill*         0x080014f4        0xc 
 .text.__init_ram_areas
                0x08001500       0x68 C:\Users\ccliu\AppData\Local\Temp\ch.elf.dI97Yj.ltrans0.ltrans.o
                0x08001500                __init_ram_areas
 *fill*         0x08001568        0x8 
 .text.osalInit
                0x08001570        0x4 C:\Users\ccliu\AppData\Local\Temp\ch.elf.dI97Yj.ltrans0.ltrans.o
 *fill*         0x08001574        0xc 
 .text.halInit  0x08001580       0x24 C:\Users\ccliu\AppData\Local\Temp\ch.elf.dI97Yj.ltrans0.ltrans.o
 *fill*         0x080015a4        0xc 
 .text.st_lld_get_counter
                0x080015b0        0xc C:\Users\ccliu\AppData\Local\Temp\ch.elf.dI97Yj.ltrans0.ltrans.o
 *fill*         0x080015bc        0x4 
 .text.st_lld_start_alarm
                0x080015c0       0x24 C:\Users\ccliu\AppData\Local\Temp\ch.elf.dI97Yj.ltrans0.ltrans.o
 *fill*         0x080015e4        0xc 
 .text.st_lld_stop_alarm
                0x080015f0        0xc C:\Users\ccliu\AppData\Local\Temp\ch.elf.dI97Yj.ltrans0.ltrans.o
 *fill*         0x080015fc        0x4 
 .text.st_lld_set_alarm
                0x08001600       0x14 C:\Users\ccliu\AppData\Local\Temp\ch.elf.dI97Yj.ltrans0.ltrans.o
 *fill*         0x08001614        0xc 
 .text.stInit   0x08001620        0xc C:\Users\ccliu\AppData\Local\Temp\ch.elf.dI97Yj.ltrans0.ltrans.o
 *fill*         0x0800162c        0x4 
 .text.stGetCounter
                0x08001630        0xc C:\Users\ccliu\AppData\Local\Temp\ch.elf.dI97Yj.ltrans0.ltrans.o
 *fill*         0x0800163c        0x4 
 .text.stStartAlarm
                0x08001640       0x14 C:\Users\ccliu\AppData\Local\Temp\ch.elf.dI97Yj.ltrans0.ltrans.o
 *fill*         0x08001654        0xc 
 .text.stStopAlarm
                0x08001660        0xc C:\Users\ccliu\AppData\Local\Temp\ch.elf.dI97Yj.ltrans0.ltrans.o
 *fill*         0x0800166c        0x4 
 .text.stSetAlarm
                0x08001670       0x14 C:\Users\ccliu\AppData\Local\Temp\ch.elf.dI97Yj.ltrans0.ltrans.o
 *fill*         0x08001684        0xc 
 .text.ch_queue_init.lto_priv.1
                0x08001690       0x18 C:\Users\ccliu\AppData\Local\Temp\ch.elf.dI97Yj.ltrans0.ltrans.o
 *fill*         0x080016a8        0x8 
 .text.chSysLock.lto_priv.1
                0x080016b0       0x18 C:\Users\ccliu\AppData\Local\Temp\ch.elf.dI97Yj.ltrans0.ltrans.o
 *fill*         0x080016c8        0x8 
 .text.chSysUnlock.lto_priv.1
                0x080016d0       0x18 C:\Users\ccliu\AppData\Local\Temp\ch.elf.dI97Yj.ltrans0.ltrans.o
 *fill*         0x080016e8        0x8 
 .text.chThdQueueObjectInit.lto_priv.1
                0x080016f0       0x18 C:\Users\ccliu\AppData\Local\Temp\ch.elf.dI97Yj.ltrans0.ltrans.o
 *fill*         0x08001708        0x8 
 .text.osalSysLock.lto_priv.1
                0x08001710        0xc C:\Users\ccliu\AppData\Local\Temp\ch.elf.dI97Yj.ltrans0.ltrans.o
 *fill*         0x0800171c        0x4 
 .text.osalSysUnlock.lto_priv.1
                0x08001720        0xc C:\Users\ccliu\AppData\Local\Temp\ch.elf.dI97Yj.ltrans0.ltrans.o
 *fill*         0x0800172c        0x4 
 .text.osalThreadQueueObjectInit.lto_priv.1
                0x08001730       0x14 C:\Users\ccliu\AppData\Local\Temp\ch.elf.dI97Yj.ltrans0.ltrans.o
 *fill*         0x08001744        0xc 
 .text.osalThreadEnqueueTimeoutS.lto_priv.1
                0x08001750       0x1c C:\Users\ccliu\AppData\Local\Temp\ch.elf.dI97Yj.ltrans0.ltrans.o
 *fill*         0x0800176c        0x4 
 .text.osalThreadDequeueNextI.lto_priv.1
                0x08001770       0x18 C:\Users\ccliu\AppData\Local\Temp\ch.elf.dI97Yj.ltrans0.ltrans.o
 *fill*         0x08001788        0x8 
 .text.iq_read  0x08001790       0xb8 C:\Users\ccliu\AppData\Local\Temp\ch.elf.dI97Yj.ltrans0.ltrans.o
 *fill*         0x08001848        0x8 
 .text.oq_write
                0x08001850       0xb8 C:\Users\ccliu\AppData\Local\Temp\ch.elf.dI97Yj.ltrans0.ltrans.o
 *fill*         0x08001908        0x8 
 .text.iqObjectInit
                0x08001910       0x4c C:\Users\ccliu\AppData\Local\Temp\ch.elf.dI97Yj.ltrans0.ltrans.o
 *fill*         0x0800195c        0x4 
 .text.iqPutI   0x08001960       0x80 C:\Users\ccliu\AppData\Local\Temp\ch.elf.dI97Yj.ltrans0.ltrans.o
 .text.iqGetTimeout
                0x080019e0       0x80 C:\Users\ccliu\AppData\Local\Temp\ch.elf.dI97Yj.ltrans0.ltrans.o
 .text.iqReadTimeout
                0x08001a60       0x80 C:\Users\ccliu\AppData\Local\Temp\ch.elf.dI97Yj.ltrans0.ltrans.o
 .text.oqObjectInit
                0x08001ae0       0x4c C:\Users\ccliu\AppData\Local\Temp\ch.elf.dI97Yj.ltrans0.ltrans.o
 *fill*         0x08001b2c        0x4 
 .text.oqPutTimeout
                0x08001b30       0x84 C:\Users\ccliu\AppData\Local\Temp\ch.elf.dI97Yj.ltrans0.ltrans.o
 *fill*         0x08001bb4        0xc 
 .text.oqGetI   0x08001bc0       0x7c C:\Users\ccliu\AppData\Local\Temp\ch.elf.dI97Yj.ltrans0.ltrans.o
 *fill*         0x08001c3c        0x4 
 .text.oqWriteTimeout
                0x08001c40       0x80 C:\Users\ccliu\AppData\Local\Temp\ch.elf.dI97Yj.ltrans0.ltrans.o
 .text.chSysLock.lto_priv.2
                0x08001cc0       0x18 C:\Users\ccliu\AppData\Local\Temp\ch.elf.dI97Yj.ltrans0.ltrans.o
 *fill*         0x08001cd8        0x8 
 .text.chSysUnlock.lto_priv.2
                0x08001ce0       0x18 C:\Users\ccliu\AppData\Local\Temp\ch.elf.dI97Yj.ltrans0.ltrans.o
 *fill*         0x08001cf8        0x8 
 .text.chEvtObjectInit.lto_priv.0
                0x08001d00       0x10 C:\Users\ccliu\AppData\Local\Temp\ch.elf.dI97Yj.ltrans0.ltrans.o
 .text.osalSysLock.lto_priv.2
                0x08001d10        0xc C:\Users\ccliu\AppData\Local\Temp\ch.elf.dI97Yj.ltrans0.ltrans.o
 *fill*         0x08001d1c        0x4 
 .text.osalSysUnlock.lto_priv.2
                0x08001d20        0xc C:\Users\ccliu\AppData\Local\Temp\ch.elf.dI97Yj.ltrans0.ltrans.o
 *fill*         0x08001d2c        0x4 
 .text.osalEventObjectInit
                0x08001d30       0x14 C:\Users\ccliu\AppData\Local\Temp\ch.elf.dI97Yj.ltrans0.ltrans.o
 *fill*         0x08001d44        0xc 
 .text.osalEventBroadcastFlagsI.lto_priv.0
                0x08001d50       0x18 C:\Users\ccliu\AppData\Local\Temp\ch.elf.dI97Yj.ltrans0.ltrans.o
 *fill*         0x08001d68        0x8 
 .text._write   0x08001d70       0x28 C:\Users\ccliu\AppData\Local\Temp\ch.elf.dI97Yj.ltrans0.ltrans.o
 *fill*         0x08001d98        0x8 
 .text._read    0x08001da0       0x28 C:\Users\ccliu\AppData\Local\Temp\ch.elf.dI97Yj.ltrans0.ltrans.o
 *fill*         0x08001dc8        0x8 
 .text._put.lto_priv.0
                0x08001dd0       0x28 C:\Users\ccliu\AppData\Local\Temp\ch.elf.dI97Yj.ltrans0.ltrans.o
 *fill*         0x08001df8        0x8 
 .text._get.lto_priv.0
                0x08001e00       0x20 C:\Users\ccliu\AppData\Local\Temp\ch.elf.dI97Yj.ltrans0.ltrans.o
 .text._putt    0x08001e20       0x28 C:\Users\ccliu\AppData\Local\Temp\ch.elf.dI97Yj.ltrans0.ltrans.o
 *fill*         0x08001e48        0x8 
 .text._gett    0x08001e50       0x20 C:\Users\ccliu\AppData\Local\Temp\ch.elf.dI97Yj.ltrans0.ltrans.o
 .text._writet  0x08001e70       0x28 C:\Users\ccliu\AppData\Local\Temp\ch.elf.dI97Yj.ltrans0.ltrans.o
 *fill*         0x08001e98        0x8 
 .text._readt   0x08001ea0       0x28 C:\Users\ccliu\AppData\Local\Temp\ch.elf.dI97Yj.ltrans0.ltrans.o
 *fill*         0x08001ec8        0x8 
 .text._ctl     0x08001ed0       0x24 C:\Users\ccliu\AppData\Local\Temp\ch.elf.dI97Yj.ltrans0.ltrans.o
 *fill*         0x08001ef4        0xc 
 .text.sdInit   0x08001f00        0xc C:\Users\ccliu\AppData\Local\Temp\ch.elf.dI97Yj.ltrans0.ltrans.o
 *fill*         0x08001f0c        0x4 
 .text.sdObjectInit
                0x08001f10       0x5c C:\Users\ccliu\AppData\Local\Temp\ch.elf.dI97Yj.ltrans0.ltrans.o
 *fill*         0x08001f6c        0x4 
 .text.sdStart  0x08001f70       0x28 C:\Users\ccliu\AppData\Local\Temp\ch.elf.dI97Yj.ltrans0.ltrans.o
 *fill*         0x08001f98        0x8 
 .text.sdIncomingDataI
                0x08001fa0       0x4c C:\Users\ccliu\AppData\Local\Temp\ch.elf.dI97Yj.ltrans0.ltrans.o
 *fill*         0x08001fec        0x4 
 .text.uartInit
                0x08001ff0        0xc C:\Users\ccliu\AppData\Local\Temp\ch.elf.dI97Yj.ltrans0.ltrans.o
 *fill*         0x08001ffc        0x4 
 .text.uartObjectInit
                0x08002000       0x24 C:\Users\ccliu\AppData\Local\Temp\ch.elf.dI97Yj.ltrans0.ltrans.o
 *fill*         0x08002024        0xc 
 .text.nvicEnableVector
                0x08002030       0x54 C:\Users\ccliu\AppData\Local\Temp\ch.elf.dI97Yj.ltrans0.ltrans.o
 *fill*         0x08002084        0xc 
 .text.exti0_irq_init
                0x08002090        0x4 C:\Users\ccliu\AppData\Local\Temp\ch.elf.dI97Yj.ltrans0.ltrans.o
 *fill*         0x08002094        0xc 
 .text.exti1_irq_init
                0x080020a0        0x4 C:\Users\ccliu\AppData\Local\Temp\ch.elf.dI97Yj.ltrans0.ltrans.o
 *fill*         0x080020a4        0xc 
 .text.exti2_irq_init
                0x080020b0        0x4 C:\Users\ccliu\AppData\Local\Temp\ch.elf.dI97Yj.ltrans0.ltrans.o
 *fill*         0x080020b4        0xc 
 .text.exti3_irq_init
                0x080020c0        0x4 C:\Users\ccliu\AppData\Local\Temp\ch.elf.dI97Yj.ltrans0.ltrans.o
 *fill*         0x080020c4        0xc 
 .text.exti4_irq_init
                0x080020d0        0x4 C:\Users\ccliu\AppData\Local\Temp\ch.elf.dI97Yj.ltrans0.ltrans.o
 *fill*         0x080020d4        0xc 
 .text.exti5_9_irq_init
                0x080020e0        0x4 C:\Users\ccliu\AppData\Local\Temp\ch.elf.dI97Yj.ltrans0.ltrans.o
 *fill*         0x080020e4        0xc 
 .text.exti10_15_irq_init
                0x080020f0        0x4 C:\Users\ccliu\AppData\Local\Temp\ch.elf.dI97Yj.ltrans0.ltrans.o
 *fill*         0x080020f4        0xc 
 .text.exti16_irq_init
                0x08002100        0x4 C:\Users\ccliu\AppData\Local\Temp\ch.elf.dI97Yj.ltrans0.ltrans.o
 *fill*         0x08002104        0xc 
 .text.exti17_irq_init
                0x08002110        0x4 C:\Users\ccliu\AppData\Local\Temp\ch.elf.dI97Yj.ltrans0.ltrans.o
 *fill*         0x08002114        0xc 
 .text.exti18_irq_init
                0x08002120        0x4 C:\Users\ccliu\AppData\Local\Temp\ch.elf.dI97Yj.ltrans0.ltrans.o
 *fill*         0x08002124        0xc 
 .text.exti19_irq_init
                0x08002130        0x4 C:\Users\ccliu\AppData\Local\Temp\ch.elf.dI97Yj.ltrans0.ltrans.o
 *fill*         0x08002134        0xc 
 .text.exti20_irq_init
                0x08002140        0x4 C:\Users\ccliu\AppData\Local\Temp\ch.elf.dI97Yj.ltrans0.ltrans.o
 *fill*         0x08002144        0xc 
 .text.exti21_irq_init
                0x08002150        0x4 C:\Users\ccliu\AppData\Local\Temp\ch.elf.dI97Yj.ltrans0.ltrans.o
 *fill*         0x08002154        0xc 
 .text.exti22_irq_init
                0x08002160        0x4 C:\Users\ccliu\AppData\Local\Temp\ch.elf.dI97Yj.ltrans0.ltrans.o
 *fill*         0x08002164        0xc 
 .text.usart1_irq_init
                0x08002170       0x10 C:\Users\ccliu\AppData\Local\Temp\ch.elf.dI97Yj.ltrans0.ltrans.o
 .text.VectorD4
                0x08002180       0x14 C:\Users\ccliu\AppData\Local\Temp\ch.elf.dI97Yj.ltrans0.ltrans.o
                0x08002180                VectorD4
 *fill*         0x08002194        0xc 
 .text.usart2_irq_init
                0x080021a0       0x10 C:\Users\ccliu\AppData\Local\Temp\ch.elf.dI97Yj.ltrans0.ltrans.o
 .text.VectorD8
                0x080021b0       0x14 C:\Users\ccliu\AppData\Local\Temp\ch.elf.dI97Yj.ltrans0.ltrans.o
                0x080021b0                VectorD8
 *fill*         0x080021c4        0xc 
 .text.usart3_irq_init
                0x080021d0        0x4 C:\Users\ccliu\AppData\Local\Temp\ch.elf.dI97Yj.ltrans0.ltrans.o
 *fill*         0x080021d4        0xc 
 .text.uart4_irq_init
                0x080021e0        0x4 C:\Users\ccliu\AppData\Local\Temp\ch.elf.dI97Yj.ltrans0.ltrans.o
 *fill*         0x080021e4        0xc 
 .text.uart5_irq_init
                0x080021f0        0x4 C:\Users\ccliu\AppData\Local\Temp\ch.elf.dI97Yj.ltrans0.ltrans.o
 *fill*         0x080021f4        0xc 
 .text.usart6_irq_init
                0x08002200        0x4 C:\Users\ccliu\AppData\Local\Temp\ch.elf.dI97Yj.ltrans0.ltrans.o
 *fill*         0x08002204        0xc 
 .text.uart7_irq_init
                0x08002210        0x4 C:\Users\ccliu\AppData\Local\Temp\ch.elf.dI97Yj.ltrans0.ltrans.o
 *fill*         0x08002214        0xc 
 .text.uart8_irq_init
                0x08002220        0x4 C:\Users\ccliu\AppData\Local\Temp\ch.elf.dI97Yj.ltrans0.ltrans.o
 *fill*         0x08002224        0xc 
 .text.uart9_irq_init
                0x08002230        0x4 C:\Users\ccliu\AppData\Local\Temp\ch.elf.dI97Yj.ltrans0.ltrans.o
 *fill*         0x08002234        0xc 
 .text.uart10_irq_init
                0x08002240        0x4 C:\Users\ccliu\AppData\Local\Temp\ch.elf.dI97Yj.ltrans0.ltrans.o
 *fill*         0x08002244        0xc 
 .text.tim1_tim9_tim10_tim11_irq_init
                0x08002250        0x4 C:\Users\ccliu\AppData\Local\Temp\ch.elf.dI97Yj.ltrans0.ltrans.o
 *fill*         0x08002254        0xc 
 .text.tim2_irq_init
                0x08002260       0x10 C:\Users\ccliu\AppData\Local\Temp\ch.elf.dI97Yj.ltrans0.ltrans.o
 .text.VectorB0
                0x08002270       0x10 C:\Users\ccliu\AppData\Local\Temp\ch.elf.dI97Yj.ltrans0.ltrans.o
                0x08002270                VectorB0
 .text.tim3_irq_init
                0x08002280        0x4 C:\Users\ccliu\AppData\Local\Temp\ch.elf.dI97Yj.ltrans0.ltrans.o
 *fill*         0x08002284        0xc 
 .text.tim4_irq_init
                0x08002290        0x4 C:\Users\ccliu\AppData\Local\Temp\ch.elf.dI97Yj.ltrans0.ltrans.o
 *fill*         0x08002294        0xc 
 .text.tim5_irq_init
                0x080022a0        0x4 C:\Users\ccliu\AppData\Local\Temp\ch.elf.dI97Yj.ltrans0.ltrans.o
 *fill*         0x080022a4        0xc 
 .text.tim6_irq_init
                0x080022b0        0x4 C:\Users\ccliu\AppData\Local\Temp\ch.elf.dI97Yj.ltrans0.ltrans.o
 *fill*         0x080022b4        0xc 
 .text.tim7_irq_init
                0x080022c0        0x4 C:\Users\ccliu\AppData\Local\Temp\ch.elf.dI97Yj.ltrans0.ltrans.o
 *fill*         0x080022c4        0xc 
 .text.tim8_tim12_tim13_tim14_irq_init
                0x080022d0        0x4 C:\Users\ccliu\AppData\Local\Temp\ch.elf.dI97Yj.ltrans0.ltrans.o
 *fill*         0x080022d4        0xc 
 .text.irqInit  0x080022e0       0x88 C:\Users\ccliu\AppData\Local\Temp\ch.elf.dI97Yj.ltrans0.ltrans.o
 *fill*         0x08002368        0x8 
 .text.hal_lld_backup_domain_init
                0x08002370       0x40 C:\Users\ccliu\AppData\Local\Temp\ch.elf.dI97Yj.ltrans0.ltrans.o
 .text.hal_lld_init
                0x080023b0       0xa0 C:\Users\ccliu\AppData\Local\Temp\ch.elf.dI97Yj.ltrans0.ltrans.o
 .text.stm32_clock_init
                0x08002450      0x14c C:\Users\ccliu\AppData\Local\Temp\ch.elf.dI97Yj.ltrans0.ltrans.o
 *fill*         0x0800259c        0x4 
 .text.Vector6C
                0x080025a0       0x40 C:\Users\ccliu\AppData\Local\Temp\ch.elf.dI97Yj.ltrans0.ltrans.o
                0x080025a0                Vector6C
 .text.Vector70
                0x080025e0       0x44 C:\Users\ccliu\AppData\Local\Temp\ch.elf.dI97Yj.ltrans0.ltrans.o
                0x080025e0                Vector70
 *fill*         0x08002624        0xc 
 .text.Vector74
                0x08002630       0x44 C:\Users\ccliu\AppData\Local\Temp\ch.elf.dI97Yj.ltrans0.ltrans.o
                0x08002630                Vector74
 *fill*         0x08002674        0xc 
 .text.Vector78
                0x08002680       0x44 C:\Users\ccliu\AppData\Local\Temp\ch.elf.dI97Yj.ltrans0.ltrans.o
                0x08002680                Vector78
 *fill*         0x080026c4        0xc 
 .text.Vector7C
                0x080026d0       0x40 C:\Users\ccliu\AppData\Local\Temp\ch.elf.dI97Yj.ltrans0.ltrans.o
                0x080026d0                Vector7C
 .text.Vector80
                0x08002710       0x44 C:\Users\ccliu\AppData\Local\Temp\ch.elf.dI97Yj.ltrans0.ltrans.o
                0x08002710                Vector80
 *fill*         0x08002754        0xc 
 .text.Vector84
                0x08002760       0x44 C:\Users\ccliu\AppData\Local\Temp\ch.elf.dI97Yj.ltrans0.ltrans.o
                0x08002760                Vector84
 *fill*         0x080027a4        0xc 
 .text.VectorFC
                0x080027b0       0x44 C:\Users\ccliu\AppData\Local\Temp\ch.elf.dI97Yj.ltrans0.ltrans.o
                0x080027b0                VectorFC
 *fill*         0x080027f4        0xc 
 .text.Vector120
                0x08002800       0x40 C:\Users\ccliu\AppData\Local\Temp\ch.elf.dI97Yj.ltrans0.ltrans.o
                0x08002800                Vector120
 .text.Vector124
                0x08002840       0x44 C:\Users\ccliu\AppData\Local\Temp\ch.elf.dI97Yj.ltrans0.ltrans.o
                0x08002840                Vector124
 *fill*         0x08002884        0xc 
 .text.Vector128
                0x08002890       0x44 C:\Users\ccliu\AppData\Local\Temp\ch.elf.dI97Yj.ltrans0.ltrans.o
                0x08002890                Vector128
 *fill*         0x080028d4        0xc 
 .text.Vector12C
                0x080028e0       0x44 C:\Users\ccliu\AppData\Local\Temp\ch.elf.dI97Yj.ltrans0.ltrans.o
                0x080028e0                Vector12C
 *fill*         0x08002924        0xc 
 .text.Vector130
                0x08002930       0x40 C:\Users\ccliu\AppData\Local\Temp\ch.elf.dI97Yj.ltrans0.ltrans.o
                0x08002930                Vector130
 .text.Vector150
                0x08002970       0x44 C:\Users\ccliu\AppData\Local\Temp\ch.elf.dI97Yj.ltrans0.ltrans.o
                0x08002970                Vector150
 *fill*         0x080029b4        0xc 
 .text.Vector154
                0x080029c0       0x44 C:\Users\ccliu\AppData\Local\Temp\ch.elf.dI97Yj.ltrans0.ltrans.o
                0x080029c0                Vector154
 *fill*         0x08002a04        0xc 
 .text.Vector158
                0x08002a10       0x44 C:\Users\ccliu\AppData\Local\Temp\ch.elf.dI97Yj.ltrans0.ltrans.o
                0x08002a10                Vector158
 *fill*         0x08002a54        0xc 
 .text.dmaInit  0x08002a60       0x70 C:\Users\ccliu\AppData\Local\Temp\ch.elf.dI97Yj.ltrans0.ltrans.o
 .text._pal_lld_init
                0x08002ad0        0x4 C:\Users\ccliu\AppData\Local\Temp\ch.elf.dI97Yj.ltrans0.ltrans.o
 *fill*         0x08002ad4        0xc 
 .text._pal_lld_setgroupmode
                0x08002ae0      0x16c C:\Users\ccliu\AppData\Local\Temp\ch.elf.dI97Yj.ltrans0.ltrans.o
 *fill*         0x08002c4c        0x4 
 .text.chSysLockFromISR.lto_priv.0
                0x08002c50       0x18 C:\Users\ccliu\AppData\Local\Temp\ch.elf.dI97Yj.ltrans0.ltrans.o
 *fill*         0x08002c68        0x8 
 .text.chSysUnlockFromISR.lto_priv.0
                0x08002c70       0x18 C:\Users\ccliu\AppData\Local\Temp\ch.elf.dI97Yj.ltrans0.ltrans.o
 *fill*         0x08002c88        0x8 
 .text.osalSysLockFromISR.lto_priv.0
                0x08002c90        0xc C:\Users\ccliu\AppData\Local\Temp\ch.elf.dI97Yj.ltrans0.ltrans.o
 *fill*         0x08002c9c        0x4 
 .text.osalSysUnlockFromISR.lto_priv.0
                0x08002ca0        0xc C:\Users\ccliu\AppData\Local\Temp\ch.elf.dI97Yj.ltrans0.ltrans.o
 *fill*         0x08002cac        0x4 
 .text.osalOsTimerHandlerI
                0x08002cb0        0xc C:\Users\ccliu\AppData\Local\Temp\ch.elf.dI97Yj.ltrans0.ltrans.o
 *fill*         0x08002cbc        0x4 
 .text.st_lld_init
                0x08002cc0       0x78 C:\Users\ccliu\AppData\Local\Temp\ch.elf.dI97Yj.ltrans0.ltrans.o
 *fill*         0x08002d38        0x8 
 .text.st_lld_serve_interrupt
                0x08002d40       0x44 C:\Users\ccliu\AppData\Local\Temp\ch.elf.dI97Yj.ltrans0.ltrans.o
 *fill*         0x08002d84        0xc 
 .text.chSysLockFromISR.lto_priv.1
                0x08002d90       0x18 C:\Users\ccliu\AppData\Local\Temp\ch.elf.dI97Yj.ltrans0.ltrans.o
 *fill*         0x08002da8        0x8 
 .text.chSysUnlockFromISR.lto_priv.1
                0x08002db0       0x18 C:\Users\ccliu\AppData\Local\Temp\ch.elf.dI97Yj.ltrans0.ltrans.o
 *fill*         0x08002dc8        0x8 
 .text.osalSysLockFromISR.lto_priv.1
                0x08002dd0        0xc C:\Users\ccliu\AppData\Local\Temp\ch.elf.dI97Yj.ltrans0.ltrans.o
 *fill*         0x08002ddc        0x4 
 .text.osalSysUnlockFromISR.lto_priv.1
                0x08002de0        0xc C:\Users\ccliu\AppData\Local\Temp\ch.elf.dI97Yj.ltrans0.ltrans.o
 *fill*         0x08002dec        0x4 
 .text.osalEventBroadcastFlagsI.lto_priv.1
                0x08002df0       0x18 C:\Users\ccliu\AppData\Local\Temp\ch.elf.dI97Yj.ltrans0.ltrans.o
 *fill*         0x08002e08        0x8 
 .text.usart_init
                0x08002e10       0xa4 C:\Users\ccliu\AppData\Local\Temp\ch.elf.dI97Yj.ltrans0.ltrans.o
 *fill*         0x08002eb4        0xc 
 .text.set_error
                0x08002ec0       0x74 C:\Users\ccliu\AppData\Local\Temp\ch.elf.dI97Yj.ltrans0.ltrans.o
 *fill*         0x08002f34        0xc 
 .text.notify2  0x08002f40       0x1c C:\Users\ccliu\AppData\Local\Temp\ch.elf.dI97Yj.ltrans0.ltrans.o
 *fill*         0x08002f5c        0x4 
 .text.sd_lld_init
                0x08002f60       0x2c C:\Users\ccliu\AppData\Local\Temp\ch.elf.dI97Yj.ltrans0.ltrans.o
 *fill*         0x08002f8c        0x4 
 .text.sd_lld_start
                0x08002f90       0x5c C:\Users\ccliu\AppData\Local\Temp\ch.elf.dI97Yj.ltrans0.ltrans.o
 *fill*         0x08002fec        0x4 
 .text.sd_lld_serve_interrupt
                0x08002ff0      0x15c C:\Users\ccliu\AppData\Local\Temp\ch.elf.dI97Yj.ltrans0.ltrans.o
 *fill*         0x0800314c        0x4 
 .text.translate_errors
                0x08003150       0x78 C:\Users\ccliu\AppData\Local\Temp\ch.elf.dI97Yj.ltrans0.ltrans.o
 *fill*         0x080031c8        0x8 
 .text.uart_lld_init
                0x080031d0       0x3c C:\Users\ccliu\AppData\Local\Temp\ch.elf.dI97Yj.ltrans0.ltrans.o
 *fill*         0x0800320c        0x4 
 .text.uart_lld_serve_interrupt
                0x08003210       0xc4 C:\Users\ccliu\AppData\Local\Temp\ch.elf.dI97Yj.ltrans0.ltrans.o
 *fill*         0x080032d4        0xc 
 .text.gpio_init
                0x080032e0       0x44 C:\Users\ccliu\AppData\Local\Temp\ch.elf.dI97Yj.ltrans0.ltrans.o
 *fill*         0x08003324        0xc 
 .text.stm32_gpio_init
                0x08003330       0xa4 C:\Users\ccliu\AppData\Local\Temp\ch.elf.dI97Yj.ltrans0.ltrans.o
 *fill*         0x080033d4        0xc 
 .text.__early_init
                0x080033e0       0x10 C:\Users\ccliu\AppData\Local\Temp\ch.elf.dI97Yj.ltrans0.ltrans.o
                0x080033e0                __early_init
 .text.boardInit
                0x080033f0        0x4 C:\Users\ccliu\AppData\Local\Temp\ch.elf.dI97Yj.ltrans0.ltrans.o
 *fill*         0x080033f4        0xc 
 .text.__tm_calibration_object_init
                0x08003400       0x44 C:\Users\ccliu\AppData\Local\Temp\ch.elf.dI97Yj.ltrans0.ltrans.o
 *fill*         0x08003444        0xc 
 .text.chSysUnlock.lto_priv.5
                0x08003450       0x18 C:\Users\ccliu\AppData\Local\Temp\ch.elf.dI97Yj.ltrans0.ltrans.o
 *fill*         0x08003468        0x8 
 .text.__oslib_init
                0x08003470       0x14 C:\Users\ccliu\AppData\Local\Temp\ch.elf.dI97Yj.ltrans0.ltrans.o
 *fill*         0x08003484        0xc 
 .text.chSysInit
                0x08003490       0x5c C:\Users\ccliu\AppData\Local\Temp\ch.elf.dI97Yj.ltrans0.ltrans.o
 *fill*         0x080034ec        0x4 
 .text.chSysTimerHandlerI
                0x080034f0        0xc C:\Users\ccliu\AppData\Local\Temp\ch.elf.dI97Yj.ltrans0.ltrans.o
 *fill*         0x080034fc        0x4 
 .text.chRFCUCollectFaultsI
                0x08003500       0x1c C:\Users\ccliu\AppData\Local\Temp\ch.elf.dI97Yj.ltrans0.ltrans.o
 *fill*         0x0800351c        0x4 
 .text.chTimeAddX
                0x08003520       0x14 C:\Users\ccliu\AppData\Local\Temp\ch.elf.dI97Yj.ltrans0.ltrans.o
 *fill*         0x08003534        0xc 
 .text.chTimeDiffX.lto_priv.0
                0x08003540       0x14 C:\Users\ccliu\AppData\Local\Temp\ch.elf.dI97Yj.ltrans0.ltrans.o
 *fill*         0x08003554        0xc 
 .text.ch_dlist_isempty
                0x08003560       0x1c C:\Users\ccliu\AppData\Local\Temp\ch.elf.dI97Yj.ltrans0.ltrans.o
 *fill*         0x0800357c        0x4 
 .text.ch_dlist_isfirst
                0x08003580       0x1c C:\Users\ccliu\AppData\Local\Temp\ch.elf.dI97Yj.ltrans0.ltrans.o
 *fill*         0x0800359c        0x4 
 .text.ch_dlist_insert_after
                0x080035a0       0x34 C:\Users\ccliu\AppData\Local\Temp\ch.elf.dI97Yj.ltrans0.ltrans.o
 *fill*         0x080035d4        0xc 
 .text.ch_dlist_insert_before
                0x080035e0       0x34 C:\Users\ccliu\AppData\Local\Temp\ch.elf.dI97Yj.ltrans0.ltrans.o
 *fill*         0x08003614        0xc 
 .text.ch_dlist_insert
                0x08003620       0x5c C:\Users\ccliu\AppData\Local\Temp\ch.elf.dI97Yj.ltrans0.ltrans.o
 *fill*         0x0800367c        0x4 
 .text.ch_dlist_remove_first
                0x08003680       0x24 C:\Users\ccliu\AppData\Local\Temp\ch.elf.dI97Yj.ltrans0.ltrans.o
 *fill*         0x080036a4        0xc 
 .text.ch_dlist_dequeue
                0x080036b0       0x20 C:\Users\ccliu\AppData\Local\Temp\ch.elf.dI97Yj.ltrans0.ltrans.o
 .text.port_timer_start_alarm
                0x080036d0       0x14 C:\Users\ccliu\AppData\Local\Temp\ch.elf.dI97Yj.ltrans0.ltrans.o
 *fill*         0x080036e4        0xc 
 .text.port_timer_stop_alarm
                0x080036f0        0xc C:\Users\ccliu\AppData\Local\Temp\ch.elf.dI97Yj.ltrans0.ltrans.o
 *fill*         0x080036fc        0x4 
 .text.port_timer_set_alarm
                0x08003700       0x14 C:\Users\ccliu\AppData\Local\Temp\ch.elf.dI97Yj.ltrans0.ltrans.o
 *fill*         0x08003714        0xc 
 .text.port_timer_get_time.lto_priv.0
                0x08003720        0xc C:\Users\ccliu\AppData\Local\Temp\ch.elf.dI97Yj.ltrans0.ltrans.o
 *fill*         0x0800372c        0x4 
 .text.chSysLockFromISR.lto_priv.3
                0x08003730       0x18 C:\Users\ccliu\AppData\Local\Temp\ch.elf.dI97Yj.ltrans0.ltrans.o
 *fill*         0x08003748        0x8 
 .text.chSysUnlockFromISR.lto_priv.3
                0x08003750       0x18 C:\Users\ccliu\AppData\Local\Temp\ch.elf.dI97Yj.ltrans0.ltrans.o
 *fill*         0x08003768        0x8 
 .text.chVTGetSystemTimeX.lto_priv.0
                0x08003770        0xc C:\Users\ccliu\AppData\Local\Temp\ch.elf.dI97Yj.ltrans0.ltrans.o
 *fill*         0x0800377c        0x4 
 .text.vt_insert_first
                0x08003780       0x44 C:\Users\ccliu\AppData\Local\Temp\ch.elf.dI97Yj.ltrans0.ltrans.o
 *fill*         0x080037c4        0xc 
 .text.vt_enqueue
                0x080037d0       0x8c C:\Users\ccliu\AppData\Local\Temp\ch.elf.dI97Yj.ltrans0.ltrans.o
 *fill*         0x0800385c        0x4 
 .text.chVTDoSetI
                0x08003860       0x40 C:\Users\ccliu\AppData\Local\Temp\ch.elf.dI97Yj.ltrans0.ltrans.o
 .text.chVTDoResetI
                0x080038a0       0xe4 C:\Users\ccliu\AppData\Local\Temp\ch.elf.dI97Yj.ltrans0.ltrans.o
 *fill*         0x08003984        0xc 
 .text.chVTDoTickI
                0x08003990      0x168 C:\Users\ccliu\AppData\Local\Temp\ch.elf.dI97Yj.ltrans0.ltrans.o
 *fill*         0x08003af8        0x8 
 .text.ch_queue_dequeue.lto_priv.0
                0x08003b00       0x20 C:\Users\ccliu\AppData\Local\Temp\ch.elf.dI97Yj.ltrans0.ltrans.o
 .text.ch_pqueue_remove_highest
                0x08003b20       0x24 C:\Users\ccliu\AppData\Local\Temp\ch.elf.dI97Yj.ltrans0.ltrans.o
 *fill*         0x08003b44        0xc 
 .text.ch_pqueue_insert_behind
                0x08003b50       0x48 C:\Users\ccliu\AppData\Local\Temp\ch.elf.dI97Yj.ltrans0.ltrans.o
 *fill*         0x08003b98        0x8 
 .text.ch_pqueue_insert_ahead
                0x08003ba0       0x48 C:\Users\ccliu\AppData\Local\Temp\ch.elf.dI97Yj.ltrans0.ltrans.o
 *fill*         0x08003be8        0x8 
 .text.chSysLockFromISR.lto_priv.4
                0x08003bf0       0x18 C:\Users\ccliu\AppData\Local\Temp\ch.elf.dI97Yj.ltrans0.ltrans.o
 *fill*         0x08003c08        0x8 
 .text.chSysUnlockFromISR.lto_priv.4
                0x08003c10       0x18 C:\Users\ccliu\AppData\Local\Temp\ch.elf.dI97Yj.ltrans0.ltrans.o
 *fill*         0x08003c28        0x8 
 .text.chVTIsArmedI
                0x08003c30       0x18 C:\Users\ccliu\AppData\Local\Temp\ch.elf.dI97Yj.ltrans0.ltrans.o
 *fill*         0x08003c48        0x8 
 .text.chSemFastSignalI.lto_priv.0
                0x08003c50       0x14 C:\Users\ccliu\AppData\Local\Temp\ch.elf.dI97Yj.ltrans0.ltrans.o
 *fill*         0x08003c64        0xc 
 .text.__sch_ready_behind
                0x08003c70       0x28 C:\Users\ccliu\AppData\Local\Temp\ch.elf.dI97Yj.ltrans0.ltrans.o
 *fill*         0x08003c98        0x8 
 .text.__sch_ready_ahead
                0x08003ca0       0x28 C:\Users\ccliu\AppData\Local\Temp\ch.elf.dI97Yj.ltrans0.ltrans.o
 *fill*         0x08003cc8        0x8 
 .text.__sch_wakeup
                0x08003cd0       0x80 C:\Users\ccliu\AppData\Local\Temp\ch.elf.dI97Yj.ltrans0.ltrans.o
 .text.chSchReadyI
                0x08003d50       0x18 C:\Users\ccliu\AppData\Local\Temp\ch.elf.dI97Yj.ltrans0.ltrans.o
 *fill*         0x08003d68        0x8 
 .text.chSchGoSleepS
                0x08003d70       0x4c C:\Users\ccliu\AppData\Local\Temp\ch.elf.dI97Yj.ltrans0.ltrans.o
 *fill*         0x08003dbc        0x4 
 .text.chSchGoSleepTimeoutS
                0x08003dc0       0x6c C:\Users\ccliu\AppData\Local\Temp\ch.elf.dI97Yj.ltrans0.ltrans.o
 *fill*         0x08003e2c        0x4 
 .text.chSchWakeupS
                0x08003e30       0x60 C:\Users\ccliu\AppData\Local\Temp\ch.elf.dI97Yj.ltrans0.ltrans.o
 .text.chSchIsPreemptionRequired
                0x08003e90       0x34 C:\Users\ccliu\AppData\Local\Temp\ch.elf.dI97Yj.ltrans0.ltrans.o
 *fill*         0x08003ec4        0xc 
 .text.chSchDoPreemption
                0x08003ed0       0x44 C:\Users\ccliu\AppData\Local\Temp\ch.elf.dI97Yj.ltrans0.ltrans.o
                0x08003ed0                chSchDoPreemption
 *fill*         0x08003f14        0xc 
 .text.__rfcu_object_init
                0x08003f20       0x10 C:\Users\ccliu\AppData\Local\Temp\ch.elf.dI97Yj.ltrans0.ltrans.o
 .text.__dbg_object_init
                0x08003f30       0x10 C:\Users\ccliu\AppData\Local\Temp\ch.elf.dI97Yj.ltrans0.ltrans.o
 .text.ch_queue_init.lto_priv.2
                0x08003f40       0x18 C:\Users\ccliu\AppData\Local\Temp\ch.elf.dI97Yj.ltrans0.ltrans.o
 *fill*         0x08003f58        0x8 
 .text.ch_pqueue_init
                0x08003f60       0x1c C:\Users\ccliu\AppData\Local\Temp\ch.elf.dI97Yj.ltrans0.ltrans.o
 *fill*         0x08003f7c        0x4 
 .text.ch_dlist_init
                0x08003f80       0x20 C:\Users\ccliu\AppData\Local\Temp\ch.elf.dI97Yj.ltrans0.ltrans.o
 .text.port_timer_get_time.lto_priv.1
                0x08003fa0        0xc C:\Users\ccliu\AppData\Local\Temp\ch.elf.dI97Yj.ltrans0.ltrans.o
 *fill*         0x08003fac        0x4 
 .text.chVTGetSystemTimeX.lto_priv.1
                0x08003fb0        0xc C:\Users\ccliu\AppData\Local\Temp\ch.elf.dI97Yj.ltrans0.ltrans.o
 *fill*         0x08003fbc        0x4 
 .text.__vt_object_init
                0x08003fc0       0x2c C:\Users\ccliu\AppData\Local\Temp\ch.elf.dI97Yj.ltrans0.ltrans.o
 *fill*         0x08003fec        0x4 
 .text.__reg_object_init
                0x08003ff0       0x18 C:\Users\ccliu\AppData\Local\Temp\ch.elf.dI97Yj.ltrans0.ltrans.o
 *fill*         0x08004008        0x8 
 .text.__idle_thread
                0x08004010        0x8 C:\Users\ccliu\AppData\Local\Temp\ch.elf.dI97Yj.ltrans0.ltrans.o
 *fill*         0x08004018        0x8 
 .text.chInstanceObjectInit
                0x08004020       0xc0 C:\Users\ccliu\AppData\Local\Temp\ch.elf.dI97Yj.ltrans0.ltrans.o
 .text.ch_list_init
                0x080040e0       0x10 C:\Users\ccliu\AppData\Local\Temp\ch.elf.dI97Yj.ltrans0.ltrans.o
 .text.ch_list_notempty
                0x080040f0       0x1c C:\Users\ccliu\AppData\Local\Temp\ch.elf.dI97Yj.ltrans0.ltrans.o
 *fill*         0x0800410c        0x4 
 .text.ch_list_unlink
                0x08004110       0x1c C:\Users\ccliu\AppData\Local\Temp\ch.elf.dI97Yj.ltrans0.ltrans.o
 *fill*         0x0800412c        0x4 
 .text.ch_queue_init.lto_priv.3
                0x08004130       0x18 C:\Users\ccliu\AppData\Local\Temp\ch.elf.dI97Yj.ltrans0.ltrans.o
 *fill*         0x08004148        0x8 
 .text.ch_queue_notempty.lto_priv.0
                0x08004150       0x1c C:\Users\ccliu\AppData\Local\Temp\ch.elf.dI97Yj.ltrans0.ltrans.o
 *fill*         0x0800416c        0x4 
 .text.ch_queue_insert.lto_priv.0
                0x08004170       0x28 C:\Users\ccliu\AppData\Local\Temp\ch.elf.dI97Yj.ltrans0.ltrans.o
 *fill*         0x08004198        0x8 
 .text.ch_queue_fifo_remove.lto_priv.0
                0x080041a0       0x24 C:\Users\ccliu\AppData\Local\Temp\ch.elf.dI97Yj.ltrans0.ltrans.o
 *fill*         0x080041c4        0xc 
 .text.ch_queue_dequeue.lto_priv.1
                0x080041d0       0x20 C:\Users\ccliu\AppData\Local\Temp\ch.elf.dI97Yj.ltrans0.ltrans.o
 .text.chSysLock.lto_priv.6
                0x080041f0       0x18 C:\Users\ccliu\AppData\Local\Temp\ch.elf.dI97Yj.ltrans0.ltrans.o
 *fill*         0x08004208        0x8 
 .text.chSysUnlock.lto_priv.6
                0x08004210       0x18 C:\Users\ccliu\AppData\Local\Temp\ch.elf.dI97Yj.ltrans0.ltrans.o
 *fill*         0x08004228        0x8 
 .text.chThdGetSelfX.lto_priv.0
                0x08004230        0xc C:\Users\ccliu\AppData\Local\Temp\ch.elf.dI97Yj.ltrans0.ltrans.o
 *fill*         0x0800423c        0x4 
 .text.chThdSleepS
                0x08004240       0x18 C:\Users\ccliu\AppData\Local\Temp\ch.elf.dI97Yj.ltrans0.ltrans.o
 *fill*         0x08004258        0x8 
 .text.chThdDoDequeueNextI
                0x08004260       0x28 C:\Users\ccliu\AppData\Local\Temp\ch.elf.dI97Yj.ltrans0.ltrans.o
 *fill*         0x08004288        0x8 
 .text.__thd_object_init
                0x08004290       0x78 C:\Users\ccliu\AppData\Local\Temp\ch.elf.dI97Yj.ltrans0.ltrans.o
 *fill*         0x08004308        0x8 
 .text.chThdCreateSuspendedI
                0x08004310       0x60 C:\Users\ccliu\AppData\Local\Temp\ch.elf.dI97Yj.ltrans0.ltrans.o
 .text.chThdCreateI
                0x08004370       0x20 C:\Users\ccliu\AppData\Local\Temp\ch.elf.dI97Yj.ltrans0.ltrans.o
 .text.chThdCreateStatic
                0x08004390       0x78 C:\Users\ccliu\AppData\Local\Temp\ch.elf.dI97Yj.ltrans0.ltrans.o
 *fill*         0x08004408        0x8 
 .text.chThdExit
                0x08004410       0x18 C:\Users\ccliu\AppData\Local\Temp\ch.elf.dI97Yj.ltrans0.ltrans.o
                0x08004410                chThdExit
 *fill*         0x08004428        0x8 
 .text.chThdExitS
                0x08004430       0x7c C:\Users\ccliu\AppData\Local\Temp\ch.elf.dI97Yj.ltrans0.ltrans.o
 *fill*         0x080044ac        0x4 
 .text.chThdSleep
                0x080044b0       0x1c C:\Users\ccliu\AppData\Local\Temp\ch.elf.dI97Yj.ltrans0.ltrans.o
 *fill*         0x080044cc        0x4 
 .text.chThdEnqueueTimeoutS
                0x080044d0       0x40 C:\Users\ccliu\AppData\Local\Temp\ch.elf.dI97Yj.ltrans0.ltrans.o
 .text.chThdDequeueNextI
                0x08004510       0x28 C:\Users\ccliu\AppData\Local\Temp\ch.elf.dI97Yj.ltrans0.ltrans.o
 *fill*         0x08004538        0x8 
 .text.tm_stop  0x08004540       0x70 C:\Users\ccliu\AppData\Local\Temp\ch.elf.dI97Yj.ltrans0.ltrans.o
 .text.chTMObjectInit
                0x080045b0       0x34 C:\Users\ccliu\AppData\Local\Temp\ch.elf.dI97Yj.ltrans0.ltrans.o
 *fill*         0x080045e4        0xc 
 .text.chTMStartMeasurementX
                0x080045f0       0x18 C:\Users\ccliu\AppData\Local\Temp\ch.elf.dI97Yj.ltrans0.ltrans.o
 *fill*         0x08004608        0x8 
 .text.chTMStopMeasurementX
                0x08004610       0x28 C:\Users\ccliu\AppData\Local\Temp\ch.elf.dI97Yj.ltrans0.ltrans.o
 *fill*         0x08004638        0x8 
 .text.ch_queue_init.lto_priv.5
                0x08004640       0x18 C:\Users\ccliu\AppData\Local\Temp\ch.elf.dI97Yj.ltrans0.ltrans.o
 *fill*         0x08004658        0x8 
 .text.chMtxObjectInit
                0x08004660       0x1c C:\Users\ccliu\AppData\Local\Temp\ch.elf.dI97Yj.ltrans0.ltrans.o
 *fill*         0x0800467c        0x4 
 .text.chEvtSignalI
                0x08004680       0x5c C:\Users\ccliu\AppData\Local\Temp\ch.elf.dI97Yj.ltrans0.ltrans.o
 *fill*         0x080046dc        0x4 
 .text.chEvtBroadcastFlagsI
                0x080046e0       0x58 C:\Users\ccliu\AppData\Local\Temp\ch.elf.dI97Yj.ltrans0.ltrans.o
 *fill*         0x08004738        0x8 
 .text.chSysLock.lto_priv.15
                0x08004740       0x18 C:\Users\ccliu\AppData\Local\Temp\ch.elf.dI97Yj.ltrans0.ltrans.o
 *fill*         0x08004758        0x8 
 .text.chSysUnlock.lto_priv.15
                0x08004760       0x18 C:\Users\ccliu\AppData\Local\Temp\ch.elf.dI97Yj.ltrans0.ltrans.o
 *fill*         0x08004778        0x8 
 .text.__core_init
                0x08004780       0x1c C:\Users\ccliu\AppData\Local\Temp\ch.elf.dI97Yj.ltrans0.ltrans.o
 *fill*         0x0800479c        0x4 
 .text.chCoreAllocFromTopI
                0x080047a0       0x50 C:\Users\ccliu\AppData\Local\Temp\ch.elf.dI97Yj.ltrans0.ltrans.o
 .text.chCoreAllocFromTop
                0x080047f0       0x28 C:\Users\ccliu\AppData\Local\Temp\ch.elf.dI97Yj.ltrans0.ltrans.o
 *fill*         0x08004818        0x8 
 .text.__heap_init
                0x08004820       0x2c C:\Users\ccliu\AppData\Local\Temp\ch.elf.dI97Yj.ltrans0.ltrans.o
 *fill*         0x0800484c        0x4 
 .text.chPoolObjectInitAligned
                0x08004850       0x28 C:\Users\ccliu\AppData\Local\Temp\ch.elf.dI97Yj.ltrans0.ltrans.o
 *fill*         0x08004878        0x8 
 .text.chCoreAllocAlignedI
                0x08004880       0x1c C:\Users\ccliu\AppData\Local\Temp\ch.elf.dI97Yj.ltrans0.ltrans.o
 *fill*         0x0800489c        0x4 
 .text.chPoolObjectInit
                0x080048a0       0x20 C:\Users\ccliu\AppData\Local\Temp\ch.elf.dI97Yj.ltrans0.ltrans.o
 .text.dyn_list_init
                0x080048c0       0x10 C:\Users\ccliu\AppData\Local\Temp\ch.elf.dI97Yj.ltrans0.ltrans.o
 .text.__factory_init
                0x080048d0       0x6c C:\Users\ccliu\AppData\Local\Temp\ch.elf.dI97Yj.ltrans0.ltrans.o
 *fill*         0x0800493c        0x4 
 .text.__NVIC_SetPriorityGrouping
                0x08004940       0x40 C:\Users\ccliu\AppData\Local\Temp\ch.elf.dI97Yj.ltrans0.ltrans.o
 .text.__NVIC_SetPriority
                0x08004980       0x50 C:\Users\ccliu\AppData\Local\Temp\ch.elf.dI97Yj.ltrans0.ltrans.o
 .text.SVC_Handler
                0x080049d0       0x34 C:\Users\ccliu\AppData\Local\Temp\ch.elf.dI97Yj.ltrans0.ltrans.o
                0x080049d0                SVC_Handler
 *fill*         0x08004a04        0xc 
 .text.port_init
                0x08004a10       0x5c C:\Users\ccliu\AppData\Local\Temp\ch.elf.dI97Yj.ltrans0.ltrans.o
 *fill*         0x08004a6c        0x4 
 .text.__port_irq_epilogue
                0x08004a70       0x84 C:\Users\ccliu\AppData\Local\Temp\ch.elf.dI97Yj.ltrans0.ltrans.o
 *fill*         0x08004af4        0xc 
 .text.long_to_string_with_divisor
                0x08004b00       0xa0 C:\Users\ccliu\AppData\Local\Temp\ch.elf.dI97Yj.ltrans0.ltrans.o
 .text.ch_ltoa  0x08004ba0       0x20 C:\Users\ccliu\AppData\Local\Temp\ch.elf.dI97Yj.ltrans0.ltrans.o
 .text.chvprintf
                0x08004bc0      0x4d0 C:\Users\ccliu\AppData\Local\Temp\ch.elf.dI97Yj.ltrans0.ltrans.o
 .text.chprintf
                0x08005090       0x28 C:\Users\ccliu\AppData\Local\Temp\ch.elf.dI97Yj.ltrans0.ltrans.o
 *fill*         0x080050b8        0x8 
 .text.conversion
                0x080050c0       0xc4 C:\Users\ccliu\AppData\Local\Temp\ch.elf.dI97Yj.ltrans0.ltrans.o
 *fill*         0x08005184        0xc 
 .text.hex2int  0x08005190       0x5c C:\Users\ccliu\AppData\Local\Temp\ch.elf.dI97Yj.ltrans0.ltrans.o
 *fill*         0x080051ec        0x4 
 .text.minmea_check
                0x080051f0      0x114 C:\Users\ccliu\AppData\Local\Temp\ch.elf.dI97Yj.ltrans0.ltrans.o
 *fill*         0x08005304        0xc 
 .text.minmea_isfield
                0x08005310       0x44 C:\Users\ccliu\AppData\Local\Temp\ch.elf.dI97Yj.ltrans0.ltrans.o
 *fill*         0x08005354        0xc 
 .text.minmea_scan
                0x08005360      0x704 C:\Users\ccliu\AppData\Local\Temp\ch.elf.dI97Yj.ltrans0.ltrans.o
 *fill*         0x08005a64        0xc 
 .text.minmea_sentence_id
                0x08005a70      0x12c C:\Users\ccliu\AppData\Local\Temp\ch.elf.dI97Yj.ltrans0.ltrans.o
 *fill*         0x08005b9c        0x4 
 .text.minmea_parse_rmc
                0x08005ba0       0xc8 C:\Users\ccliu\AppData\Local\Temp\ch.elf.dI97Yj.ltrans0.ltrans.o
 *fill*         0x08005c68        0x8 
 .text.minmea_parse_gga
                0x08005c70       0xd4 C:\Users\ccliu\AppData\Local\Temp\ch.elf.dI97Yj.ltrans0.ltrans.o
 *fill*         0x08005d44        0xc 
 .text.minmea_parse_gll
                0x08005d50       0x90 C:\Users\ccliu\AppData\Local\Temp\ch.elf.dI97Yj.ltrans0.ltrans.o
 .text.minmea_parse_gst
                0x08005de0       0x80 C:\Users\ccliu\AppData\Local\Temp\ch.elf.dI97Yj.ltrans0.ltrans.o
 .text.minmea_parse_gsv
                0x08005e60      0x118 C:\Users\ccliu\AppData\Local\Temp\ch.elf.dI97Yj.ltrans0.ltrans.o
 *fill*         0x08005f78        0x8 
 .text.minmea_parse_vtg
                0x08005f80       0xb0 C:\Users\ccliu\AppData\Local\Temp\ch.elf.dI97Yj.ltrans0.ltrans.o
 .text.minmea_parse_zda
                0x08006030       0x94 C:\Users\ccliu\AppData\Local\Temp\ch.elf.dI97Yj.ltrans0.ltrans.o
 *fill*         0x080060c4        0xc 
 .text.chRegSetThreadName.lto_priv.1
                0x080060d0       0x18 C:\Users\ccliu\AppData\Local\Temp\ch.elf.dI97Yj.ltrans0.ltrans.o
 *fill*         0x080060e8        0x8 
 .text.minmea_rescale
                0x080060f0       0x88 C:\Users\ccliu\AppData\Local\Temp\ch.elf.dI97Yj.ltrans0.ltrans.o
 *fill*         0x08006178        0x8 
 .text.minmea_tofloat
                0x08006180       0x40 C:\Users\ccliu\AppData\Local\Temp\ch.elf.dI97Yj.ltrans0.ltrans.o
 .text.minmea_tocoord
                0x080061c0       0x84 C:\Users\ccliu\AppData\Local\Temp\ch.elf.dI97Yj.ltrans0.ltrans.o
 *fill*         0x08006244        0xc 
 .text.thdGps   0x08006250      0x560 C:\Users\ccliu\AppData\Local\Temp\ch.elf.dI97Yj.ltrans0.ltrans.o
 .text.chRegSetThreadName.lto_priv.2
                0x080067b0       0x18 C:\Users\ccliu\AppData\Local\Temp\ch.elf.dI97Yj.ltrans0.ltrans.o
 *fill*         0x080067c8        0x8 
 .text.thdBlinker
                0x080067d0       0x1c C:\Users\ccliu\AppData\Local\Temp\ch.elf.dI97Yj.ltrans0.ltrans.o
 *fill*         0x080067ec        0x4 
 .text.main     0x080067f0       0x4c C:\Users\ccliu\AppData\Local\Temp\ch.elf.dI97Yj.ltrans0.ltrans.o
                0x080067f0                main
 .text._strtol_l.part.0
                0x0800683c      0x120 c:/chibistudio/tools/gnu tools arm embedded/10.3 2021.07/bin/../lib/gcc/arm-none-eabi/10.3.1/../../../../arm-none-eabi/lib/thumb/v7e-m/nofp\libg.a(lib_a-strtol.o)
 .text.strtol   0x0800695c       0x2c c:/chibistudio/tools/gnu tools arm embedded/10.3 2021.07/bin/../lib/gcc/arm-none-eabi/10.3.1/../../../../arm-none-eabi/lib/thumb/v7e-m/nofp\libg.a(lib_a-strtol.o)
                0x0800695c                strtol
 .text.__errno  0x08006988        0xc c:/chibistudio/tools/gnu tools arm embedded/10.3 2021.07/bin/../lib/gcc/arm-none-eabi/10.3.1/../../../../arm-none-eabi/lib/thumb/v7e-m/nofp\libg.a(lib_a-errno.o)
                0x08006988                __errno
 .text.strncmp  0x08006994       0x80 c:/chibistudio/tools/gnu tools arm embedded/10.3 2021.07/bin/../lib/gcc/arm-none-eabi/10.3.1/../../../../arm-none-eabi/lib/thumb/v7e-m/nofp\libg.a(lib_a-strncmp.o)
                0x08006994                strncmp
 *(.glue_7t)
 .glue_7t       0x08006a14        0x0 linker stubs
 *(.glue_7)
 .glue_7        0x08006a14        0x0 linker stubs
 *(.gcc*)
                0x08006a14                __text_end__ = .

.vfp11_veneer   0x08006a14        0x0
 .vfp11_veneer  0x08006a14        0x0 linker stubs

.v4_bx          0x08006a14        0x0
 .v4_bx         0x08006a14        0x0 linker stubs

.iplt           0x08006a14        0x0
 .iplt          0x08006a14        0x0 ./build/obj/crt0_v7m.o

.rodata         0x08006a14      0x9dc
                0x08006a14                __rodata_base__ = .
 *(.rodata)
 *(.rodata.*)
 .rodata.ram_areas
                0x08006a14       0x80 C:\Users\ccliu\AppData\Local\Temp\ch.elf.dI97Yj.ltrans0.ltrans.o
 .rodata.vmt.lto_priv.0
                0x08006a94       0x28 C:\Users\ccliu\AppData\Local\Temp\ch.elf.dI97Yj.ltrans0.ltrans.o
 .rodata._stm32_dma_streams
                0x08006abc       0xc0 C:\Users\ccliu\AppData\Local\Temp\ch.elf.dI97Yj.ltrans0.ltrans.o
 .rodata.default_config
                0x08006b7c        0xc C:\Users\ccliu\AppData\Local\Temp\ch.elf.dI97Yj.ltrans0.ltrans.o
 .rodata.gpio_default_config
                0x08006b88       0xa8 C:\Users\ccliu\AppData\Local\Temp\ch.elf.dI97Yj.ltrans0.ltrans.o
 .rodata.str1.4
                0x08006c30       0x96 C:\Users\ccliu\AppData\Local\Temp\ch.elf.dI97Yj.ltrans0.ltrans.o
 *fill*         0x08006cc6        0x2 
 .rodata.ch_core0_cfg
                0x08006cc8       0x14 C:\Users\ccliu\AppData\Local\Temp\ch.elf.dI97Yj.ltrans0.ltrans.o
 .rodata.chInstanceObjectInit.str1.4
                0x08006cdc        0x5 C:\Users\ccliu\AppData\Local\Temp\ch.elf.dI97Yj.ltrans0.ltrans.o
 *fill*         0x08006ce1        0x3 
 .rodata.chThdCreateStatic.str1.4
                0x08006ce4        0x7 C:\Users\ccliu\AppData\Local\Temp\ch.elf.dI97Yj.ltrans0.ltrans.o
 *fill*         0x08006ceb        0x1 
 .rodata.ch_debug
                0x08006cec       0x16 C:\Users\ccliu\AppData\Local\Temp\ch.elf.dI97Yj.ltrans0.ltrans.o
 *fill*         0x08006d02        0x2 
 .rodata.chvprintf.str1.4
                0x08006d04        0x7 C:\Users\ccliu\AppData\Local\Temp\ch.elf.dI97Yj.ltrans0.ltrans.o
 *fill*         0x08006d0b        0x1 
 .rodata.shellThread.str1.4
                0x08006d0c       0x71 C:\Users\ccliu\AppData\Local\Temp\ch.elf.dI97Yj.ltrans0.ltrans.o
                                 0x75 (size before relaxing)
 *fill*         0x08006d7d        0x3 
 .rodata.minmea_check.str1.4
                0x08006d80        0x2 C:\Users\ccliu\AppData\Local\Temp\ch.elf.dI97Yj.ltrans0.ltrans.o
 *fill*         0x08006d82        0x2 
 .rodata.minmea_talker_id.str1.4
                0x08006d84        0x2 C:\Users\ccliu\AppData\Local\Temp\ch.elf.dI97Yj.ltrans0.ltrans.o
 *fill*         0x08006d86        0x2 
 .rodata.minmea_sentence_id.str1.4
                0x08006d88       0x20 C:\Users\ccliu\AppData\Local\Temp\ch.elf.dI97Yj.ltrans0.ltrans.o
 .rodata.minmea_parse_rmc.str1.4
                0x08006da8        0xd C:\Users\ccliu\AppData\Local\Temp\ch.elf.dI97Yj.ltrans0.ltrans.o
 *fill*         0x08006db5        0x3 
 .rodata.minmea_parse_gga.str1.4
                0x08006db8       0x10 C:\Users\ccliu\AppData\Local\Temp\ch.elf.dI97Yj.ltrans0.ltrans.o
 .rodata.minmea_parse_gll.str1.4
                0x08006dc8        0xa C:\Users\ccliu\AppData\Local\Temp\ch.elf.dI97Yj.ltrans0.ltrans.o
 *fill*         0x08006dd2        0x2 
 .rodata.minmea_parse_gst.str1.4
                0x08006dd4        0xa C:\Users\ccliu\AppData\Local\Temp\ch.elf.dI97Yj.ltrans0.ltrans.o
 *fill*         0x08006dde        0x2 
 .rodata.minmea_parse_gsv.str1.4
                0x08006de0       0x16 C:\Users\ccliu\AppData\Local\Temp\ch.elf.dI97Yj.ltrans0.ltrans.o
 *fill*         0x08006df6        0x2 
 .rodata.minmea_parse_vtg.str1.4
                0x08006df8        0xc C:\Users\ccliu\AppData\Local\Temp\ch.elf.dI97Yj.ltrans0.ltrans.o
 .rodata.minmea_parse_zda.str1.4
                0x08006e04        0x8 C:\Users\ccliu\AppData\Local\Temp\ch.elf.dI97Yj.ltrans0.ltrans.o
 .rodata.thdGps.str1.4
                0x08006e0c      0x4d5 C:\Users\ccliu\AppData\Local\Temp\ch.elf.dI97Yj.ltrans0.ltrans.o
 *fill*         0x080072e1        0x3 
 .rodata.thdBlinker.str1.4
                0x080072e4        0x8 C:\Users\ccliu\AppData\Local\Temp\ch.elf.dI97Yj.ltrans0.ltrans.o
 .rodata._ctype_
                0x080072ec      0x101 c:/chibistudio/tools/gnu tools arm embedded/10.3 2021.07/bin/../lib/gcc/arm-none-eabi/10.3.1/../../../../arm-none-eabi/lib/thumb/v7e-m/nofp\libg.a(lib_a-ctype_.o)
                0x080072ec                _ctype_
                0x080073f0                . = ALIGN (0x4)
 *fill*         0x080073ed        0x3 
                0x080073f0                __rodata_end__ = .

.rel.dyn        0x080073f0        0x0
 .rel.iplt      0x080073f0        0x0 ./build/obj/crt0_v7m.o

.ARM.extab
 *(.ARM.extab* .gnu.linkonce.armextab.*)

.ARM.exidx      0x080073f0        0x0
                0x080073f0                __exidx_base__ = .
                0x080073f0                __exidx_start = .
 *(.ARM.exidx* .gnu.linkonce.armexidx.*)
                0x080073f0                __exidx_end__ = .
                0x080073f0                __exidx_end = .

.eh_frame_hdr
 *(.eh_frame_hdr)

.eh_frame
 *(.eh_frame)

.data           0x20000800      0x480 load address 0x080073f0
                [!provide]                PROVIDE (_textdata = LOADADDR (.data))
                [!provide]                PROVIDE (_data = .)
                0x080073f0                __textdata_base__ = LOADADDR (.data)
                0x20000800                __data_base__ = .
 *(.data)
 *(.data.*)
 .data.line     0x20000800       0x50 C:\Users\ccliu\AppData\Local\Temp\ch.elf.dI97Yj.ltrans0.ltrans.o
 .data.chp2     0x20000850        0x4 C:\Users\ccliu\AppData\Local\Temp\ch.elf.dI97Yj.ltrans0.ltrans.o
 .data._impure_ptr
                0x20000854        0x4 c:/chibistudio/tools/gnu tools arm embedded/10.3 2021.07/bin/../lib/gcc/arm-none-eabi/10.3.1/../../../../arm-none-eabi/lib/thumb/v7e-m/nofp\libg.a(lib_a-impure.o)
                0x20000854                _impure_ptr
 .data.impure_data
                0x20000858      0x428 c:/chibistudio/tools/gnu tools arm embedded/10.3 2021.07/bin/../lib/gcc/arm-none-eabi/10.3.1/../../../../arm-none-eabi/lib/thumb/v7e-m/nofp\libg.a(lib_a-impure.o)
 *(.ramtext)
                0x20000c80                . = ALIGN (0x4)
                [!provide]                PROVIDE (_edata = .)
                0x20000c80                __data_end__ = .

.igot.plt       0x20000c80        0x0 load address 0x08007870
 .igot.plt      0x20000c80        0x0 ./build/obj/crt0_v7m.o

.bss            0x20000c80      0xa10 load address 0x08007870
                0x20000c80                __bss_base__ = .
 *(.bss)
 *(.bss.*)
 .bss.dma       0x20000c80       0x84 C:\Users\ccliu\AppData\Local\Temp\ch.elf.dI97Yj.ltrans0.ltrans.o
 .bss.SD2       0x20000d04       0x80 C:\Users\ccliu\AppData\Local\Temp\ch.elf.dI97Yj.ltrans0.ltrans.o
 .bss.UARTD1    0x20000d84       0x24 C:\Users\ccliu\AppData\Local\Temp\ch.elf.dI97Yj.ltrans0.ltrans.o
 .bss.ch_system
                0x20000da8        0xc C:\Users\ccliu\AppData\Local\Temp\ch.elf.dI97Yj.ltrans0.ltrans.o
 *fill*         0x20000db4        0x4 
 .bss.ch0       0x20000db8       0x88 C:\Users\ccliu\AppData\Local\Temp\ch.elf.dI97Yj.ltrans0.ltrans.o
 .bss.ch_c0_idle_thread_wa
                0x20000e40      0x100 C:\Users\ccliu\AppData\Local\Temp\ch.elf.dI97Yj.ltrans0.ltrans.o
 .bss.ch_memcore
                0x20000f40        0x8 C:\Users\ccliu\AppData\Local\Temp\ch.elf.dI97Yj.ltrans0.ltrans.o
 .bss.default_heap
                0x20000f48       0x1c C:\Users\ccliu\AppData\Local\Temp\ch.elf.dI97Yj.ltrans0.ltrans.o
 .bss.ch_factory
                0x20000f64       0x48 C:\Users\ccliu\AppData\Local\Temp\ch.elf.dI97Yj.ltrans0.ltrans.o
 *fill*         0x20000fac        0x4 
 .bss.waBlinker
                0x20000fb0      0x1f0 C:\Users\ccliu\AppData\Local\Temp\ch.elf.dI97Yj.ltrans0.ltrans.o
 .bss.waGps     0x200011a0      0x4f0 C:\Users\ccliu\AppData\Local\Temp\ch.elf.dI97Yj.ltrans0.ltrans.o
 *(COMMON)
                0x20001690                . = ALIGN (0x4)
                0x20001690                __bss_end__ = .
                [!provide]                PROVIDE (end = .)
                0x20000000                __ram0_base__ = ORIGIN (ram0)
                0x00018000                __ram0_size__ = LENGTH (ram0)
                0x20018000                __ram0_end__ = (__ram0_base__ + __ram0_size__)
                0x00000000                __ram1_base__ = ORIGIN (ram1)
                0x00000000                __ram1_size__ = LENGTH (ram1)
                0x00000000                __ram1_end__ = (__ram1_base__ + __ram1_size__)
                0x00000000                __ram2_base__ = ORIGIN (ram2)
                0x00000000                __ram2_size__ = LENGTH (ram2)
                0x00000000                __ram2_end__ = (__ram2_base__ + __ram2_size__)
                0x00000000                __ram3_base__ = ORIGIN (ram3)
                0x00000000                __ram3_size__ = LENGTH (ram3)
                0x00000000                __ram3_end__ = (__ram3_base__ + __ram3_size__)
                0x00000000                __ram4_base__ = ORIGIN (ram4)
                0x00000000                __ram4_size__ = LENGTH (ram4)
                0x00000000                __ram4_end__ = (__ram4_base__ + __ram4_size__)
                0x00000000                __ram5_base__ = ORIGIN (ram5)
                0x00000000                __ram5_size__ = LENGTH (ram5)
                0x00000000                __ram5_end__ = (__ram5_base__ + __ram5_size__)
                0x00000000                __ram6_base__ = ORIGIN (ram6)
                0x00000000                __ram6_size__ = LENGTH (ram6)
                0x00000000                __ram6_end__ = (__ram6_base__ + __ram6_size__)
                0x00000000                __ram7_base__ = ORIGIN (ram7)
                0x00000000                __ram7_size__ = LENGTH (ram7)
                0x00000000                __ram7_end__ = (__ram7_base__ + __ram7_size__)
                0x08000000                __flash0_base__ = ORIGIN (flash0)
                0x00080000                __flash0_size__ = LENGTH (flash0)
                0x08080000                __flash0_end__ = (__flash0_base__ + __flash0_size__)
                0x00000000                __flash1_base__ = ORIGIN (flash1)
                0x00000000                __flash1_size__ = LENGTH (flash1)
                0x00000000                __flash1_end__ = (__flash1_base__ + __flash1_size__)
                0x00000000                __flash2_base__ = ORIGIN (flash2)
                0x00000000                __flash2_size__ = LENGTH (flash2)
                0x00000000                __flash2_end__ = (__flash2_base__ + __flash2_size__)
                0x00000000                __flash3_base__ = ORIGIN (flash3)
                0x00000000                __flash3_size__ = LENGTH (flash3)
                0x00000000                __flash3_end__ = (__flash3_base__ + __flash3_size__)
                0x00000000                __flash4_base__ = ORIGIN (flash4)
                0x00000000                __flash4_size__ = LENGTH (flash4)
                0x00000000                __flash4_end__ = (__flash4_base__ + __flash4_size__)
                0x00000000                __flash5_base__ = ORIGIN (flash5)
                0x00000000                __flash5_size__ = LENGTH (flash5)
                0x00000000                __flash5_end__ = (__flash5_base__ + __flash5_size__)
                0x00000000                __flash6_base__ = ORIGIN (flash6)
                0x00000000                __flash6_size__ = LENGTH (flash6)
                0x00000000                __flash6_end__ = (__flash6_base__ + __flash6_size__)
                0x00000000                __flash7_base__ = ORIGIN (flash7)
                0x00000000                __flash7_size__ = LENGTH (flash7)
                0x00000000                __flash7_end__ = (__flash7_base__ + __flash7_size__)

.ram0_init      0x20001690        0x0 load address 0x08007870
                0x08007870                __ram0_init_text__ = LOADADDR (.ram0_init)
                0x20001690                __ram0_init__ = .
 *(.ram0_init)
 *(.ram0_init.*)
                0x20001690                . = ALIGN (0x4)

.ram0           0x20001690        0x0 load address 0x08007870
                0x20001690                __ram0_clear__ = .
 *(.ram0_clear)
 *(.ram0_clear.*)
                0x20001690                . = ALIGN (0x4)
                0x20001690                __ram0_noinit__ = .
 *(.ram0)
 *(.ram0.*)
                0x20001690                . = ALIGN (0x4)
                0x20001690                __ram0_free__ = .

.ram1_init      0x00000000        0x0 load address 0x08007870
                0x08007870                __ram1_init_text__ = LOADADDR (.ram1_init)
                0x00000000                __ram1_init__ = .
 *(.ram1_init)
 *(.ram1_init.*)
                0x00000000                . = ALIGN (0x4)

.ram1           0x00000000        0x0 load address 0x08007870
                0x00000000                __ram1_clear__ = .
 *(.ram1_clear)
 *(.ram1_clear.*)
                0x00000000                . = ALIGN (0x4)
                0x00000000                __ram1_noinit__ = .
 *(.ram1)
 *(.ram1.*)
                0x00000000                . = ALIGN (0x4)
                0x00000000                __ram1_free__ = .

.ram2_init      0x00000000        0x0 load address 0x08007870
                0x08007870                __ram2_init_text__ = LOADADDR (.ram2_init)
                0x00000000                __ram2_init__ = .
 *(.ram2_init)
 *(.ram2_init.*)
                0x00000000                . = ALIGN (0x4)

.ram2           0x00000000        0x0 load address 0x08007870
                0x00000000                __ram2_clear__ = .
 *(.ram2_clear)
 *(.ram2_clear.*)
                0x00000000                . = ALIGN (0x4)
                0x00000000                __ram2_noinit__ = .
 *(.ram2)
 *(.ram2.*)
                0x00000000                . = ALIGN (0x4)
                0x00000000                __ram2_free__ = .

.ram3_init      0x00000000        0x0 load address 0x08007870
                0x08007870                __ram3_init_text__ = LOADADDR (.ram3_init)
                0x00000000                __ram3_init__ = .
 *(.ram3_init)
 *(.ram3_init.*)
                0x00000000                . = ALIGN (0x4)

.ram3           0x00000000        0x0 load address 0x08007870
                0x00000000                __ram3_clear__ = .
 *(.ram3_clear)
 *(.ram3_clear.*)
                0x00000000                . = ALIGN (0x4)
                0x00000000                __ram3_noinit__ = .
 *(.ram3)
 *(.ram3.*)
                0x00000000                . = ALIGN (0x4)
                0x00000000                __ram3_free__ = .

.ram4_init      0x00000000        0x0 load address 0x08007870
                0x08007870                __ram4_init_text__ = LOADADDR (.ram4_init)
                0x00000000                __ram4_init__ = .
 *(.ram4_init)
 *(.ram4_init.*)
                0x00000000                . = ALIGN (0x4)

.ram4           0x00000000        0x0 load address 0x08007870
                0x00000000                __ram4_clear__ = .
 *(.ram4_clear)
 *(.ram4_clear.*)
                0x00000000                . = ALIGN (0x4)
                0x00000000                __ram4_noinit__ = .
 *(.ram4)
 *(.ram4.*)
                0x00000000                . = ALIGN (0x4)
                0x00000000                __ram4_free__ = .

.ram5_init      0x00000000        0x0 load address 0x08007870
                0x08007870                __ram5_init_text__ = LOADADDR (.ram5_init)
                0x00000000                __ram5_init__ = .
 *(.ram5_init)
 *(.ram5_init.*)
                0x00000000                . = ALIGN (0x4)

.ram5           0x00000000        0x0 load address 0x08007870
                0x00000000                __ram5_clear__ = .
 *(.ram5_clear)
 *(.ram5_clear.*)
                0x00000000                . = ALIGN (0x4)
                0x00000000                __ram5_noinit__ = .
 *(.ram5)
 *(.ram5.*)
                0x00000000                . = ALIGN (0x4)
                0x00000000                __ram5_free__ = .

.ram6_init      0x00000000        0x0 load address 0x08007870
                0x08007870                __ram6_init_text__ = LOADADDR (.ram6_init)
                0x00000000                __ram6_init__ = .
 *(.ram6_init)
 *(.ram6_init.*)
                0x00000000                . = ALIGN (0x4)

.ram6           0x00000000        0x0 load address 0x08007870
                0x00000000                __ram6_clear__ = .
 *(.ram6_clear)
 *(.ram6_clear.*)
                0x00000000                . = ALIGN (0x4)
                0x00000000                __ram6_noinit__ = .
 *(.ram6)
 *(.ram6.*)
                0x00000000                . = ALIGN (0x4)
                0x00000000                __ram6_free__ = .

.ram7_init      0x00000000        0x0 load address 0x08007870
                0x08007870                __ram7_init_text__ = LOADADDR (.ram7_init)
                0x00000000                __ram7_init__ = .
 *(.ram7_init)
 *(.ram7_init.*)
                0x00000000                . = ALIGN (0x4)

.ram7           0x00000000        0x0 load address 0x08007870
                0x00000000                __ram7_clear__ = .
 *(.ram7_clear)
 *(.ram7_clear.*)
                0x00000000                . = ALIGN (0x4)
                0x00000000                __ram7_noinit__ = .
 *(.ram7)
 *(.ram7.*)
                0x00000000                . = ALIGN (0x4)
                0x00000000                __ram7_free__ = .

.flash0         0x08007870        0x0
                0x08007870                __flash0_init__ = .
 *(.flash0_init)
 *(.flash0_init.*)
                0x08007870                __flash0_free__ = .

.flash1         0x00000000        0x0
                0x00000000                __flash1_init__ = .
 *(.flash1_init)
 *(.flash1_init.*)
                0x00000000                __flash1_free__ = .

.flash2         0x00000000        0x0
                0x00000000                __flash2_init__ = .
 *(.flash2_init)
 *(.flash2_init.*)
                0x00000000                __flash2_free__ = .

.flash3         0x00000000        0x0
                0x00000000                __flash3_init__ = .
 *(.flash3_init)
 *(.flash3_init.*)
                0x00000000                __flash3_free__ = .

.flash4         0x00000000        0x0
                0x00000000                __flash4_init__ = .
 *(.flash4_init)
 *(.flash4_init.*)
                0x00000000                __flash4_free__ = .

.flash5         0x00000000        0x0
                0x00000000                __flash5_init__ = .
 *(.flash5_init)
 *(.flash5_init.*)
                0x00000000                __flash5_free__ = .

.flash6         0x00000000        0x0
                0x00000000                __flash6_init__ = .
 *(.flash6_init)
 *(.flash6_init.*)
                0x00000000                __flash6_free__ = .

.flash7         0x00000000        0x0
                0x00000000                __flash7_init__ = .
 *(.flash7_init)
 *(.flash7_init.*)
                0x00000000                __flash7_free__ = .

.heap           0x20001690    0x16970
                0x20001690                . = ALIGN (0x8)
                0x20001690                __heap_base__ = .
                0x20018000                . = (ORIGIN (HEAP_RAM) + LENGTH (HEAP_RAM))
 *fill*         0x20001690    0x16970 
                0x20018000                __heap_end__ = .
                0x00000400                __process_stack_size__ = 0x400
                0x00000400                __main_stack_size__ = 0x400
START GROUP
LOAD c:/chibistudio/tools/gnu tools arm embedded/10.3 2021.07/bin/../lib/gcc/arm-none-eabi/10.3.1/thumb/v7e-m/nofp\libgcc.a
LOAD c:/chibistudio/tools/gnu tools arm embedded/10.3 2021.07/bin/../lib/gcc/arm-none-eabi/10.3.1/../../../../arm-none-eabi/lib/thumb/v7e-m/nofp\libg.a
LOAD c:/chibistudio/tools/gnu tools arm embedded/10.3 2021.07/bin/../lib/gcc/arm-none-eabi/10.3.1/../../../../arm-none-eabi/lib/thumb/v7e-m/nofp\libc.a
END GROUP
OUTPUT(build/ch.elf elf32-littlearm)
LOAD linker stubs

.ARM.attributes
                0x00000000       0x2f
 .ARM.attributes
                0x00000000       0x21 ./build/obj/crt0_v7m.o
 .ARM.attributes
                0x00000021       0x21 ./build/obj/vectors.o
 .ARM.attributes
                0x00000042       0x21 ./build/obj/chcoreasm.o
 .ARM.attributes
                0x00000063       0x2c C:\Users\ccliu\AppData\Local\Temp\ch.elf.dI97Yj.ltrans0.ltrans.o
 .ARM.attributes
                0x0000008f       0x2e c:/chibistudio/tools/gnu tools arm embedded/10.3 2021.07/bin/../lib/gcc/arm-none-eabi/10.3.1/../../../../arm-none-eabi/lib/thumb/v7e-m/nofp\libg.a(lib_a-ctype_.o)
 .ARM.attributes
                0x000000bd       0x2e c:/chibistudio/tools/gnu tools arm embedded/10.3 2021.07/bin/../lib/gcc/arm-none-eabi/10.3.1/../../../../arm-none-eabi/lib/thumb/v7e-m/nofp\libg.a(lib_a-strtol.o)
 .ARM.attributes
                0x000000eb       0x2e c:/chibistudio/tools/gnu tools arm embedded/10.3 2021.07/bin/../lib/gcc/arm-none-eabi/10.3.1/../../../../arm-none-eabi/lib/thumb/v7e-m/nofp\libg.a(lib_a-errno.o)
 .ARM.attributes
                0x00000119       0x2e c:/chibistudio/tools/gnu tools arm embedded/10.3 2021.07/bin/../lib/gcc/arm-none-eabi/10.3.1/../../../../arm-none-eabi/lib/thumb/v7e-m/nofp\libg.a(lib_a-impure.o)
 .ARM.attributes
                0x00000147       0x1c c:/chibistudio/tools/gnu tools arm embedded/10.3 2021.07/bin/../lib/gcc/arm-none-eabi/10.3.1/../../../../arm-none-eabi/lib/thumb/v7e-m/nofp\libg.a(lib_a-memcpy.o)
 .ARM.attributes
                0x00000163       0x1c c:/chibistudio/tools/gnu tools arm embedded/10.3 2021.07/bin/../lib/gcc/arm-none-eabi/10.3.1/../../../../arm-none-eabi/lib/thumb/v7e-m/nofp\libg.a(lib_a-strcmp.o)
 .ARM.attributes
                0x0000017f       0x1c c:/chibistudio/tools/gnu tools arm embedded/10.3 2021.07/bin/../lib/gcc/arm-none-eabi/10.3.1/../../../../arm-none-eabi/lib/thumb/v7e-m/nofp\libg.a(lib_a-strlen.o)
 .ARM.attributes
                0x0000019b       0x2e c:/chibistudio/tools/gnu tools arm embedded/10.3 2021.07/bin/../lib/gcc/arm-none-eabi/10.3.1/../../../../arm-none-eabi/lib/thumb/v7e-m/nofp\libg.a(lib_a-strncmp.o)
 .ARM.attributes
                0x000001c9       0x1e c:/chibistudio/tools/gnu tools arm embedded/10.3 2021.07/bin/../lib/gcc/arm-none-eabi/10.3.1/thumb/v7e-m/nofp\libgcc.a(_arm_addsubdf3.o)
 .ARM.attributes
                0x000001e7       0x1e c:/chibistudio/tools/gnu tools arm embedded/10.3 2021.07/bin/../lib/gcc/arm-none-eabi/10.3.1/thumb/v7e-m/nofp\libgcc.a(_arm_muldivdf3.o)
 .ARM.attributes
                0x00000205       0x1e c:/chibistudio/tools/gnu tools arm embedded/10.3 2021.07/bin/../lib/gcc/arm-none-eabi/10.3.1/thumb/v7e-m/nofp\libgcc.a(_arm_fixdfsi.o)
 .ARM.attributes
                0x00000223       0x1e c:/chibistudio/tools/gnu tools arm embedded/10.3 2021.07/bin/../lib/gcc/arm-none-eabi/10.3.1/thumb/v7e-m/nofp\libgcc.a(_arm_addsubsf3.o)
 .ARM.attributes
                0x00000241       0x1e c:/chibistudio/tools/gnu tools arm embedded/10.3 2021.07/bin/../lib/gcc/arm-none-eabi/10.3.1/thumb/v7e-m/nofp\libgcc.a(_arm_muldivsf3.o)

.comment        0x00000000       0x49
 .comment       0x00000000       0x49 C:\Users\ccliu\AppData\Local\Temp\ch.elf.dI97Yj.ltrans0.ltrans.o
                                 0x4a (size before relaxing)

.debug_line     0x00000000    0x11264
 .debug_line    0x00000000       0xcd ./build/obj/crt0_v7m.o
 .debug_line    0x000000cd       0x77 ./build/obj/vectors.o
 .debug_line    0x00000144       0x8b ./build/obj/chcoreasm.o
 .debug_line    0x000001cf     0x905e C:\Users\ccliu\AppData\Local\Temp\ch.elf.dI97Yj.ltrans0.ltrans.o
 .debug_line    0x0000922d      0x12b C:\Users\ccliu\AppData\Local\Temp\cce7bvyN.debug.temp.o
 .debug_line    0x00009358       0x71 C:\Users\ccliu\AppData\Local\Temp\ccS1zNr7.debug.temp.o
 .debug_line    0x000093c9      0x1bb C:\Users\ccliu\AppData\Local\Temp\ccqrZnkq.debug.temp.o
 .debug_line    0x00009584      0x2c7 C:\Users\ccliu\AppData\Local\Temp\ccgOEphJ.debug.temp.o
 .debug_line    0x0000984b      0x2c5 C:\Users\ccliu\AppData\Local\Temp\ccgsggn2.debug.temp.o
 .debug_line    0x00009b10      0x206 C:\Users\ccliu\AppData\Local\Temp\cckwEBrl.debug.temp.o
 .debug_line    0x00009d16      0x1ea C:\Users\ccliu\AppData\Local\Temp\cckyLpWX.debug.temp.o
 .debug_line    0x00009f00      0x3bd C:\Users\ccliu\AppData\Local\Temp\ccEGjJOk.debug.temp.o
 .debug_line    0x0000a2bd      0x339 C:\Users\ccliu\AppData\Local\Temp\ccCX71QH.debug.temp.o
 .debug_line    0x0000a5f6      0x163 C:\Users\ccliu\AppData\Local\Temp\cckktqX4.debug.temp.o
 .debug_line    0x0000a759      0x6b3 C:\Users\ccliu\AppData\Local\Temp\ccOV1Zcs.debug.temp.o
 .debug_line    0x0000ae0c      0x1bb C:\Users\ccliu\AppData\Local\Temp\ccelpgAP.debug.temp.o
 .debug_line    0x0000afc7      0x244 C:\Users\ccliu\AppData\Local\Temp\ccSvKomy.debug.temp.o
 .debug_line    0x0000b20b      0x14a C:\Users\ccliu\AppData\Local\Temp\ccMOHcAh.debug.temp.o
 .debug_line    0x0000b355      0x277 C:\Users\ccliu\AppData\Local\Temp\ccOLUpqE.debug.temp.o
 .debug_line    0x0000b5cc      0x3a5 C:\Users\ccliu\AppData\Local\Temp\ccKBdHa0.debug.temp.o
 .debug_line    0x0000b971      0x27d C:\Users\ccliu\AppData\Local\Temp\cc2ukqZl.debug.temp.o
 .debug_line    0x0000bbee      0x1a2 C:\Users\ccliu\AppData\Local\Temp\ccsC6XWH.debug.temp.o
 .debug_line    0x0000bd90      0x2ff C:\Users\ccliu\AppData\Local\Temp\cckesRbq.debug.temp.o
 .debug_line    0x0000c08f      0x20c C:\Users\ccliu\AppData\Local\Temp\cccehYlL.debug.temp.o
 .debug_line    0x0000c29b      0x28f C:\Users\ccliu\AppData\Local\Temp\ccEatLlN.debug.temp.o
 .debug_line    0x0000c52a      0x25b C:\Users\ccliu\AppData\Local\Temp\ccwKs8V8.debug.temp.o
 .debug_line    0x0000c785      0x27a C:\Users\ccliu\AppData\Local\Temp\ccIm2dBu.debug.temp.o
 .debug_line    0x0000c9ff      0x30d C:\Users\ccliu\AppData\Local\Temp\ccGf28UT.debug.temp.o
 .debug_line    0x0000cd0c      0x258 C:\Users\ccliu\AppData\Local\Temp\ccEsgydj.debug.temp.o
 .debug_line    0x0000cf64      0x2de C:\Users\ccliu\AppData\Local\Temp\ccQ413EI.debug.temp.o
 .debug_line    0x0000d242      0x25f C:\Users\ccliu\AppData\Local\Temp\ccIK8sf8.debug.temp.o
 .debug_line    0x0000d4a1      0x26b C:\Users\ccliu\AppData\Local\Temp\ccE8I6Ux.debug.temp.o
 .debug_line    0x0000d70c      0x278 C:\Users\ccliu\AppData\Local\Temp\ccOpWfzW.debug.temp.o
 .debug_line    0x0000d984      0x270 C:\Users\ccliu\AppData\Local\Temp\ccIMGuhl.debug.temp.o
 .debug_line    0x0000dbf4      0x26a C:\Users\ccliu\AppData\Local\Temp\cce1AjgK.debug.temp.o
 .debug_line    0x0000de5e      0x31e C:\Users\ccliu\AppData\Local\Temp\ccYE2eo9.debug.temp.o
 .debug_line    0x0000e17c      0x297 C:\Users\ccliu\AppData\Local\Temp\ccKrMNqx.debug.temp.o
 .debug_line    0x0000e413      0x255 C:\Users\ccliu\AppData\Local\Temp\ccGvsbCV.debug.temp.o
 .debug_line    0x0000e668      0x2b3 C:\Users\ccliu\AppData\Local\Temp\ccoOlKWj.debug.temp.o
 .debug_line    0x0000e91b      0x297 C:\Users\ccliu\AppData\Local\Temp\cc2WmxtI.debug.temp.o
 .debug_line    0x0000ebb2      0x2ee C:\Users\ccliu\AppData\Local\Temp\ccY0Au46.debug.temp.o
 .debug_line    0x0000eea0      0x27e C:\Users\ccliu\AppData\Local\Temp\ccOzQJEu.debug.temp.o
 .debug_line    0x0000f11e      0x30f C:\Users\ccliu\AppData\Local\Temp\ccSxD5nS.debug.temp.o
 .debug_line    0x0000f42d      0x2ec C:\Users\ccliu\AppData\Local\Temp\ccAwukgg.debug.temp.o
 .debug_line    0x0000f719      0x276 C:\Users\ccliu\AppData\Local\Temp\ccgmrggE.debug.temp.o
 .debug_line    0x0000f98f      0x20c C:\Users\ccliu\AppData\Local\Temp\ccO5QDQ5.debug.temp.o
 .debug_line    0x0000fb9b      0x265 C:\Users\ccliu\AppData\Local\Temp\ccy9tQzx.debug.temp.o
 .debug_line    0x0000fe00      0x1c3 C:\Users\ccliu\AppData\Local\Temp\ccI0r0sZ.debug.temp.o
 .debug_line    0x0000ffc3      0x1c5 C:\Users\ccliu\AppData\Local\Temp\ccaNCkqr.debug.temp.o
 .debug_line    0x00010188      0x1f4 C:\Users\ccliu\AppData\Local\Temp\ccYCB6rT.debug.temp.o
 .debug_line    0x0001037c      0x31d C:\Users\ccliu\AppData\Local\Temp\ccE8x1wl.debug.temp.o
 .debug_line    0x00010699      0x2e4 C:\Users\ccliu\AppData\Local\Temp\ccqjY9zM.debug.temp.o
 .debug_line    0x0001097d      0x210 C:\Users\ccliu\AppData\Local\Temp\ccaZWXHd.debug.temp.o
 .debug_line    0x00010b8d      0x46e C:\Users\ccliu\AppData\Local\Temp\ccgkFrZE.debug.temp.o
 .debug_line    0x00010ffb      0x269 C:\Users\ccliu\AppData\Local\Temp\ccMQMEl6.debug.temp.o

.debug_info     0x00000000    0x24363
 .debug_info    0x00000000       0x26 ./build/obj/crt0_v7m.o
 .debug_info    0x00000026       0x26 ./build/obj/vectors.o
 .debug_info    0x0000004c       0x26 ./build/obj/chcoreasm.o
 .debug_info    0x00000072     0x7266 C:\Users\ccliu\AppData\Local\Temp\ch.elf.dI97Yj.ltrans0.ltrans.o
 .debug_info    0x000072d8      0x2c8 C:\Users\ccliu\AppData\Local\Temp\cce7bvyN.debug.temp.o
                0x000072d8                crt1.c.5e22985d
 .debug_info    0x000075a0       0x8a C:\Users\ccliu\AppData\Local\Temp\ccS1zNr7.debug.temp.o
                0x000075a0                hal.c.9ea9c550
 .debug_info    0x0000762a      0x315 C:\Users\ccliu\AppData\Local\Temp\ccqrZnkq.debug.temp.o
                0x0000762a                hal_st.c.a8b8dd16
 .debug_info    0x0000793f      0x931 C:\Users\ccliu\AppData\Local\Temp\ccgOEphJ.debug.temp.o
                0x0000793f                hal_buffers.c.d5274676
 .debug_info    0x00008270      0x807 C:\Users\ccliu\AppData\Local\Temp\ccgsggn2.debug.temp.o
                0x00008270                hal_queues.c.c2be8f77
 .debug_info    0x00008a77      0x4c5 C:\Users\ccliu\AppData\Local\Temp\cckwEBrl.debug.temp.o
                0x00008a77                hal_flash.c.8af3e270
 .debug_info    0x00008f3c      0x2dd C:\Users\ccliu\AppData\Local\Temp\cckyLpWX.debug.temp.o
                0x00008f3c                hal_pal.c.21d3894b
 .debug_info    0x00009219     0x10d6 C:\Users\ccliu\AppData\Local\Temp\ccEGjJOk.debug.temp.o
                0x00009219                hal_serial.c.d23ccdbb
 .debug_info    0x0000a2ef      0x7e3 C:\Users\ccliu\AppData\Local\Temp\ccCX71QH.debug.temp.o
                0x0000a2ef                hal_uart.c.237a8848
 .debug_info    0x0000aad2      0x4bc C:\Users\ccliu\AppData\Local\Temp\cckktqX4.debug.temp.o
                0x0000aad2                nvic.c.00f395ed
 .debug_info    0x0000af8e     0x117f C:\Users\ccliu\AppData\Local\Temp\ccOV1Zcs.debug.temp.o
                0x0000af8e                stm32_isr.c.5ab4b6c9
 .debug_info    0x0000c10d      0x594 C:\Users\ccliu\AppData\Local\Temp\ccelpgAP.debug.temp.o
                0x0000c10d                hal_lld.c.a6fd0dc6
 .debug_info    0x0000c6a1      0x806 C:\Users\ccliu\AppData\Local\Temp\ccSvKomy.debug.temp.o
                0x0000c6a1                stm32_dma.c.10438477
 .debug_info    0x0000cea7      0x267 C:\Users\ccliu\AppData\Local\Temp\ccMOHcAh.debug.temp.o
                0x0000cea7                hal_pal_lld.c.d07ce0dc
 .debug_info    0x0000d10e      0x4f4 C:\Users\ccliu\AppData\Local\Temp\ccOLUpqE.debug.temp.o
                0x0000d10e                hal_st_lld.c.1b501a70
 .debug_info    0x0000d602     0x1056 C:\Users\ccliu\AppData\Local\Temp\ccKBdHa0.debug.temp.o
                0x0000d602                hal_serial_lld.c.229ebf40
 .debug_info    0x0000e658      0x934 C:\Users\ccliu\AppData\Local\Temp\cc2ukqZl.debug.temp.o
                0x0000e658                hal_uart_lld.c.707ca0dd
 .debug_info    0x0000ef8c      0x4b9 C:\Users\ccliu\AppData\Local\Temp\ccsC6XWH.debug.temp.o
                0x0000ef8c                board.c.ae5a2b53
 .debug_info    0x0000f445      0xd44 C:\Users\ccliu\AppData\Local\Temp\cckesRbq.debug.temp.o
                0x0000f445                chsys.c.6304a7c2
 .debug_info    0x00010189      0x790 C:\Users\ccliu\AppData\Local\Temp\cccehYlL.debug.temp.o
                0x00010189                chrfcu.c.1e5114d9
 .debug_info    0x00010919      0xd7f C:\Users\ccliu\AppData\Local\Temp\ccEatLlN.debug.temp.o
                0x00010919                chvt.c.014b474d
 .debug_info    0x00011698      0xc7c C:\Users\ccliu\AppData\Local\Temp\ccwKs8V8.debug.temp.o
                0x00011698                chschd.c.15897d9b
 .debug_info    0x00012314      0xb32 C:\Users\ccliu\AppData\Local\Temp\ccIm2dBu.debug.temp.o
                0x00012314                chinstances.c.0434e4b2
 .debug_info    0x00012e46     0x1036 C:\Users\ccliu\AppData\Local\Temp\ccGf28UT.debug.temp.o
                0x00012e46                chthreads.c.ad5a587d
 .debug_info    0x00013e7c      0xaad C:\Users\ccliu\AppData\Local\Temp\ccEsgydj.debug.temp.o