Archive member included to satisfy reference by file (symbol)

c:/chibistudio/tools/gnu tools arm embedded/10.3 2021.07/bin/../lib/gcc/arm-none-eabi/10.3.1/../../../../arm-none-eabi/lib/thumb/v7e-m/nofp\libg.a(lib_a-ctype_.o)
                              ./build/obj/chscanf.o (symbol from plugin) (_ctype_)
c:/chibistudio/tools/gnu tools arm embedded/10.3 2021.07/bin/../lib/gcc/arm-none-eabi/10.3.1/../../../../arm-none-eabi/lib/thumb/v7e-m/nofp\libg.a(lib_a-strtol.o)
                              ./build/obj/minmea.o (symbol from plugin) (strtol)
c:/chibistudio/tools/gnu tools arm embedded/10.3 2021.07/bin/../lib/gcc/arm-none-eabi/10.3.1/../../../../arm-none-eabi/lib/thumb/v7e-m/nofp\libg.a(lib_a-errno.o)
                              c:/chibistudio/tools/gnu tools arm embedded/10.3 2021.07/bin/../lib/gcc/arm-none-eabi/10.3.1/../../../../arm-none-eabi/lib/thumb/v7e-m/nofp\libg.a(lib_a-strtol.o) (__errno)
c:/chibistudio/tools/gnu tools arm embedded/10.3 2021.07/bin/../lib/gcc/arm-none-eabi/10.3.1/../../../../arm-none-eabi/lib/thumb/v7e-m/nofp\libg.a(lib_a-impure.o)
                              c:/chibistudio/tools/gnu tools arm embedded/10.3 2021.07/bin/../lib/gcc/arm-none-eabi/10.3.1/../../../../arm-none-eabi/lib/thumb/v7e-m/nofp\libg.a(lib_a-strtol.o) (_impure_ptr)
c:/chibistudio/tools/gnu tools arm embedded/10.3 2021.07/bin/../lib/gcc/arm-none-eabi/10.3.1/thumb/v7e-m/nofp\libgcc.a(_arm_addsubdf3.o)
                              C:\Users\ccliu\AppData\Local\Temp\ch.elf.vSEAII.ltrans0.ltrans.o (__aeabi_f2d)
c:/chibistudio/tools/gnu tools arm embedded/10.3 2021.07/bin/../lib/gcc/arm-none-eabi/10.3.1/thumb/v7e-m/nofp\libgcc.a(_arm_addsubsf3.o)
                              C:\Users\ccliu\AppData\Local\Temp\ch.elf.vSEAII.ltrans0.ltrans.o (__aeabi_fadd)
c:/chibistudio/tools/gnu tools arm embedded/10.3 2021.07/bin/../lib/gcc/arm-none-eabi/10.3.1/thumb/v7e-m/nofp\libgcc.a(_arm_muldivsf3.o)
                              C:\Users\ccliu\AppData\Local\Temp\ch.elf.vSEAII.ltrans0.ltrans.o (__aeabi_fdiv)
c:/chibistudio/tools/gnu tools arm embedded/10.3 2021.07/bin/../lib/gcc/arm-none-eabi/10.3.1/thumb/v7e-m/nofp\libgcc.a(_aeabi_uldivmod.o)
                              C:\Users\ccliu\AppData\Local\Temp\ch.elf.vSEAII.ltrans0.ltrans.o (__aeabi_uldivmod)
c:/chibistudio/tools/gnu tools arm embedded/10.3 2021.07/bin/../lib/gcc/arm-none-eabi/10.3.1/thumb/v7e-m/nofp\libgcc.a(_udivmoddi4.o)
                              c:/chibistudio/tools/gnu tools arm embedded/10.3 2021.07/bin/../lib/gcc/arm-none-eabi/10.3.1/thumb/v7e-m/nofp\libgcc.a(_aeabi_uldivmod.o) (__udivmoddi4)
c:/chibistudio/tools/gnu tools arm embedded/10.3 2021.07/bin/../lib/gcc/arm-none-eabi/10.3.1/thumb/v7e-m/nofp\libgcc.a(_dvmd_tls.o)
                              c:/chibistudio/tools/gnu tools arm embedded/10.3 2021.07/bin/../lib/gcc/arm-none-eabi/10.3.1/thumb/v7e-m/nofp\libgcc.a(_aeabi_uldivmod.o) (__aeabi_ldiv0)
c:/chibistudio/tools/gnu tools arm embedded/10.3 2021.07/bin/../lib/gcc/arm-none-eabi/10.3.1/../../../../arm-none-eabi/lib/thumb/v7e-m/nofp\libg.a(lib_a-memcpy.o)
                              C:\Users\ccliu\AppData\Local\Temp\ch.elf.vSEAII.ltrans0.ltrans.o (memcpy)
c:/chibistudio/tools/gnu tools arm embedded/10.3 2021.07/bin/../lib/gcc/arm-none-eabi/10.3.1/../../../../arm-none-eabi/lib/thumb/v7e-m/nofp\libg.a(lib_a-memset.o)
                              C:\Users\ccliu\AppData\Local\Temp\ch.elf.vSEAII.ltrans0.ltrans.o (memset)
c:/chibistudio/tools/gnu tools arm embedded/10.3 2021.07/bin/../lib/gcc/arm-none-eabi/10.3.1/../../../../arm-none-eabi/lib/thumb/v7e-m/nofp\libg.a(lib_a-strchr.o)
                              C:\Users\ccliu\AppData\Local\Temp\ch.elf.vSEAII.ltrans0.ltrans.o (strchr)
c:/chibistudio/tools/gnu tools arm embedded/10.3 2021.07/bin/../lib/gcc/arm-none-eabi/10.3.1/../../../../arm-none-eabi/lib/thumb/v7e-m/nofp\libg.a(lib_a-strcmp.o)
                              C:\Users\ccliu\AppData\Local\Temp\ch.elf.vSEAII.ltrans0.ltrans.o (strcmp)
c:/chibistudio/tools/gnu tools arm embedded/10.3 2021.07/bin/../lib/gcc/arm-none-eabi/10.3.1/../../../../arm-none-eabi/lib/thumb/v7e-m/nofp\libg.a(lib_a-strlen.o)
                              C:\Users\ccliu\AppData\Local\Temp\ch.elf.vSEAII.ltrans0.ltrans.o (strlen)
c:/chibistudio/tools/gnu tools arm embedded/10.3 2021.07/bin/../lib/gcc/arm-none-eabi/10.3.1/../../../../arm-none-eabi/lib/thumb/v7e-m/nofp\libg.a(lib_a-strncmp.o)
                              C:\Users\ccliu\AppData\Local\Temp\ch.elf.vSEAII.ltrans0.ltrans.o (strncmp)
c:/chibistudio/tools/gnu tools arm embedded/10.3 2021.07/bin/../lib/gcc/arm-none-eabi/10.3.1/../../../../arm-none-eabi/lib/thumb/v7e-m/nofp\libg.a(lib_a-strpbrk.o)
                              C:\Users\ccliu\AppData\Local\Temp\ch.elf.vSEAII.ltrans0.ltrans.o (strpbrk)
c:/chibistudio/tools/gnu tools arm embedded/10.3 2021.07/bin/../lib/gcc/arm-none-eabi/10.3.1/../../../../arm-none-eabi/lib/thumb/v7e-m/nofp\libg.a(lib_a-strspn.o)
[...]
Memory Configuration

Name             Origin             Length             Attributes
flash0           0x08000000         0x00080000         xr
flash1           0x00000000         0x00000000         xr
flash2           0x00000000         0x00000000         xr
flash3           0x00000000         0x00000000         xr
flash4           0x00000000         0x00000000         xr
flash5           0x00000000         0x00000000         xr
flash6           0x00000000         0x00000000         xr
flash7           0x00000000         0x00000000         xr
ram0             0x20000000         0x00018000         xw
ram1             0x00000000         0x00000000         xw
ram2             0x00000000         0x00000000         xw
ram3             0x00000000         0x00000000         xw
ram4             0x00000000         0x00000000         xw
ram5             0x00000000         0x00000000         xw
ram6             0x00000000         0x00000000         xw
ram7             0x00000000         0x00000000         xw
*default*        0x00000000         0xffffffff

Linker script and memory map

LOAD ./build/obj/crt0_v7m.o
LOAD ./build/obj/vectors.o
LOAD ./build/obj/chcoreasm.o
LOAD ./build/obj/crt1.o
LOAD C:\Users\ccliu\AppData\Local\Temp\ch.elf.vSEAII.ltrans0.ltrans.o
LOAD C:\Users\ccliu\AppData\Local\Temp\ccLdGgyd.debug.temp.o
LOAD C:\Users\ccliu\AppData\Local\Temp\ccmoL0T9.debug.temp.o
LOAD C:\Users\ccliu\AppData\Local\Temp\cc9wUSn5.debug.temp.o
LOAD C:\Users\ccliu\AppData\Local\Temp\ccEgTfW0.debug.temp.o
LOAD C:\Users\ccliu\AppData\Local\Temp\ccXJMoDW.debug.temp.o
LOAD C:\Users\ccliu\AppData\Local\Temp\ccAzuKnS.debug.temp.o
LOAD C:\Users\ccliu\AppData\Local\Temp\cc186RgO.debug.temp.o
LOAD C:\Users\ccliu\AppData\Local\Temp\ccOTBl9I.debug.temp.o
LOAD C:\Users\ccliu\AppData\Local\Temp\ccdCTHaE.debug.temp.o
LOAD C:\Users\ccliu\AppData\Local\Temp\ccwH8rgz.debug.temp.o
LOAD C:\Users\ccliu\AppData\Local\Temp\ccbeMWtu.debug.temp.o
LOAD C:\Users\ccliu\AppData\Local\Temp\ccK7mPLp.debug.temp.o
LOAD C:\Users\ccliu\AppData\Local\Temp\ccnDaV1j.debug.temp.o
LOAD C:\Users\ccliu\AppData\Local\Temp\ccWIH2re.debug.temp.o
LOAD C:\Users\ccliu\AppData\Local\Temp\ccl5DxW8.debug.temp.o
LOAD C:\Users\ccliu\AppData\Local\Temp\cc4nNIH3.debug.temp.o
LOAD C:\Users\ccliu\AppData\Local\Temp\ccH3ThxY.debug.temp.o
LOAD C:\Users\ccliu\AppData\Local\Temp\ccoXG75W.debug.temp.o
LOAD C:\Users\ccliu\AppData\Local\Temp\ccVhoYOV.debug.temp.o
LOAD C:\Users\ccliu\AppData\Local\Temp\cciphBGU.debug.temp.o
LOAD C:\Users\ccliu\AppData\Local\Temp\ccn7ZICT.debug.temp.o
LOAD C:\Users\ccliu\AppData\Local\Temp\ccuKVOvR.debug.temp.o
LOAD C:\Users\ccliu\AppData\Local\Temp\cc5OPOHP.debug.temp.o
LOAD C:\Users\ccliu\AppData\Local\Temp\cciRwH2N.debug.temp.o
LOAD C:\Users\ccliu\AppData\Local\Temp\ccRUAihL.debug.temp.o
LOAD C:\Users\ccliu\AppData\Local\Temp\ccY9RZyI.debug.temp.o
LOAD C:\Users\ccliu\AppData\Local\Temp\ccHmWzZF.debug.temp.o
LOAD C:\Users\ccliu\AppData\Local\Temp\cckWXxuD.debug.temp.o
LOAD C:\Users\ccliu\AppData\Local\Temp\ccPZax9A.debug.temp.o
LOAD C:\Users\ccliu\AppData\Local\Temp\cceqlUSy.debug.temp.o
LOAD C:\Users\ccliu\AppData\Local\Temp\ccLygvAv.debug.temp.o
LOAD C:\Users\ccliu\AppData\Local\Temp\ccA21Pps.debug.temp.o
LOAD C:\Users\ccliu\AppData\Local\Temp\ccXTOrsp.debug.temp.o
LOAD C:\Users\ccliu\AppData\Local\Temp\ccWUQXaq.debug.temp.o
LOAD C:\Users\ccliu\AppData\Local\Temp\ccdPO99q.debug.temp.o
LOAD C:\Users\ccliu\AppData\Local\Temp\cc6Gzeis.debug.temp.o
LOAD C:\Users\ccliu\AppData\Local\Temp\ccTVhHut.debug.temp.o
LOAD C:\Users\ccliu\AppData\Local\Temp\cc2lSvGt.debug.temp.o
LOAD C:\Users\ccliu\AppData\Local\Temp\ccNJfd1t.debug.temp.o
LOAD C:\Users\ccliu\AppData\Local\Temp\ccmRxGuu.debug.temp.o
LOAD C:\Users\ccliu\AppData\Local\Temp\cchqeU5u.debug.temp.o
LOAD C:\Users\ccliu\AppData\Local\Temp\ccgB7kFu.debug.temp.o
LOAD C:\Users\ccliu\AppData\Local\Temp\ccl5AGou.debug.temp.o
LOAD C:\Users\ccliu\AppData\Local\Temp\ccCrnNpu.debug.temp.o
LOAD C:\Users\ccliu\AppData\Local\Temp\ccdSW0Kt.debug.temp.o
LOAD C:\Users\ccliu\AppData\Local\Temp\ccYrgXdt.debug.temp.o
LOAD C:\Users\ccliu\AppData\Local\Temp\ccbOZphw.debug.temp.o
LOAD C:\Users\ccliu\AppData\Local\Temp\cceXUEtz.debug.temp.o
LOAD C:\Users\ccliu\AppData\Local\Temp\cc9pwhKC.debug.temp.o
LOAD C:\Users\ccliu\AppData\Local\Temp\ccWmjVaG.debug.temp.o
LOAD C:\Users\ccliu\AppData\Local\Temp\ccDG3WFJ.debug.temp.o
LOAD C:\Users\ccliu\AppData\Local\Temp\ccqFhc9L.debug.temp.o
LOAD C:\Users\ccliu\AppData\Local\Temp\ccBauJOO.debug.temp.o
LOAD C:\Users\ccliu\AppData\Local\Temp\ccsTM3MR.debug.temp.o
LOAD C:\Users\ccliu\AppData\Local\Temp\ccjEwZNT.debug.temp.o
LOAD C:\Users\ccliu\AppData\Local\Temp\cc2apW9V.debug.temp.o
LOAD C:\Users\ccliu\AppData\Local\Temp\ccVADpBY.debug.temp.o
LOAD ./build/obj/hal.o
LOAD ./build/obj/hal_st.o
LOAD ./build/obj/hal_buffers.o
LOAD ./build/obj/hal_queues.o
LOAD ./build/obj/hal_flash.o
LOAD ./build/obj/hal_mmcsd.o
LOAD ./build/obj/hal_pal.o
LOAD ./build/obj/hal_serial.o
LOAD ./build/obj/hal_uart.o
LOAD ./build/obj/nvic.o
LOAD ./build/obj/stm32_isr.o
LOAD ./build/obj/hal_lld.o
LOAD ./build/obj/hal_efl_lld.o
LOAD ./build/obj/stm32_dma.o
LOAD ./build/obj/stm32_exti.o
LOAD ./build/obj/hal_pal_lld.o
LOAD ./build/obj/hal_st_lld.o
LOAD ./build/obj/hal_serial_lld.o
LOAD ./build/obj/hal_uart_lld.o
LOAD ./build/obj/board.o
LOAD ./build/obj/osal.o
LOAD ./build/obj/chsys.o
LOAD ./build/obj/chrfcu.o
LOAD ./build/obj/chdebug.o
LOAD ./build/obj/chtrace.o
LOAD ./build/obj/chvt.o
LOAD ./build/obj/chschd.o
LOAD ./build/obj/chinstances.o
LOAD ./build/obj/chthreads.o
LOAD ./build/obj/chtm.o
LOAD ./build/obj/chregistry.o
LOAD ./build/obj/chsem.o
LOAD ./build/obj/chmtx.o
LOAD ./build/obj/chcond.o
LOAD ./build/obj/chevents.o
LOAD ./build/obj/chmsg.o
LOAD ./build/obj/chdynamic.o
LOAD ./build/obj/chmboxes.o
LOAD ./build/obj/chmemcore.o
LOAD ./build/obj/chmemheaps.o
LOAD ./build/obj/chmempools.o
LOAD ./build/obj/chpipes.o
LOAD ./build/obj/chobjcaches.o
LOAD ./build/obj/chdelegates.o
LOAD ./build/obj/chfactory.o
LOAD ./build/obj/chcore.o
LOAD ./build/obj/chprintf.o
LOAD ./build/obj/chscanf.o
LOAD ./build/obj/memstreams.o
LOAD ./build/obj/nullstreams.o
LOAD ./build/obj/bufstreams.o
LOAD ./build/obj/shell.o
LOAD ./build/obj/shell_cmd.o
LOAD ./build/obj/minmea.o
LOAD ./build/obj/thdgps.o
LOAD ./build/obj/main.o

.mstack         0x20000000      0x400
                0x20000000                . = ALIGN (0x8)
                0x20000000                __main_stack_base__ = .
                0x20000400                . = (. + __main_stack_size__)
 *fill*         0x20000000      0x400 
                0x20000400                . = ALIGN (0x8)
                0x20000400                __main_stack_end__ = .

.pstack         0x20000400      0x400
                0x20000400                . = ALIGN (0x8)
                0x20000400                __process_stack_base__ = .
                0x20000400                __main_thread_stack_base__ = .
                0x20000800                . = (. + __process_stack_size__)
 *fill*         0x20000400      0x400 
                0x20000800                . = ALIGN (0x8)
                0x20000800                __process_stack_end__ = .
                0x20000800                __main_thread_stack_end__ = .

.vectors        0x08000000      0x1e0
 *(.vectors)
 .vectors       0x08000000      0x1e0 ./build/obj/vectors.o
                0x08000000                _vectors

.xtors          0x080001e0        0x0
                0x080001e0                __init_array_base__ = .
 *(SORT_BY_NAME(.init_array.*))
 *(.init_array)
                0x080001e0                __init_array_end__ = .
                0x080001e0                __fini_array_base__ = .
 *(.fini_array)
 *(SORT_BY_NAME(.fini_array.*))
                0x080001e0                __fini_array_end__ = .

.text           0x08000200     0x6b24
                0x08000200                __text_base__ = .
 *(.text)
 .text          0x08000200       0xd8 ./build/obj/crt0_v7m.o
                0x08000200                _crt0_entry
 .text          0x080002d8        0x8 ./build/obj/vectors.o
                0x080002d8                Reset_Handler
                0x080002da                VectorE8
                0x080002da                Vector9C
                0x080002da                VectorAC
                0x080002da                DebugMon_Handler
                0x080002da                Vector1A0
                0x080002da                Vector5C
                0x080002da                Vector11C
                0x080002da                HardFault_Handler
                0x080002da                Vector1B8
                0x080002da                Vector19C
                0x080002da                Vector8C
                0x080002da                SysTick_Handler
                0x080002da                VectorDC
                0x080002da                PendSV_Handler
                0x080002da                Vector168
                0x080002da                NMI_Handler
                0x080002da                Vector110
                0x080002da                Vector1D8
                0x080002da                VectorC8
                0x080002da                Vector94
                0x080002da                VectorA8
                0x080002da                VectorB4
                0x080002da                Vector160
                0x080002da                Vector1B0
                0x080002da                UsageFault_Handler
                0x080002da                VectorEC
                0x080002da                Vector40
                0x080002da                VectorF8
                0x080002da                Vector108
                0x080002da                VectorBC
                0x080002da                Vector190
                0x080002da                Vector1C4
                0x080002da                Vector1CC
                0x080002da                Vector148
                0x080002da                Vector188
                0x080002da                Vector198
                0x080002da                Vector118
                0x080002da                Vector64
                0x080002da                Vector58
                0x080002da                VectorCC
                0x080002da                Vector54
                0x080002da                Vector98
                0x080002da                Vector138
                0x080002da                Vector24
                0x080002da                Vector1AC
                0x080002da                Vector178
                0x080002da                SecureFault_Handler
                0x080002da                Vector1A4
                0x080002da                VectorD0
                0x080002da                Vector1B4
                0x080002da                Vector140
                0x080002da                VectorE4
                0x080002da                VectorC0
                0x080002da                Vector1C0
                0x080002da                Vector134
                0x080002da                Vector1D0
                0x080002da                VectorF0
                0x080002da                Vector13C
                0x080002da                Vector100
                0x080002da                VectorE0
                0x080002da                VectorF4
                0x080002da                MemManage_Handler
                0x080002da                VectorA0
                0x080002da                VectorC4
                0x080002da                Vector180
                0x080002da                Vector90
                0x080002da                Vector114
                0x080002da                Vector164
                0x080002da                Vector60
                0x080002da                Vector1BC
                0x080002da                Vector1D4
                0x080002da                Vector17C
                0x080002da                Vector48
                0x080002da                Vector1A8
                0x080002da                Vector16C
                0x080002da                Vector4C
                0x080002da                Vector144
                0x080002da                Vector15C
                0x080002da                Vector68
                0x080002da                Vector18C
                0x080002da                Vector170
                0x080002da                Vector88
                0x080002da                Vector104
                0x080002da                Vector184
                0x080002da                Vector10C
                0x080002da                Vector14C
                0x080002da                BusFault_Handler
                0x080002da                Vector50
                0x080002da                Vector1C8
                0x080002da                Vector194
                0x080002da                Vector1DC
                0x080002da                Vector44
                0x080002da                Vector28
                0x080002da                VectorB8
                0x080002da                Vector34
                0x080002da                VectorA4
                0x080002da                Vector20
                0x080002da                Vector174
                0x080002de                _unhandled_exception
 .text          0x080002e0       0x2a ./build/obj/chcoreasm.o
                0x080002e0                __port_switch
                0x080002f0                __port_thread_start
                0x08000302                __port_switch_from_isr
                0x08000306                __port_exit_from_isr
 *fill*         0x0800030a        0x2 
 .text          0x0800030c      0x134 c:/chibistudio/tools/gnu tools arm embedded/10.3 2021.07/bin/../lib/gcc/arm-none-eabi/10.3.1/../../../../arm-none-eabi/lib/thumb/v7e-m/nofp\libg.a(lib_a-memcpy.o)
                0x0800030c                memcpy
 .text          0x08000440      0x2dc c:/chibistudio/tools/gnu tools arm embedded/10.3 2021.07/bin/../lib/gcc/arm-none-eabi/10.3.1/../../../../arm-none-eabi/lib/thumb/v7e-m/nofp\libg.a(lib_a-strcmp.o)
                0x08000448                strcmp
 *fill*         0x0800071c       0x24 
 .text          0x08000740       0xdc c:/chibistudio/tools/gnu tools arm embedded/10.3 2021.07/bin/../lib/gcc/arm-none-eabi/10.3.1/../../../../arm-none-eabi/lib/thumb/v7e-m/nofp\libg.a(lib_a-strlen.o)
                0x08000740                strlen
 .text          0x0800081c      0x378 c:/chibistudio/tools/gnu tools arm embedded/10.3 2021.07/bin/../lib/gcc/arm-none-eabi/10.3.1/thumb/v7e-m/nofp\libgcc.a(_arm_addsubdf3.o)
                0x0800081c                __aeabi_drsub
                0x08000824                __aeabi_dsub
                0x08000824                __subdf3
                0x08000828                __aeabi_dadd
                0x08000828                __adddf3
                0x08000aa0                __floatunsidf
                0x08000aa0                __aeabi_ui2d
                0x08000ac0                __floatsidf
                0x08000ac0                __aeabi_i2d
                0x08000ae4                __aeabi_f2d
                0x08000ae4                __extendsfdf2
                0x08000b28                __floatundidf
                0x08000b28                __aeabi_ul2d
                0x08000b38                __floatdidf
                0x08000b38                __aeabi_l2d
 .text          0x08000b94      0x21c c:/chibistudio/tools/gnu tools arm embedded/10.3 2021.07/bin/../lib/gcc/arm-none-eabi/10.3.1/thumb/v7e-m/nofp\libgcc.a(_arm_addsubsf3.o)
                0x08000b94                __aeabi_frsub
                0x08000b9c                __subsf3
                0x08000b9c                __aeabi_fsub
                0x08000ba0                __aeabi_fadd
                0x08000ba0                __addsf3
                0x08000d00                __aeabi_ui2f
                0x08000d00                __floatunsisf
                0x08000d08                __aeabi_i2f
                0x08000d08                __floatsisf
                0x08000d24                __aeabi_ul2f
                0x08000d24                __floatundisf
                0x08000d34                __aeabi_l2f
                0x08000d34                __floatdisf
 .text          0x08000db0      0x2a0 c:/chibistudio/tools/gnu tools arm embedded/10.3 2021.07/bin/../lib/gcc/arm-none-eabi/10.3.1/thumb/v7e-m/nofp\libgcc.a(_arm_muldivsf3.o)
                0x08000db0                __mulsf3
                0x08000db0                __aeabi_fmul
                0x08000f18                __aeabi_fdiv
                0x08000f18                __divsf3
 *(.text.*)
 .text.__cpu_init
                0x08001050        0x4 C:\Users\ccliu\AppData\Local\Temp\ch.elf.vSEAII.ltrans0.ltrans.o
                0x08001050                __cpu_init
 *fill*         0x08001054        0xc 
 .text.__late_init
                0x08001060        0x4 C:\Users\ccliu\AppData\Local\Temp\ch.elf.vSEAII.ltrans0.ltrans.o
                0x08001060                __late_init
 *fill*         0x08001064        0xc 
 .text.__default_exit
                0x08001070        0x4 C:\Users\ccliu\AppData\Local\Temp\ch.elf.vSEAII.ltrans0.ltrans.o
                0x08001070                __default_exit
 *fill*         0x08001074        0xc 
 .text.__init_ram_areas
                0x08001080       0x68 C:\Users\ccliu\AppData\Local\Temp\ch.elf.vSEAII.ltrans0.ltrans.o
                0x08001080                __init_ram_areas
 *fill*         0x080010e8        0x8 
 .text.osalInit
                0x080010f0        0x4 C:\Users\ccliu\AppData\Local\Temp\ch.elf.vSEAII.ltrans0.ltrans.o
 *fill*         0x080010f4        0xc 
 .text.halInit  0x08001100       0x24 C:\Users\ccliu\AppData\Local\Temp\ch.elf.vSEAII.ltrans0.ltrans.o
 *fill*         0x08001124        0xc 
 .text.st_lld_get_counter
                0x08001130        0xc C:\Users\ccliu\AppData\Local\Temp\ch.elf.vSEAII.ltrans0.ltrans.o
 *fill*         0x0800113c        0x4 
 .text.st_lld_start_alarm
                0x08001140       0x24 C:\Users\ccliu\AppData\Local\Temp\ch.elf.vSEAII.ltrans0.ltrans.o
 *fill*         0x08001164        0xc 
 .text.st_lld_stop_alarm
                0x08001170        0xc C:\Users\ccliu\AppData\Local\Temp\ch.elf.vSEAII.ltrans0.ltrans.o
 *fill*         0x0800117c        0x4 
 .text.st_lld_set_alarm
                0x08001180       0x14 C:\Users\ccliu\AppData\Local\Temp\ch.elf.vSEAII.ltrans0.ltrans.o
 *fill*         0x08001194        0xc 
 .text.stInit   0x080011a0        0xc C:\Users\ccliu\AppData\Local\Temp\ch.elf.vSEAII.ltrans0.ltrans.o
 *fill*         0x080011ac        0x4 
 .text.stGetCounter
                0x080011b0        0xc C:\Users\ccliu\AppData\Local\Temp\ch.elf.vSEAII.ltrans0.ltrans.o
 *fill*         0x080011bc        0x4 
 .text.stStartAlarm
                0x080011c0       0x14 C:\Users\ccliu\AppData\Local\Temp\ch.elf.vSEAII.ltrans0.ltrans.o
 *fill*         0x080011d4        0xc 
 .text.stStopAlarm
                0x080011e0        0xc C:\Users\ccliu\AppData\Local\Temp\ch.elf.vSEAII.ltrans0.ltrans.o
 *fill*         0x080011ec        0x4 
 .text.stSetAlarm
                0x080011f0       0x14 C:\Users\ccliu\AppData\Local\Temp\ch.elf.vSEAII.ltrans0.ltrans.o
 *fill*         0x08001204        0xc 
 .text.ch_queue_init.lto_priv.1
                0x08001210       0x18 C:\Users\ccliu\AppData\Local\Temp\ch.elf.vSEAII.ltrans0.ltrans.o
 *fill*         0x08001228        0x8 
 .text.chSysLock.lto_priv.1
                0x08001230       0x18 C:\Users\ccliu\AppData\Local\Temp\ch.elf.vSEAII.ltrans0.ltrans.o
 *fill*         0x08001248        0x8 
 .text.chSysUnlock.lto_priv.1
                0x08001250       0x18 C:\Users\ccliu\AppData\Local\Temp\ch.elf.vSEAII.ltrans0.ltrans.o
 *fill*         0x08001268        0x8 
 .text.chThdQueueObjectInit.lto_priv.1
                0x08001270       0x18 C:\Users\ccliu\AppData\Local\Temp\ch.elf.vSEAII.ltrans0.ltrans.o
 *fill*         0x08001288        0x8 
 .text.osalSysLock.lto_priv.1
                0x08001290        0xc C:\Users\ccliu\AppData\Local\Temp\ch.elf.vSEAII.ltrans0.ltrans.o
 *fill*         0x0800129c        0x4 
 .text.osalSysUnlock.lto_priv.1
                0x080012a0        0xc C:\Users\ccliu\AppData\Local\Temp\ch.elf.vSEAII.ltrans0.ltrans.o
 *fill*         0x080012ac        0x4 
 .text.osalThreadQueueObjectInit.lto_priv.1
                0x080012b0       0x14 C:\Users\ccliu\AppData\Local\Temp\ch.elf.vSEAII.ltrans0.ltrans.o
 *fill*         0x080012c4        0xc 
 .text.osalThreadEnqueueTimeoutS.lto_priv.1
                0x080012d0       0x1c C:\Users\ccliu\AppData\Local\Temp\ch.elf.vSEAII.ltrans0.ltrans.o
 *fill*         0x080012ec        0x4 
 .text.osalThreadDequeueNextI.lto_priv.1
                0x080012f0       0x18 C:\Users\ccliu\AppData\Local\Temp\ch.elf.vSEAII.ltrans0.ltrans.o
 *fill*         0x08001308        0x8 
 .text.iq_read  0x08001310       0xb8 C:\Users\ccliu\AppData\Local\Temp\ch.elf.vSEAII.ltrans0.ltrans.o
 *fill*         0x080013c8        0x8 
 .text.oq_write
                0x080013d0       0xb8 C:\Users\ccliu\AppData\Local\Temp\ch.elf.vSEAII.ltrans0.ltrans.o
 *fill*         0x08001488        0x8 
 .text.iqObjectInit
                0x08001490       0x4c C:\Users\ccliu\AppData\Local\Temp\ch.elf.vSEAII.ltrans0.ltrans.o
 *fill*         0x080014dc        0x4 
 .text.iqPutI   0x080014e0       0x80 C:\Users\ccliu\AppData\Local\Temp\ch.elf.vSEAII.ltrans0.ltrans.o
 .text.iqGetTimeout
                0x08001560       0x80 C:\Users\ccliu\AppData\Local\Temp\ch.elf.vSEAII.ltrans0.ltrans.o
 .text.iqReadTimeout
                0x080015e0       0x80 C:\Users\ccliu\AppData\Local\Temp\ch.elf.vSEAII.ltrans0.ltrans.o
 .text.oqObjectInit
                0x08001660       0x4c C:\Users\ccliu\AppData\Local\Temp\ch.elf.vSEAII.ltrans0.ltrans.o
 *fill*         0x080016ac        0x4 
 .text.oqPutTimeout
                0x080016b0       0x84 C:\Users\ccliu\AppData\Local\Temp\ch.elf.vSEAII.ltrans0.ltrans.o
 *fill*         0x08001734        0xc 
 .text.oqGetI   0x08001740       0x7c C:\Users\ccliu\AppData\Local\Temp\ch.elf.vSEAII.ltrans0.ltrans.o
 *fill*         0x080017bc        0x4 
 .text.oqWriteTimeout
                0x080017c0       0x80 C:\Users\ccliu\AppData\Local\Temp\ch.elf.vSEAII.ltrans0.ltrans.o
 .text.chSysLock.lto_priv.2
                0x08001840       0x18 C:\Users\ccliu\AppData\Local\Temp\ch.elf.vSEAII.ltrans0.ltrans.o
 *fill*         0x08001858        0x8 
 .text.chSysUnlock.lto_priv.2
                0x08001860       0x18 C:\Users\ccliu\AppData\Local\Temp\ch.elf.vSEAII.ltrans0.ltrans.o
 *fill*         0x08001878        0x8 
 .text.chEvtObjectInit.lto_priv.0
                0x08001880       0x10 C:\Users\ccliu\AppData\Local\Temp\ch.elf.vSEAII.ltrans0.ltrans.o
 .text.osalSysLock.lto_priv.2
                0x08001890        0xc C:\Users\ccliu\AppData\Local\Temp\ch.elf.vSEAII.ltrans0.ltrans.o
 *fill*         0x0800189c        0x4 
 .text.osalSysUnlock.lto_priv.2
                0x080018a0        0xc C:\Users\ccliu\AppData\Local\Temp\ch.elf.vSEAII.ltrans0.ltrans.o
 *fill*         0x080018ac        0x4 
 .text.osalEventObjectInit
                0x080018b0       0x14 C:\Users\ccliu\AppData\Local\Temp\ch.elf.vSEAII.ltrans0.ltrans.o
 *fill*         0x080018c4        0xc 
 .text.osalEventBroadcastFlagsI.lto_priv.0
                0x080018d0       0x18 C:\Users\ccliu\AppData\Local\Temp\ch.elf.vSEAII.ltrans0.ltrans.o
 *fill*         0x080018e8        0x8 
 .text._write   0x080018f0       0x28 C:\Users\ccliu\AppData\Local\Temp\ch.elf.vSEAII.ltrans0.ltrans.o
 *fill*         0x08001918        0x8 
 .text._read    0x08001920       0x28 C:\Users\ccliu\AppData\Local\Temp\ch.elf.vSEAII.ltrans0.ltrans.o
 *fill*         0x08001948        0x8 
 .text._put.lto_priv.0
                0x08001950       0x28 C:\Users\ccliu\AppData\Local\Temp\ch.elf.vSEAII.ltrans0.ltrans.o
 *fill*         0x08001978        0x8 
 .text._get.lto_priv.0
                0x08001980       0x20 C:\Users\ccliu\AppData\Local\Temp\ch.elf.vSEAII.ltrans0.ltrans.o
 .text._putt    0x080019a0       0x28 C:\Users\ccliu\AppData\Local\Temp\ch.elf.vSEAII.ltrans0.ltrans.o
 *fill*         0x080019c8        0x8 
 .text._gett    0x080019d0       0x20 C:\Users\ccliu\AppData\Local\Temp\ch.elf.vSEAII.ltrans0.ltrans.o
 .text._writet  0x080019f0       0x28 C:\Users\ccliu\AppData\Local\Temp\ch.elf.vSEAII.ltrans0.ltrans.o
 *fill*         0x08001a18        0x8 
 .text._readt   0x08001a20       0x28 C:\Users\ccliu\AppData\Local\Temp\ch.elf.vSEAII.ltrans0.ltrans.o
 *fill*         0x08001a48        0x8 
 .text._ctl     0x08001a50       0x24 C:\Users\ccliu\AppData\Local\Temp\ch.elf.vSEAII.ltrans0.ltrans.o
 *fill*         0x08001a74        0xc 
 .text.sdInit   0x08001a80        0xc C:\Users\ccliu\AppData\Local\Temp\ch.elf.vSEAII.ltrans0.ltrans.o
 *fill*         0x08001a8c        0x4 
 .text.sdObjectInit
                0x08001a90       0x5c C:\Users\ccliu\AppData\Local\Temp\ch.elf.vSEAII.ltrans0.ltrans.o
 *fill*         0x08001aec        0x4 
 .text.sdStart  0x08001af0       0x28 C:\Users\ccliu\AppData\Local\Temp\ch.elf.vSEAII.ltrans0.ltrans.o
 *fill*         0x08001b18        0x8 
 .text.sdIncomingDataI
                0x08001b20       0x4c C:\Users\ccliu\AppData\Local\Temp\ch.elf.vSEAII.ltrans0.ltrans.o
 *fill*         0x08001b6c        0x4 
 .text.chSysLock.lto_priv.3
                0x08001b70       0x18 C:\Users\ccliu\AppData\Local\Temp\ch.elf.vSEAII.ltrans0.ltrans.o
 *fill*         0x08001b88        0x8 
 .text.chSysUnlock.lto_priv.3
                0x08001b90       0x18 C:\Users\ccliu\AppData\Local\Temp\ch.elf.vSEAII.ltrans0.ltrans.o
 *fill*         0x08001ba8        0x8 
 .text.osalSysLock.lto_priv.3
                0x08001bb0        0xc C:\Users\ccliu\AppData\Local\Temp\ch.elf.vSEAII.ltrans0.ltrans.o
 *fill*         0x08001bbc        0x4 
 .text.osalSysUnlock.lto_priv.3
                0x08001bc0        0xc C:\Users\ccliu\AppData\Local\Temp\ch.elf.vSEAII.ltrans0.ltrans.o
 *fill*         0x08001bcc        0x4 
 .text.uartInit
                0x08001bd0        0xc C:\Users\ccliu\AppData\Local\Temp\ch.elf.vSEAII.ltrans0.ltrans.o
 *fill*         0x08001bdc        0x4 
 .text.uartObjectInit
                0x08001be0       0x24 C:\Users\ccliu\AppData\Local\Temp\ch.elf.vSEAII.ltrans0.ltrans.o
 *fill*         0x08001c04        0xc 
 .text.uartStart
                0x08001c10       0x2c C:\Users\ccliu\AppData\Local\Temp\ch.elf.vSEAII.ltrans0.ltrans.o
 *fill*         0x08001c3c        0x4 
 .text.uartStop
                0x08001c40       0x34 C:\Users\ccliu\AppData\Local\Temp\ch.elf.vSEAII.ltrans0.ltrans.o
 *fill*         0x08001c74        0xc 
 .text.nvicEnableVector
                0x08001c80       0x54 C:\Users\ccliu\AppData\Local\Temp\ch.elf.vSEAII.ltrans0.ltrans.o
 *fill*         0x08001cd4        0xc 
 .text.nvicDisableVector
                0x08001ce0       0x4c C:\Users\ccliu\AppData\Local\Temp\ch.elf.vSEAII.ltrans0.ltrans.o
 *fill*         0x08001d2c        0x4 
 .text.exti0_irq_init
                0x08001d30        0x4 C:\Users\ccliu\AppData\Local\Temp\ch.elf.vSEAII.ltrans0.ltrans.o
 *fill*         0x08001d34        0xc 
 .text.exti1_irq_init
                0x08001d40        0x4 C:\Users\ccliu\AppData\Local\Temp\ch.elf.vSEAII.ltrans0.ltrans.o
 *fill*         0x08001d44        0xc 
 .text.exti2_irq_init
                0x08001d50        0x4 C:\Users\ccliu\AppData\Local\Temp\ch.elf.vSEAII.ltrans0.ltrans.o
 *fill*         0x08001d54        0xc 
 .text.exti3_irq_init
                0x08001d60        0x4 C:\Users\ccliu\AppData\Local\Temp\ch.elf.vSEAII.ltrans0.ltrans.o
 *fill*         0x08001d64        0xc 
 .text.exti4_irq_init
                0x08001d70        0x4 C:\Users\ccliu\AppData\Local\Temp\ch.elf.vSEAII.ltrans0.ltrans.o
 *fill*         0x08001d74        0xc 
 .text.exti5_9_irq_init
                0x08001d80        0x4 C:\Users\ccliu\AppData\Local\Temp\ch.elf.vSEAII.ltrans0.ltrans.o
 *fill*         0x08001d84        0xc 
 .text.exti10_15_irq_init
                0x08001d90        0x4 C:\Users\ccliu\AppData\Local\Temp\ch.elf.vSEAII.ltrans0.ltrans.o
 *fill*         0x08001d94        0xc 
 .text.exti16_irq_init
                0x08001da0        0x4 C:\Users\ccliu\AppData\Local\Temp\ch.elf.vSEAII.ltrans0.ltrans.o
 *fill*         0x08001da4        0xc 
 .text.exti17_irq_init
                0x08001db0        0x4 C:\Users\ccliu\AppData\Local\Temp\ch.elf.vSEAII.ltrans0.ltrans.o
 *fill*         0x08001db4        0xc 
 .text.exti18_irq_init
                0x08001dc0        0x4 C:\Users\ccliu\AppData\Local\Temp\ch.elf.vSEAII.ltrans0.ltrans.o
 *fill*         0x08001dc4        0xc 
 .text.exti19_irq_init
                0x08001dd0        0x4 C:\Users\ccliu\AppData\Local\Temp\ch.elf.vSEAII.ltrans0.ltrans.o
 *fill*         0x08001dd4        0xc 
 .text.exti20_irq_init
                0x08001de0        0x4 C:\Users\ccliu\AppData\Local\Temp\ch.elf.vSEAII.ltrans0.ltrans.o
 *fill*         0x08001de4        0xc 
 .text.exti21_irq_init
                0x08001df0        0x4 C:\Users\ccliu\AppData\Local\Temp\ch.elf.vSEAII.ltrans0.ltrans.o
 *fill*         0x08001df4        0xc 
 .text.exti22_irq_init
                0x08001e00        0x4 C:\Users\ccliu\AppData\Local\Temp\ch.elf.vSEAII.ltrans0.ltrans.o
 *fill*         0x08001e04        0xc 
 .text.usart1_irq_init
                0x08001e10       0x10 C:\Users\ccliu\AppData\Local\Temp\ch.elf.vSEAII.ltrans0.ltrans.o
 .text.VectorD4
                0x08001e20       0x14 C:\Users\ccliu\AppData\Local\Temp\ch.elf.vSEAII.ltrans0.ltrans.o
                0x08001e20                VectorD4
 *fill*         0x08001e34        0xc 
 .text.usart2_irq_init
                0x08001e40       0x10 C:\Users\ccliu\AppData\Local\Temp\ch.elf.vSEAII.ltrans0.ltrans.o
 .text.VectorD8
                0x08001e50       0x14 C:\Users\ccliu\AppData\Local\Temp\ch.elf.vSEAII.ltrans0.ltrans.o
                0x08001e50                VectorD8
 *fill*         0x08001e64        0xc 
 .text.usart3_irq_init
                0x08001e70        0x4 C:\Users\ccliu\AppData\Local\Temp\ch.elf.vSEAII.ltrans0.ltrans.o
 *fill*         0x08001e74        0xc 
 .text.uart4_irq_init
                0x08001e80        0x4 C:\Users\ccliu\AppData\Local\Temp\ch.elf.vSEAII.ltrans0.ltrans.o
 *fill*         0x08001e84        0xc 
 .text.uart5_irq_init
                0x08001e90        0x4 C:\Users\ccliu\AppData\Local\Temp\ch.elf.vSEAII.ltrans0.ltrans.o
 *fill*         0x08001e94        0xc 
 .text.usart6_irq_init
                0x08001ea0        0x4 C:\Users\ccliu\AppData\Local\Temp\ch.elf.vSEAII.ltrans0.ltrans.o
 *fill*         0x08001ea4        0xc 
 .text.uart7_irq_init
                0x08001eb0        0x4 C:\Users\ccliu\AppData\Local\Temp\ch.elf.vSEAII.ltrans0.ltrans.o
 *fill*         0x08001eb4        0xc 
 .text.uart8_irq_init
                0x08001ec0        0x4 C:\Users\ccliu\AppData\Local\Temp\ch.elf.vSEAII.ltrans0.ltrans.o
 *fill*         0x08001ec4        0xc 
 .text.uart9_irq_init
                0x08001ed0        0x4 C:\Users\ccliu\AppData\Local\Temp\ch.elf.vSEAII.ltrans0.ltrans.o
 *fill*         0x08001ed4        0xc 
 .text.uart10_irq_init
                0x08001ee0        0x4 C:\Users\ccliu\AppData\Local\Temp\ch.elf.vSEAII.ltrans0.ltrans.o
 *fill*         0x08001ee4        0xc 
 .text.tim1_tim9_tim10_tim11_irq_init
                0x08001ef0        0x4 C:\Users\ccliu\AppData\Local\Temp\ch.elf.vSEAII.ltrans0.ltrans.o
 *fill*         0x08001ef4        0xc 
 .text.tim2_irq_init
                0x08001f00       0x10 C:\Users\ccliu\AppData\Local\Temp\ch.elf.vSEAII.ltrans0.ltrans.o
 .text.VectorB0
                0x08001f10       0x10 C:\Users\ccliu\AppData\Local\Temp\ch.elf.vSEAII.ltrans0.ltrans.o
                0x08001f10                VectorB0
 .text.tim3_irq_init
                0x08001f20        0x4 C:\Users\ccliu\AppData\Local\Temp\ch.elf.vSEAII.ltrans0.ltrans.o
 *fill*         0x08001f24        0xc 
 .text.tim4_irq_init
                0x08001f30        0x4 C:\Users\ccliu\AppData\Local\Temp\ch.elf.vSEAII.ltrans0.ltrans.o
 *fill*         0x08001f34        0xc 
 .text.tim5_irq_init
                0x08001f40        0x4 C:\Users\ccliu\AppData\Local\Temp\ch.elf.vSEAII.ltrans0.ltrans.o
 *fill*         0x08001f44        0xc 
 .text.tim6_irq_init
                0x08001f50        0x4 C:\Users\ccliu\AppData\Local\Temp\ch.elf.vSEAII.ltrans0.ltrans.o
 *fill*         0x08001f54        0xc 
 .text.tim7_irq_init
                0x08001f60        0x4 C:\Users\ccliu\AppData\Local\Temp\ch.elf.vSEAII.ltrans0.ltrans.o
 *fill*         0x08001f64        0xc 
 .text.tim8_tim12_tim13_tim14_irq_init
                0x08001f70        0x4 C:\Users\ccliu\AppData\Local\Temp\ch.elf.vSEAII.ltrans0.ltrans.o
 *fill*         0x08001f74        0xc 
 .text.irqInit  0x08001f80       0x88 C:\Users\ccliu\AppData\Local\Temp\ch.elf.vSEAII.ltrans0.ltrans.o
 *fill*         0x08002008        0x8 
 .text.hal_lld_backup_domain_init
                0x08002010       0x40 C:\Users\ccliu\AppData\Local\Temp\ch.elf.vSEAII.ltrans0.ltrans.o
 .text.hal_lld_init
                0x08002050       0xa0 C:\Users\ccliu\AppData\Local\Temp\ch.elf.vSEAII.ltrans0.ltrans.o
 .text.stm32_clock_init
                0x080020f0      0x14c C:\Users\ccliu\AppData\Local\Temp\ch.elf.vSEAII.ltrans0.ltrans.o
 *fill*         0x0800223c        0x4 
 .text.Vector6C
                0x08002240       0x40 C:\Users\ccliu\AppData\Local\Temp\ch.elf.vSEAII.ltrans0.ltrans.o
                0x08002240                Vector6C
 .text.Vector70
                0x08002280       0x44 C:\Users\ccliu\AppData\Local\Temp\ch.elf.vSEAII.ltrans0.ltrans.o
                0x08002280                Vector70
 *fill*         0x080022c4        0xc 
 .text.Vector74
                0x080022d0       0x44 C:\Users\ccliu\AppData\Local\Temp\ch.elf.vSEAII.ltrans0.ltrans.o
                0x080022d0                Vector74
 *fill*         0x08002314        0xc 
 .text.Vector78
                0x08002320       0x44 C:\Users\ccliu\AppData\Local\Temp\ch.elf.vSEAII.ltrans0.ltrans.o
                0x08002320                Vector78
 *fill*         0x08002364        0xc 
 .text.Vector7C
                0x08002370       0x40 C:\Users\ccliu\AppData\Local\Temp\ch.elf.vSEAII.ltrans0.ltrans.o
                0x08002370                Vector7C
 .text.Vector80
                0x080023b0       0x44 C:\Users\ccliu\AppData\Local\Temp\ch.elf.vSEAII.ltrans0.ltrans.o
                0x080023b0                Vector80
 *fill*         0x080023f4        0xc 
 .text.Vector84
                0x08002400       0x44 C:\Users\ccliu\AppData\Local\Temp\ch.elf.vSEAII.ltrans0.ltrans.o
                0x08002400                Vector84
 *fill*         0x08002444        0xc 
 .text.VectorFC
                0x08002450       0x44 C:\Users\ccliu\AppData\Local\Temp\ch.elf.vSEAII.ltrans0.ltrans.o
                0x08002450                VectorFC
 *fill*         0x08002494        0xc 
 .text.Vector120
                0x080024a0       0x40 C:\Users\ccliu\AppData\Local\Temp\ch.elf.vSEAII.ltrans0.ltrans.o
                0x080024a0                Vector120
 .text.Vector124
                0x080024e0       0x44 C:\Users\ccliu\AppData\Local\Temp\ch.elf.vSEAII.ltrans0.ltrans.o
                0x080024e0                Vector124
 *fill*         0x08002524        0xc 
 .text.Vector128
                0x08002530       0x44 C:\Users\ccliu\AppData\Local\Temp\ch.elf.vSEAII.ltrans0.ltrans.o
                0x08002530                Vector128
 *fill*         0x08002574        0xc 
 .text.Vector12C
                0x08002580       0x44 C:\Users\ccliu\AppData\Local\Temp\ch.elf.vSEAII.ltrans0.ltrans.o
                0x08002580                Vector12C
 *fill*         0x080025c4        0xc 
 .text.Vector130
                0x080025d0       0x40 C:\Users\ccliu\AppData\Local\Temp\ch.elf.vSEAII.ltrans0.ltrans.o
                0x080025d0                Vector130
 .text.Vector150
                0x08002610       0x44 C:\Users\ccliu\AppData\Local\Temp\ch.elf.vSEAII.ltrans0.ltrans.o
                0x08002610                Vector150
 *fill*         0x08002654        0xc 
 .text.Vector154
                0x08002660       0x44 C:\Users\ccliu\AppData\Local\Temp\ch.elf.vSEAII.ltrans0.ltrans.o
                0x08002660                Vector154
 *fill*         0x080026a4        0xc 
 .text.Vector158
                0x080026b0       0x44 C:\Users\ccliu\AppData\Local\Temp\ch.elf.vSEAII.ltrans0.ltrans.o
                0x080026b0                Vector158
 *fill*         0x080026f4        0xc 
 .text.dmaInit  0x08002700       0x70 C:\Users\ccliu\AppData\Local\Temp\ch.elf.vSEAII.ltrans0.ltrans.o
 .text.dmaStreamAllocI
                0x08002770      0x130 C:\Users\ccliu\AppData\Local\Temp\ch.elf.vSEAII.ltrans0.ltrans.o
 .text.dmaStreamFreeI
                0x080028a0       0x84 C:\Users\ccliu\AppData\Local\Temp\ch.elf.vSEAII.ltrans0.ltrans.o
 *fill*         0x08002924        0xc 
 .text._pal_lld_init
                0x08002930        0x4 C:\Users\ccliu\AppData\Local\Temp\ch.elf.vSEAII.ltrans0.ltrans.o
 *fill*         0x08002934        0xc 
 .text._pal_lld_setgroupmode
                0x08002940      0x16c C:\Users\ccliu\AppData\Local\Temp\ch.elf.vSEAII.ltrans0.ltrans.o
 *fill*         0x08002aac        0x4 
 .text.chSysLockFromISR.lto_priv.0
                0x08002ab0       0x18 C:\Users\ccliu\AppData\Local\Temp\ch.elf.vSEAII.ltrans0.ltrans.o
 *fill*         0x08002ac8        0x8 
 .text.chSysUnlockFromISR.lto_priv.0
                0x08002ad0       0x18 C:\Users\ccliu\AppData\Local\Temp\ch.elf.vSEAII.ltrans0.ltrans.o
 *fill*         0x08002ae8        0x8 
 .text.osalSysLockFromISR.lto_priv.0
                0x08002af0        0xc C:\Users\ccliu\AppData\Local\Temp\ch.elf.vSEAII.ltrans0.ltrans.o
 *fill*         0x08002afc        0x4 
 .text.osalSysUnlockFromISR.lto_priv.0
                0x08002b00        0xc C:\Users\ccliu\AppData\Local\Temp\ch.elf.vSEAII.ltrans0.ltrans.o
 *fill*         0x08002b0c        0x4 
 .text.osalOsTimerHandlerI
                0x08002b10        0xc C:\Users\ccliu\AppData\Local\Temp\ch.elf.vSEAII.ltrans0.ltrans.o
 *fill*         0x08002b1c        0x4 
 .text.st_lld_init
                0x08002b20       0x78 C:\Users\ccliu\AppData\Local\Temp\ch.elf.vSEAII.ltrans0.ltrans.o
 *fill*         0x08002b98        0x8 
 .text.st_lld_serve_interrupt
                0x08002ba0       0x44 C:\Users\ccliu\AppData\Local\Temp\ch.elf.vSEAII.ltrans0.ltrans.o
 *fill*         0x08002be4        0xc 
 .text.chSysLockFromISR.lto_priv.1
                0x08002bf0       0x18 C:\Users\ccliu\AppData\Local\Temp\ch.elf.vSEAII.ltrans0.ltrans.o
 *fill*         0x08002c08        0x8 
 .text.chSysUnlockFromISR.lto_priv.1
                0x08002c10       0x18 C:\Users\ccliu\AppData\Local\Temp\ch.elf.vSEAII.ltrans0.ltrans.o
 *fill*         0x08002c28        0x8 
 .text.osalSysLockFromISR.lto_priv.1
                0x08002c30        0xc C:\Users\ccliu\AppData\Local\Temp\ch.elf.vSEAII.ltrans0.ltrans.o
 *fill*         0x08002c3c        0x4 
 .text.osalSysUnlockFromISR.lto_priv.1
                0x08002c40        0xc C:\Users\ccliu\AppData\Local\Temp\ch.elf.vSEAII.ltrans0.ltrans.o
 *fill*         0x08002c4c        0x4 
 .text.osalEventBroadcastFlagsI.lto_priv.1
                0x08002c50       0x18 C:\Users\ccliu\AppData\Local\Temp\ch.elf.vSEAII.ltrans0.ltrans.o
 *fill*         0x08002c68        0x8 
 .text.usart_init
                0x08002c70       0xa4 C:\Users\ccliu\AppData\Local\Temp\ch.elf.vSEAII.ltrans0.ltrans.o
 *fill*         0x08002d14        0xc 
 .text.set_error
                0x08002d20       0x74 C:\Users\ccliu\AppData\Local\Temp\ch.elf.vSEAII.ltrans0.ltrans.o
 *fill*         0x08002d94        0xc 
 .text.notify2  0x08002da0       0x1c C:\Users\ccliu\AppData\Local\Temp\ch.elf.vSEAII.ltrans0.ltrans.o
 *fill*         0x08002dbc        0x4 
 .text.sd_lld_init
                0x08002dc0       0x2c C:\Users\ccliu\AppData\Local\Temp\ch.elf.vSEAII.ltrans0.ltrans.o
 *fill*         0x08002dec        0x4 
 .text.sd_lld_start
                0x08002df0       0x5c C:\Users\ccliu\AppData\Local\Temp\ch.elf.vSEAII.ltrans0.ltrans.o
 *fill*         0x08002e4c        0x4 
 .text.sd_lld_serve_interrupt
                0x08002e50      0x15c C:\Users\ccliu\AppData\Local\Temp\ch.elf.vSEAII.ltrans0.ltrans.o
 *fill*         0x08002fac        0x4 
 .text.osalSysHalt
                0x08002fb0       0x14 C:\Users\ccliu\AppData\Local\Temp\ch.elf.vSEAII.ltrans0.ltrans.o
 *fill*         0x08002fc4        0xc 
 .text.translate_errors
                0x08002fd0       0x78 C:\Users\ccliu\AppData\Local\Temp\ch.elf.vSEAII.ltrans0.ltrans.o
 *fill*         0x08003048        0x8 
 .text.uart_enter_rx_idle_loop
                0x08003050       0x60 C:\Users\ccliu\AppData\Local\Temp\ch.elf.vSEAII.ltrans0.ltrans.o
 .text.usart_stop
                0x080030b0       0x94 C:\Users\ccliu\AppData\Local\Temp\ch.elf.vSEAII.ltrans0.ltrans.o
 *fill*         0x08003144        0xc 
 .text.usart_start
                0x08003150       0xa4 C:\Users\ccliu\AppData\Local\Temp\ch.elf.vSEAII.ltrans0.ltrans.o
 *fill*         0x080031f4        0xc 
 .text.uart_lld_serve_rx_end_irq
                0x08003200       0xb4 C:\Users\ccliu\AppData\Local\Temp\ch.elf.vSEAII.ltrans0.ltrans.o
 *fill*         0x080032b4        0xc 
 .text.uart_lld_serve_tx_end_irq
                0x080032c0       0x88 C:\Users\ccliu\AppData\Local\Temp\ch.elf.vSEAII.ltrans0.ltrans.o
 *fill*         0x08003348        0x8 
 .text.uart_lld_init
                0x08003350       0x3c C:\Users\ccliu\AppData\Local\Temp\ch.elf.vSEAII.ltrans0.ltrans.o
 *fill*         0x0800338c        0x4 
 .text.uart_lld_start
                0x08003390       0xec C:\Users\ccliu\AppData\Local\Temp\ch.elf.vSEAII.ltrans0.ltrans.o
 *fill*         0x0800347c        0x4 
 .text.uart_lld_stop
                0x08003480       0x70 C:\Users\ccliu\AppData\Local\Temp\ch.elf.vSEAII.ltrans0.ltrans.o
 .text.uart_lld_serve_interrupt
                0x080034f0       0xc4 C:\Users\ccliu\AppData\Local\Temp\ch.elf.vSEAII.ltrans0.ltrans.o
 *fill*         0x080035b4        0xc 
 .text.gpio_init
                0x080035c0       0x44 C:\Users\ccliu\AppData\Local\Temp\ch.elf.vSEAII.ltrans0.ltrans.o
 *fill*         0x08003604        0xc 
 .text.stm32_gpio_init
                0x08003610       0xa4 C:\Users\ccliu\AppData\Local\Temp\ch.elf.vSEAII.ltrans0.ltrans.o
 *fill*         0x080036b4        0xc 
 .text.__early_init
                0x080036c0       0x10 C:\Users\ccliu\AppData\Local\Temp\ch.elf.vSEAII.ltrans0.ltrans.o
                0x080036c0                __early_init
 .text.boardInit
                0x080036d0        0x4 C:\Users\ccliu\AppData\Local\Temp\ch.elf.vSEAII.ltrans0.ltrans.o
 *fill*         0x080036d4        0xc 
 .text.__tm_calibration_object_init
                0x080036e0       0x44 C:\Users\ccliu\AppData\Local\Temp\ch.elf.vSEAII.ltrans0.ltrans.o
 *fill*         0x08003724        0xc 
 .text.chSysUnlock.lto_priv.5
                0x08003730       0x18 C:\Users\ccliu\AppData\Local\Temp\ch.elf.vSEAII.ltrans0.ltrans.o
 *fill*         0x08003748        0x8 
 .text.__oslib_init
                0x08003750       0x14 C:\Users\ccliu\AppData\Local\Temp\ch.elf.vSEAII.ltrans0.ltrans.o
 *fill*         0x08003764        0xc 
 .text.chSysInit
                0x08003770       0x5c C:\Users\ccliu\AppData\Local\Temp\ch.elf.vSEAII.ltrans0.ltrans.o
 *fill*         0x080037cc        0x4 
 .text.chSysHalt
                0x080037d0       0x24 C:\Users\ccliu\AppData\Local\Temp\ch.elf.vSEAII.ltrans0.ltrans.o
 *fill*         0x080037f4        0xc 
 .text.chSysTimerHandlerI
                0x08003800        0xc C:\Users\ccliu\AppData\Local\Temp\ch.elf.vSEAII.ltrans0.ltrans.o
 *fill*         0x0800380c        0x4 
 .text.chRFCUCollectFaultsI
                0x08003810       0x1c C:\Users\ccliu\AppData\Local\Temp\ch.elf.vSEAII.ltrans0.ltrans.o
 *fill*         0x0800382c        0x4 
 .text.chTimeAddX
                0x08003830       0x14 C:\Users\ccliu\AppData\Local\Temp\ch.elf.vSEAII.ltrans0.ltrans.o
 *fill*         0x08003844        0xc 
 .text.chTimeDiffX.lto_priv.0
                0x08003850       0x14 C:\Users\ccliu\AppData\Local\Temp\ch.elf.vSEAII.ltrans0.ltrans.o
 *fill*         0x08003864        0xc 
 .text.ch_dlist_isempty
                0x08003870       0x1c C:\Users\ccliu\AppData\Local\Temp\ch.elf.vSEAII.ltrans0.ltrans.o
 *fill*         0x0800388c        0x4 
 .text.ch_dlist_isfirst
                0x08003890       0x1c C:\Users\ccliu\AppData\Local\Temp\ch.elf.vSEAII.ltrans0.ltrans.o
 *fill*         0x080038ac        0x4 
 .text.ch_dlist_insert_after
                0x080038b0       0x34 C:\Users\ccliu\AppData\Local\Temp\ch.elf.vSEAII.ltrans0.ltrans.o
 *fill*         0x080038e4        0xc 
 .text.ch_dlist_insert_before
                0x080038f0       0x34 C:\Users\ccliu\AppData\Local\Temp\ch.elf.vSEAII.ltrans0.ltrans.o
 *fill*         0x08003924        0xc 
 .text.ch_dlist_insert
                0x08003930       0x5c C:\Users\ccliu\AppData\Local\Temp\ch.elf.vSEAII.ltrans0.ltrans.o
 *fill*         0x0800398c        0x4 
 .text.ch_dlist_remove_first
                0x08003990       0x24 C:\Users\ccliu\AppData\Local\Temp\ch.elf.vSEAII.ltrans0.ltrans.o
 *fill*         0x080039b4        0xc 
 .text.ch_dlist_dequeue
                0x080039c0       0x20 C:\Users\ccliu\AppData\Local\Temp\ch.elf.vSEAII.ltrans0.ltrans.o
 .text.port_timer_start_alarm
                0x080039e0       0x14 C:\Users\ccliu\AppData\Local\Temp\ch.elf.vSEAII.ltrans0.ltrans.o
 *fill*         0x080039f4        0xc 
 .text.port_timer_stop_alarm
                0x08003a00        0xc C:\Users\ccliu\AppData\Local\Temp\ch.elf.vSEAII.ltrans0.ltrans.o
 *fill*         0x08003a0c        0x4 
 .text.port_timer_set_alarm
                0x08003a10       0x14 C:\Users\ccliu\AppData\Local\Temp\ch.elf.vSEAII.ltrans0.ltrans.o
 *fill*         0x08003a24        0xc 
 .text.port_timer_get_time.lto_priv.0
                0x08003a30        0xc C:\Users\ccliu\AppData\Local\Temp\ch.elf.vSEAII.ltrans0.ltrans.o
 *fill*         0x08003a3c        0x4 
 .text.chSysLockFromISR.lto_priv.3
                0x08003a40       0x18 C:\Users\ccliu\AppData\Local\Temp\ch.elf.vSEAII.ltrans0.ltrans.o
 *fill*         0x08003a58        0x8 
 .text.chSysUnlockFromISR.lto_priv.3
                0x08003a60       0x18 C:\Users\ccliu\AppData\Local\Temp\ch.elf.vSEAII.ltrans0.ltrans.o
 *fill*         0x08003a78        0x8 
 .text.chVTGetSystemTimeX.lto_priv.0
                0x08003a80        0xc C:\Users\ccliu\AppData\Local\Temp\ch.elf.vSEAII.ltrans0.ltrans.o
 *fill*         0x08003a8c        0x4 
 .text.vt_insert_first
                0x08003a90       0x44 C:\Users\ccliu\AppData\Local\Temp\ch.elf.vSEAII.ltrans0.ltrans.o
 *fill*         0x08003ad4        0xc 
 .text.vt_enqueue
                0x08003ae0       0x8c C:\Users\ccliu\AppData\Local\Temp\ch.elf.vSEAII.ltrans0.ltrans.o
 *fill*         0x08003b6c        0x4 
 .text.chVTDoSetI
                0x08003b70       0x40 C:\Users\ccliu\AppData\Local\Temp\ch.elf.vSEAII.ltrans0.ltrans.o
 .text.chVTDoResetI
                0x08003bb0       0xe4 C:\Users\ccliu\AppData\Local\Temp\ch.elf.vSEAII.ltrans0.ltrans.o
 *fill*         0x08003c94        0xc 
 .text.chVTDoTickI
                0x08003ca0      0x168 C:\Users\ccliu\AppData\Local\Temp\ch.elf.vSEAII.ltrans0.ltrans.o
 *fill*         0x08003e08        0x8 
 .text.ch_queue_dequeue.lto_priv.0
                0x08003e10       0x20 C:\Users\ccliu\AppData\Local\Temp\ch.elf.vSEAII.ltrans0.ltrans.o
 .text.ch_pqueue_remove_highest
                0x08003e30       0x24 C:\Users\ccliu\AppData\Local\Temp\ch.elf.vSEAII.ltrans0.ltrans.o
 *fill*         0x08003e54        0xc 
 .text.ch_pqueue_insert_behind
                0x08003e60       0x48 C:\Users\ccliu\AppData\Local\Temp\ch.elf.vSEAII.ltrans0.ltrans.o
 *fill*         0x08003ea8        0x8 
 .text.ch_pqueue_insert_ahead
                0x08003eb0       0x48 C:\Users\ccliu\AppData\Local\Temp\ch.elf.vSEAII.ltrans0.ltrans.o
 *fill*         0x08003ef8        0x8 
 .text.chSysLockFromISR.lto_priv.4
                0x08003f00       0x18 C:\Users\ccliu\AppData\Local\Temp\ch.elf.vSEAII.ltrans0.ltrans.o
 *fill*         0x08003f18        0x8 
 .text.chSysUnlockFromISR.lto_priv.4
                0x08003f20       0x18 C:\Users\ccliu\AppData\Local\Temp\ch.elf.vSEAII.ltrans0.ltrans.o
 *fill*         0x08003f38        0x8 
 .text.chVTIsArmedI
                0x08003f40       0x18 C:\Users\ccliu\AppData\Local\Temp\ch.elf.vSEAII.ltrans0.ltrans.o
 *fill*         0x08003f58        0x8 
 .text.chSemFastSignalI.lto_priv.0
                0x08003f60       0x14 C:\Users\ccliu\AppData\Local\Temp\ch.elf.vSEAII.ltrans0.ltrans.o
 *fill*         0x08003f74        0xc 
 .text.__sch_ready_behind
                0x08003f80       0x28 C:\Users\ccliu\AppData\Local\Temp\ch.elf.vSEAII.ltrans0.ltrans.o
 *fill*         0x08003fa8        0x8 
 .text.__sch_ready_ahead
                0x08003fb0       0x28 C:\Users\ccliu\AppData\Local\Temp\ch.elf.vSEAII.ltrans0.ltrans.o
 *fill*         0x08003fd8        0x8 
 .text.__sch_wakeup
                0x08003fe0       0x80 C:\Users\ccliu\AppData\Local\Temp\ch.elf.vSEAII.ltrans0.ltrans.o
 .text.chSchReadyI
                0x08004060       0x18 C:\Users\ccliu\AppData\Local\Temp\ch.elf.vSEAII.ltrans0.ltrans.o
 *fill*         0x08004078        0x8 
 .text.chSchGoSleepS
                0x08004080       0x4c C:\Users\ccliu\AppData\Local\Temp\ch.elf.vSEAII.ltrans0.ltrans.o
 *fill*         0x080040cc        0x4 
 .text.chSchGoSleepTimeoutS
                0x080040d0       0x6c C:\Users\ccliu\AppData\Local\Temp\ch.elf.vSEAII.ltrans0.ltrans.o
 *fill*         0x0800413c        0x4 
 .text.chSchWakeupS
                0x08004140       0x60 C:\Users\ccliu\AppData\Local\Temp\ch.elf.vSEAII.ltrans0.ltrans.o
 .text.chSchIsPreemptionRequired
                0x080041a0       0x34 C:\Users\ccliu\AppData\Local\Temp\ch.elf.vSEAII.ltrans0.ltrans.o
 *fill*         0x080041d4        0xc 
 .text.chSchDoPreemption
                0x080041e0       0x44 C:\Users\ccliu\AppData\Local\Temp\ch.elf.vSEAII.ltrans0.ltrans.o
                0x080041e0                chSchDoPreemption
 *fill*         0x08004224        0xc 
 .text.__rfcu_object_init
                0x08004230       0x10 C:\Users\ccliu\AppData\Local\Temp\ch.elf.vSEAII.ltrans0.ltrans.o
 .text.__dbg_object_init
                0x08004240       0x10 C:\Users\ccliu\AppData\Local\Temp\ch.elf.vSEAII.ltrans0.ltrans.o
 .text.ch_queue_init.lto_priv.2
                0x08004250       0x18 C:\Users\ccliu\AppData\Local\Temp\ch.elf.vSEAII.ltrans0.ltrans.o
 *fill*         0x08004268        0x8 
 .text.ch_pqueue_init
                0x08004270       0x1c C:\Users\ccliu\AppData\Local\Temp\ch.elf.vSEAII.ltrans0.ltrans.o
 *fill*         0x0800428c        0x4 
 .text.ch_dlist_init
                0x08004290       0x20 C:\Users\ccliu\AppData\Local\Temp\ch.elf.vSEAII.ltrans0.ltrans.o
 .text.port_timer_get_time.lto_priv.1
                0x080042b0        0xc C:\Users\ccliu\AppData\Local\Temp\ch.elf.vSEAII.ltrans0.ltrans.o
 *fill*         0x080042bc        0x4 
 .text.chVTGetSystemTimeX.lto_priv.1
                0x080042c0        0xc C:\Users\ccliu\AppData\Local\Temp\ch.elf.vSEAII.ltrans0.ltrans.o
 *fill*         0x080042cc        0x4 
 .text.__vt_object_init
                0x080042d0       0x2c C:\Users\ccliu\AppData\Local\Temp\ch.elf.vSEAII.ltrans0.ltrans.o
 *fill*         0x080042fc        0x4 
 .text.__reg_object_init
                0x08004300       0x18 C:\Users\ccliu\AppData\Local\Temp\ch.elf.vSEAII.ltrans0.ltrans.o
 *fill*         0x08004318        0x8 
 .text.__idle_thread
                0x08004320        0x8 C:\Users\ccliu\AppData\Local\Temp\ch.elf.vSEAII.ltrans0.ltrans.o
 *fill*         0x08004328        0x8 
 .text.chInstanceObjectInit
                0x08004330       0xc0 C:\Users\ccliu\AppData\Local\Temp\ch.elf.vSEAII.ltrans0.ltrans.o
 .text.ch_list_init
                0x080043f0       0x10 C:\Users\ccliu\AppData\Local\Temp\ch.elf.vSEAII.ltrans0.ltrans.o
 .text.ch_list_notempty
                0x08004400       0x1c C:\Users\ccliu\AppData\Local\Temp\ch.elf.vSEAII.ltrans0.ltrans.o
 *fill*         0x0800441c        0x4 
 .text.ch_list_unlink
                0x08004420       0x1c C:\Users\ccliu\AppData\Local\Temp\ch.elf.vSEAII.ltrans0.ltrans.o
 *fill*         0x0800443c        0x4 
 .text.ch_queue_init.lto_priv.3
                0x08004440       0x18 C:\Users\ccliu\AppData\Local\Temp\ch.elf.vSEAII.ltrans0.ltrans.o
 *fill*         0x08004458        0x8 
 .text.ch_queue_notempty.lto_priv.0
                0x08004460       0x1c C:\Users\ccliu\AppData\Local\Temp\ch.elf.vSEAII.ltrans0.ltrans.o
 *fill*         0x0800447c        0x4 
 .text.ch_queue_insert.lto_priv.0
                0x08004480       0x28 C:\Users\ccliu\AppData\Local\Temp\ch.elf.vSEAII.ltrans0.ltrans.o
 *fill*         0x080044a8        0x8 
 .text.ch_queue_fifo_remove.lto_priv.0
                0x080044b0       0x24 C:\Users\ccliu\AppData\Local\Temp\ch.elf.vSEAII.ltrans0.ltrans.o
 *fill*         0x080044d4        0xc 
 .text.ch_queue_dequeue.lto_priv.1
                0x080044e0       0x20 C:\Users\ccliu\AppData\Local\Temp\ch.elf.vSEAII.ltrans0.ltrans.o
 .text.chSysLock.lto_priv.6
                0x08004500       0x18 C:\Users\ccliu\AppData\Local\Temp\ch.elf.vSEAII.ltrans0.ltrans.o
 *fill*         0x08004518        0x8 
 .text.chSysUnlock.lto_priv.6
                0x08004520       0x18 C:\Users\ccliu\AppData\Local\Temp\ch.elf.vSEAII.ltrans0.ltrans.o
 *fill*         0x08004538        0x8 
 .text.chThdGetSelfX.lto_priv.0
                0x08004540        0xc C:\Users\ccliu\AppData\Local\Temp\ch.elf.vSEAII.ltrans0.ltrans.o
 *fill*         0x0800454c        0x4 
 .text.chThdSleepS
                0x08004550       0x18 C:\Users\ccliu\AppData\Local\Temp\ch.elf.vSEAII.ltrans0.ltrans.o
 *fill*         0x08004568        0x8 
 .text.chThdDoDequeueNextI
                0x08004570       0x28 C:\Users\ccliu\AppData\Local\Temp\ch.elf.vSEAII.ltrans0.ltrans.o
 *fill*         0x08004598        0x8 
 .text.__thd_object_init
                0x080045a0       0x78 C:\Users\ccliu\AppData\Local\Temp\ch.elf.vSEAII.ltrans0.ltrans.o
 *fill*         0x08004618        0x8 
 .text.chThdCreateSuspendedI
                0x08004620       0x60 C:\Users\ccliu\AppData\Local\Temp\ch.elf.vSEAII.ltrans0.ltrans.o
 .text.chThdCreateI
                0x08004680       0x20 C:\Users\ccliu\AppData\Local\Temp\ch.elf.vSEAII.ltrans0.ltrans.o
 .text.chThdCreateStatic
                0x080046a0       0x78 C:\Users\ccliu\AppData\Local\Temp\ch.elf.vSEAII.ltrans0.ltrans.o
 *fill*         0x08004718        0x8 
 .text.chThdExit
                0x08004720       0x18 C:\Users\ccliu\AppData\Local\Temp\ch.elf.vSEAII.ltrans0.ltrans.o
                0x08004720                chThdExit
 *fill*         0x08004738        0x8 
 .text.chThdExitS
                0x08004740       0x7c C:\Users\ccliu\AppData\Local\Temp\ch.elf.vSEAII.ltrans0.ltrans.o
 *fill*         0x080047bc        0x4 
 .text.chThdSleep
                0x080047c0       0x1c C:\Users\ccliu\AppData\Local\Temp\ch.elf.vSEAII.ltrans0.ltrans.o
 *fill*         0x080047dc        0x4 
 .text.chThdSuspendS
                0x080047e0       0x30 C:\Users\ccliu\AppData\Local\Temp\ch.elf.vSEAII.ltrans0.ltrans.o
 .text.chThdResumeI
                0x08004810       0x30 C:\Users\ccliu\AppData\Local\Temp\ch.elf.vSEAII.ltrans0.ltrans.o
 .text.chThdEnqueueTimeoutS
                0x08004840       0x40 C:\Users\ccliu\AppData\Local\Temp\ch.elf.vSEAII.ltrans0.ltrans.o
 .text.chThdDequeueNextI
                0x08004880       0x28 C:\Users\ccliu\AppData\Local\Temp\ch.elf.vSEAII.ltrans0.ltrans.o
 *fill*         0x080048a8        0x8 
 .text.tm_stop  0x080048b0       0x70 C:\Users\ccliu\AppData\Local\Temp\ch.elf.vSEAII.ltrans0.ltrans.o
 .text.chTMObjectInit
                0x08004920       0x34 C:\Users\ccliu\AppData\Local\Temp\ch.elf.vSEAII.ltrans0.ltrans.o
 *fill*         0x08004954        0xc 
 .text.chTMStartMeasurementX
                0x08004960       0x18 C:\Users\ccliu\AppData\Local\Temp\ch.elf.vSEAII.ltrans0.ltrans.o
 *fill*         0x08004978        0x8 
 .text.chTMStopMeasurementX
                0x08004980       0x28 C:\Users\ccliu\AppData\Local\Temp\ch.elf.vSEAII.ltrans0.ltrans.o
 *fill*         0x080049a8        0x8 
 .text.ch_queue_init.lto_priv.5
                0x080049b0       0x18 C:\Users\ccliu\AppData\Local\Temp\ch.elf.vSEAII.ltrans0.ltrans.o
 *fill*         0x080049c8        0x8 
 .text.chMtxObjectInit
                0x080049d0       0x1c C:\Users\ccliu\AppData\Local\Temp\ch.elf.vSEAII.ltrans0.ltrans.o
 *fill*         0x080049ec        0x4 
 .text.chEvtSignalI
                0x080049f0       0x5c C:\Users\ccliu\AppData\Local\Temp\ch.elf.vSEAII.ltrans0.ltrans.o
 *fill*         0x08004a4c        0x4 
 .text.chEvtBroadcastFlagsI
                0x08004a50       0x58 C:\Users\ccliu\AppData\Local\Temp\ch.elf.vSEAII.ltrans0.ltrans.o
 *fill*         0x08004aa8        0x8 
 .text.chSysLock.lto_priv.15
                0x08004ab0       0x18 C:\Users\ccliu\AppData\Local\Temp\ch.elf.vSEAII.ltrans0.ltrans.o
 *fill*         0x08004ac8        0x8 
 .text.chSysUnlock.lto_priv.15
                0x08004ad0       0x18 C:\Users\ccliu\AppData\Local\Temp\ch.elf.vSEAII.ltrans0.ltrans.o
 *fill*         0x08004ae8        0x8 
 .text.__core_init
                0x08004af0       0x1c C:\Users\ccliu\AppData\Local\Temp\ch.elf.vSEAII.ltrans0.ltrans.o
 *fill*         0x08004b0c        0x4 
 .text.chCoreAllocFromTopI
                0x08004b10       0x50 C:\Users\ccliu\AppData\Local\Temp\ch.elf.vSEAII.ltrans0.ltrans.o
 .text.chCoreAllocFromTop
                0x08004b60       0x28 C:\Users\ccliu\AppData\Local\Temp\ch.elf.vSEAII.ltrans0.ltrans.o
 *fill*         0x08004b88        0x8 
 .text.__heap_init
                0x08004b90       0x2c C:\Users\ccliu\AppData\Local\Temp\ch.elf.vSEAII.ltrans0.ltrans.o
 *fill*         0x08004bbc        0x4 
 .text.chPoolObjectInitAligned
                0x08004bc0       0x28 C:\Users\ccliu\AppData\Local\Temp\ch.elf.vSEAII.ltrans0.ltrans.o
 *fill*         0x08004be8        0x8 
 .text.chCoreAllocAlignedI
                0x08004bf0       0x1c C:\Users\ccliu\AppData\Local\Temp\ch.elf.vSEAII.ltrans0.ltrans.o
 *fill*         0x08004c0c        0x4 
 .text.chPoolObjectInit
                0x08004c10       0x20 C:\Users\ccliu\AppData\Local\Temp\ch.elf.vSEAII.ltrans0.ltrans.o
 .text.dyn_list_init
                0x08004c30       0x10 C:\Users\ccliu\AppData\Local\Temp\ch.elf.vSEAII.ltrans0.ltrans.o
 .text.__factory_init
                0x08004c40       0x6c C:\Users\ccliu\AppData\Local\Temp\ch.elf.vSEAII.ltrans0.ltrans.o
 *fill*         0x08004cac        0x4 
 .text.__NVIC_SetPriorityGrouping
                0x08004cb0       0x40 C:\Users\ccliu\AppData\Local\Temp\ch.elf.vSEAII.ltrans0.ltrans.o
 .text.__NVIC_SetPriority
                0x08004cf0       0x50 C:\Users\ccliu\AppData\Local\Temp\ch.elf.vSEAII.ltrans0.ltrans.o
 .text.SVC_Handler
                0x08004d40       0x34 C:\Users\ccliu\AppData\Local\Temp\ch.elf.vSEAII.ltrans0.ltrans.o
                0x08004d40                SVC_Handler
 *fill*         0x08004d74        0xc 
 .text.port_init
                0x08004d80       0x5c C:\Users\ccliu\AppData\Local\Temp\ch.elf.vSEAII.ltrans0.ltrans.o
 *fill*         0x08004ddc        0x4 
 .text.__port_irq_epilogue
                0x08004de0       0x84 C:\Users\ccliu\AppData\Local\Temp\ch.elf.vSEAII.ltrans0.ltrans.o
 *fill*         0x08004e64        0xc 
 .text.long_to_string_with_divisor
                0x08004e70       0xa0 C:\Users\ccliu\AppData\Local\Temp\ch.elf.vSEAII.ltrans0.ltrans.o
 .text.ch_ltoa  0x08004f10       0x20 C:\Users\ccliu\AppData\Local\Temp\ch.elf.vSEAII.ltrans0.ltrans.o
 .text.chvprintf
                0x08004f30      0x4d0 C:\Users\ccliu\AppData\Local\Temp\ch.elf.vSEAII.ltrans0.ltrans.o
 .text.chprintf
                0x08005400       0x28 C:\Users\ccliu\AppData\Local\Temp\ch.elf.vSEAII.ltrans0.ltrans.o
 *fill*         0x08005428        0x8 
 .text.hex2int  0x08005430       0x5c C:\Users\ccliu\AppData\Local\Temp\ch.elf.vSEAII.ltrans0.ltrans.o
 *fill*         0x0800548c        0x4 
 .text.minmea_check
                0x08005490      0x114 C:\Users\ccliu\AppData\Local\Temp\ch.elf.vSEAII.ltrans0.ltrans.o
 *fill*         0x080055a4        0xc 
 .text.minmea_isfield
                0x080055b0       0x44 C:\Users\ccliu\AppData\Local\Temp\ch.elf.vSEAII.ltrans0.ltrans.o
 *fill*         0x080055f4        0xc 
 .text.minmea_scan
                0x08005600      0x704 C:\Users\ccliu\AppData\Local\Temp\ch.elf.vSEAII.ltrans0.ltrans.o
 *fill*         0x08005d04        0xc 
 .text.minmea_sentence_id
                0x08005d10      0x12c C:\Users\ccliu\AppData\Local\Temp\ch.elf.vSEAII.ltrans0.ltrans.o
 *fill*         0x08005e3c        0x4 
 .text.minmea_parse_rmc
                0x08005e40       0xc8 C:\Users\ccliu\AppData\Local\Temp\ch.elf.vSEAII.ltrans0.ltrans.o
 *fill*         0x08005f08        0x8 
 .text.minmea_parse_gga
                0x08005f10       0xd4 C:\Users\ccliu\AppData\Local\Temp\ch.elf.vSEAII.ltrans0.ltrans.o
 *fill*         0x08005fe4        0xc 
 .text.minmea_parse_gll
                0x08005ff0       0x90 C:\Users\ccliu\AppData\Local\Temp\ch.elf.vSEAII.ltrans0.ltrans.o
 .text.minmea_parse_gst
                0x08006080       0x80 C:\Users\ccliu\AppData\Local\Temp\ch.elf.vSEAII.ltrans0.ltrans.o
 .text.minmea_parse_gsv
                0x08006100      0x118 C:\Users\ccliu\AppData\Local\Temp\ch.elf.vSEAII.ltrans0.ltrans.o
 *fill*         0x08006218        0x8 
 .text.minmea_parse_vtg
                0x08006220       0xb0 C:\Users\ccliu\AppData\Local\Temp\ch.elf.vSEAII.ltrans0.ltrans.o
 .text.minmea_parse_zda
                0x080062d0       0x94 C:\Users\ccliu\AppData\Local\Temp\ch.elf.vSEAII.ltrans0.ltrans.o
 *fill*         0x08006364        0xc 
 .text.chRegSetThreadName.lto_priv.1
                0x08006370       0x18 C:\Users\ccliu\AppData\Local\Temp\ch.elf.vSEAII.ltrans0.ltrans.o
 *fill*         0x08006388        0x8 
 .text.minmea_rescale
                0x08006390       0x88 C:\Users\ccliu\AppData\Local\Temp\ch.elf.vSEAII.ltrans0.ltrans.o
 *fill*         0x08006418        0x8 
 .text.minmea_tofloat
                0x08006420       0x40 C:\Users\ccliu\AppData\Local\Temp\ch.elf.vSEAII.ltrans0.ltrans.o
 .text.minmea_tocoord
                0x08006460       0x84 C:\Users\ccliu\AppData\Local\Temp\ch.elf.vSEAII.ltrans0.ltrans.o
 *fill*         0x080064e4        0xc 
 .text.rxchar   0x080064f0       0x94 C:\Users\ccliu\AppData\Local\Temp\ch.elf.vSEAII.ltrans0.ltrans.o
 *fill*         0x08006584        0xc 
 .text.thdGps   0x08006590      0x524 C:\Users\ccliu\AppData\Local\Temp\ch.elf.vSEAII.ltrans0.ltrans.o
 *fill*         0x08006ab4        0xc 
 .text.chRegSetThreadName.lto_priv.2
                0x08006ac0       0x18 C:\Users\ccliu\AppData\Local\Temp\ch.elf.vSEAII.ltrans0.ltrans.o
 *fill*         0x08006ad8        0x8 
 .text.thdBlinker
                0x08006ae0       0x1c C:\Users\ccliu\AppData\Local\Temp\ch.elf.vSEAII.ltrans0.ltrans.o
 *fill*         0x08006afc        0x4 
 .text.main     0x08006b00       0x4c C:\Users\ccliu\AppData\Local\Temp\ch.elf.vSEAII.ltrans0.ltrans.o
                0x08006b00                main
 .text._strtol_l.part.0
                0x08006b4c      0x120 c:/chibistudio/tools/gnu tools arm embedded/10.3 2021.07/bin/../lib/gcc/arm-none-eabi/10.3.1/../../../../arm-none-eabi/lib/thumb/v7e-m/nofp\libg.a(lib_a-strtol.o)
 .text.strtol   0x08006c6c       0x2c c:/chibistudio/tools/gnu tools arm embedded/10.3 2021.07/bin/../lib/gcc/arm-none-eabi/10.3.1/../../../../arm-none-eabi/lib/thumb/v7e-m/nofp\libg.a(lib_a-strtol.o)
                0x08006c6c                strtol
 .text.__errno  0x08006c98        0xc c:/chibistudio/tools/gnu tools arm embedded/10.3 2021.07/bin/../lib/gcc/arm-none-eabi/10.3.1/../../../../arm-none-eabi/lib/thumb/v7e-m/nofp\libg.a(lib_a-errno.o)
                0x08006c98                __errno
 .text.strncmp  0x08006ca4       0x80 c:/chibistudio/tools/gnu tools arm embedded/10.3 2021.07/bin/../lib/gcc/arm-none-eabi/10.3.1/../../../../arm-none-eabi/lib/thumb/v7e-m/nofp\libg.a(lib_a-strncmp.o)
                0x08006ca4                strncmp
 *(.glue_7t)
 .glue_7t       0x08006d24        0x0 linker stubs
 *(.glue_7)
 .glue_7        0x08006d24        0x0 linker stubs
 *(.gcc*)
                0x08006d24                __text_end__ = .

.vfp11_veneer   0x08006d24        0x0
 .vfp11_veneer  0x08006d24        0x0 linker stubs

.v4_bx          0x08006d24        0x0
 .v4_bx         0x08006d24        0x0 linker stubs

.iplt           0x08006d24        0x0
 .iplt          0x08006d24        0x0 ./build/obj/crt0_v7m.o

.rodata         0x08006d24      0x9e8
                0x08006d24                __rodata_base__ = .
 *(.rodata)
 *(.rodata.*)
 .rodata.ram_areas
                0x08006d24       0x80 C:\Users\ccliu\AppData\Local\Temp\ch.elf.vSEAII.ltrans0.ltrans.o
 .rodata.vmt.lto_priv.0
                0x08006da4       0x28 C:\Users\ccliu\AppData\Local\Temp\ch.elf.vSEAII.ltrans0.ltrans.o
 .rodata._stm32_dma_streams
                0x08006dcc       0xc0 C:\Users\ccliu\AppData\Local\Temp\ch.elf.vSEAII.ltrans0.ltrans.o
 .rodata.default_config
                0x08006e8c        0xc C:\Users\ccliu\AppData\Local\Temp\ch.elf.vSEAII.ltrans0.ltrans.o
 .rodata.uart_lld_serve_rx_end_irq.str1.4
                0x08006e98        0xc C:\Users\ccliu\AppData\Local\Temp\ch.elf.vSEAII.ltrans0.ltrans.o
 .rodata.gpio_default_config
                0x08006ea4       0xa8 C:\Users\ccliu\AppData\Local\Temp\ch.elf.vSEAII.ltrans0.ltrans.o
 .rodata.str1.4
                0x08006f4c       0x96 C:\Users\ccliu\AppData\Local\Temp\ch.elf.vSEAII.ltrans0.ltrans.o
 *fill*         0x08006fe2        0x2 
 .rodata.ch_core0_cfg
                0x08006fe4       0x14 C:\Users\ccliu\AppData\Local\Temp\ch.elf.vSEAII.ltrans0.ltrans.o
 .rodata.chInstanceObjectInit.str1.4
                0x08006ff8        0x5 C:\Users\ccliu\AppData\Local\Temp\ch.elf.vSEAII.ltrans0.ltrans.o
 *fill*         0x08006ffd        0x3 
 .rodata.chThdCreateStatic.str1.4
                0x08007000        0x7 C:\Users\ccliu\AppData\Local\Temp\ch.elf.vSEAII.ltrans0.ltrans.o
 *fill*         0x08007007        0x1 
 .rodata.ch_debug
                0x08007008       0x16 C:\Users\ccliu\AppData\Local\Temp\ch.elf.vSEAII.ltrans0.ltrans.o
 *fill*         0x0800701e        0x2 
 .rodata.chvprintf.str1.4
                0x08007020        0x7 C:\Users\ccliu\AppData\Local\Temp\ch.elf.vSEAII.ltrans0.ltrans.o
 *fill*         0x08007027        0x1 
 .rodata.shellThread.str1.4
                0x08007028       0x71 C:\Users\ccliu\AppData\Local\Temp\ch.elf.vSEAII.ltrans0.ltrans.o
                                 0x75 (size before relaxing)
 .rodata.minmea_check.str1.4
                0x08007099       0x71 C:\Users\ccliu\AppData\Local\Temp\ch.elf.vSEAII.ltrans0.ltrans.o
                                  0x2 (size before relaxing)
 *fill*         0x08007099        0x3 
 .rodata.minmea_talker_id.str1.4
                0x0800709c        0x2 C:\Users\ccliu\AppData\Local\Temp\ch.elf.vSEAII.ltrans0.ltrans.o
 *fill*         0x0800709e        0x2 
 .rodata.minmea_sentence_id.str1.4
                0x080070a0       0x20 C:\Users\ccliu\AppData\Local\Temp\ch.elf.vSEAII.ltrans0.ltrans.o
 .rodata.minmea_parse_rmc.str1.4
                0x080070c0        0xd C:\Users\ccliu\AppData\Local\Temp\ch.elf.vSEAII.ltrans0.ltrans.o
 *fill*         0x080070cd        0x3 
 .rodata.minmea_parse_gga.str1.4
                0x080070d0       0x10 C:\Users\ccliu\AppData\Local\Temp\ch.elf.vSEAII.ltrans0.ltrans.o
 .rodata.minmea_parse_gll.str1.4
                0x080070e0        0xa C:\Users\ccliu\AppData\Local\Temp\ch.elf.vSEAII.ltrans0.ltrans.o
 *fill*         0x080070ea        0x2 
 .rodata.minmea_parse_gst.str1.4
                0x080070ec        0xa C:\Users\ccliu\AppData\Local\Temp\ch.elf.vSEAII.ltrans0.ltrans.o
 *fill*         0x080070f6        0x2 
 .rodata.minmea_parse_gsv.str1.4
                0x080070f8       0x16 C:\Users\ccliu\AppData\Local\Temp\ch.elf.vSEAII.ltrans0.ltrans.o
 *fill*         0x0800710e        0x2 
 .rodata.minmea_parse_vtg.str1.4
                0x08007110        0xc C:\Users\ccliu\AppData\Local\Temp\ch.elf.vSEAII.ltrans0.ltrans.o
 .rodata.minmea_parse_zda.str1.4
                0x0800711c        0x8 C:\Users\ccliu\AppData\Local\Temp\ch.elf.vSEAII.ltrans0.ltrans.o
 .rodata.thdGps.str1.4
                0x08007124      0x4dc C:\Users\ccliu\AppData\Local\Temp\ch.elf.vSEAII.ltrans0.ltrans.o
 .rodata.thdBlinker.str1.4
                0x08007600        0x8 C:\Users\ccliu\AppData\Local\Temp\ch.elf.vSEAII.ltrans0.ltrans.o
 .rodata._ctype_
                0x08007608      0x101 c:/chibistudio/tools/gnu tools arm embedded/10.3 2021.07/bin/../lib/gcc/arm-none-eabi/10.3.1/../../../../arm-none-eabi/lib/thumb/v7e-m/nofp\libg.a(lib_a-ctype_.o)
                0x08007608                _ctype_
                0x0800770c                . = ALIGN (0x4)
 *fill*         0x08007709        0x3 
                0x0800770c                __rodata_end__ = .

.rel.dyn        0x0800770c        0x0
 .rel.iplt      0x0800770c        0x0 ./build/obj/crt0_v7m.o

.ARM.extab
 *(.ARM.extab* .gnu.linkonce.armextab.*)

.ARM.exidx      0x0800770c        0x0
                0x0800770c                __exidx_base__ = .
                0x0800770c                __exidx_start = .
 *(.ARM.exidx* .gnu.linkonce.armexidx.*)
                0x0800770c                __exidx_end__ = .
                0x0800770c                __exidx_end = .

.eh_frame_hdr
 *(.eh_frame_hdr)

.eh_frame
 *(.eh_frame)

.data           0x20000800      0x458 load address 0x0800770c
                [!provide]                PROVIDE (_textdata = LOADADDR (.data))
                [!provide]                PROVIDE (_data = .)
                0x0800770c                __textdata_base__ = LOADADDR (.data)
                0x20000800                __data_base__ = .
 *(.data)
 *(.data.*)
 .data.uart1_cfg
                0x20000800       0x24 C:\Users\ccliu\AppData\Local\Temp\ch.elf.vSEAII.ltrans0.ltrans.o
 .data.chp2     0x20000824        0x4 C:\Users\ccliu\AppData\Local\Temp\ch.elf.vSEAII.ltrans0.ltrans.o
 .data._impure_ptr
                0x20000828        0x4 c:/chibistudio/tools/gnu tools arm embedded/10.3 2021.07/bin/../lib/gcc/arm-none-eabi/10.3.1/../../../../arm-none-eabi/lib/thumb/v7e-m/nofp\libg.a(lib_a-impure.o)
                0x20000828                _impure_ptr
 *fill*         0x2000082c        0x4 
 .data.impure_data
                0x20000830      0x428 c:/chibistudio/tools/gnu tools arm embedded/10.3 2021.07/bin/../lib/gcc/arm-none-eabi/10.3.1/../../../../arm-none-eabi/lib/thumb/v7e-m/nofp\libg.a(lib_a-impure.o)
 *(.ramtext)
                0x20000c58                . = ALIGN (0x4)
                [!provide]                PROVIDE (_edata = .)
                0x20000c58                __data_end__ = .

.igot.plt       0x20000c58        0x0 load address 0x08007b64
 .igot.plt      0x20000c58        0x0 ./build/obj/crt0_v7m.o

.bss            0x20000c58      0xa68 load address 0x08007b64
                0x20000c58                __bss_base__ = .
 *(.bss)
 *(.bss.*)
 .bss.dma       0x20000c58       0x84 C:\Users\ccliu\AppData\Local\Temp\ch.elf.vSEAII.ltrans0.ltrans.o
 .bss.SD2       0x20000cdc       0x80 C:\Users\ccliu\AppData\Local\Temp\ch.elf.vSEAII.ltrans0.ltrans.o
 .bss.UARTD1    0x20000d5c       0x24 C:\Users\ccliu\AppData\Local\Temp\ch.elf.vSEAII.ltrans0.ltrans.o
 .bss.ch_system
                0x20000d80        0xc C:\Users\ccliu\AppData\Local\Temp\ch.elf.vSEAII.ltrans0.ltrans.o
 *fill*         0x20000d8c        0x4 
 .bss.ch0       0x20000d90       0x88 C:\Users\ccliu\AppData\Local\Temp\ch.elf.vSEAII.ltrans0.ltrans.o
 .bss.ch_c0_idle_thread_wa
                0x20000e18      0x100 C:\Users\ccliu\AppData\Local\Temp\ch.elf.vSEAII.ltrans0.ltrans.o
 .bss.ch_memcore
                0x20000f18        0x8 C:\Users\ccliu\AppData\Local\Temp\ch.elf.vSEAII.ltrans0.ltrans.o
 .bss.default_heap
                0x20000f20       0x1c C:\Users\ccliu\AppData\Local\Temp\ch.elf.vSEAII.ltrans0.ltrans.o
 .bss.ch_factory
                0x20000f3c       0x48 C:\Users\ccliu\AppData\Local\Temp\ch.elf.vSEAII.ltrans0.ltrans.o
 .bss.line      0x20000f84       0x50 C:\Users\ccliu\AppData\Local\Temp\ch.elf.vSEAII.ltrans0.ltrans.o
 .bss.trp       0x20000fd4        0x4 C:\Users\ccliu\AppData\Local\Temp\ch.elf.vSEAII.ltrans0.ltrans.o
 .bss.k.0       0x20000fd8        0x4 C:\Users\ccliu\AppData\Local\Temp\ch.elf.vSEAII.ltrans0.ltrans.o
 *fill*         0x20000fdc        0x4 
 .bss.waBlinker
                0x20000fe0      0x1f0 C:\Users\ccliu\AppData\Local\Temp\ch.elf.vSEAII.ltrans0.ltrans.o
 .bss.waGps     0x200011d0      0x4f0 C:\Users\ccliu\AppData\Local\Temp\ch.elf.vSEAII.ltrans0.ltrans.o
 *(COMMON)
                0x200016c0                . = ALIGN (0x4)
                0x200016c0                __bss_end__ = .
                [!provide]                PROVIDE (end = .)
                0x20000000                __ram0_base__ = ORIGIN (ram0)
                0x00018000                __ram0_size__ = LENGTH (ram0)
                0x20018000                __ram0_end__ = (__ram0_base__ + __ram0_size__)
                0x00000000                __ram1_base__ = ORIGIN (ram1)
                0x00000000                __ram1_size__ = LENGTH (ram1)
                0x00000000                __ram1_end__ = (__ram1_base__ + __ram1_size__)
                0x00000000                __ram2_base__ = ORIGIN (ram2)
                0x00000000                __ram2_size__ = LENGTH (ram2)
                0x00000000                __ram2_end__ = (__ram2_base__ + __ram2_size__)
                0x00000000                __ram3_base__ = ORIGIN (ram3)
                0x00000000                __ram3_size__ = LENGTH (ram3)
                0x00000000                __ram3_end__ = (__ram3_base__ + __ram3_size__)
                0x00000000                __ram4_base__ = ORIGIN (ram4)
                0x00000000                __ram4_size__ = LENGTH (ram4)
                0x00000000                __ram4_end__ = (__ram4_base__ + __ram4_size__)
                0x00000000                __ram5_base__ = ORIGIN (ram5)
                0x00000000                __ram5_size__ = LENGTH (ram5)
                0x00000000                __ram5_end__ = (__ram5_base__ + __ram5_size__)
                0x00000000                __ram6_base__ = ORIGIN (ram6)
                0x00000000                __ram6_size__ = LENGTH (ram6)
                0x00000000                __ram6_end__ = (__ram6_base__ + __ram6_size__)
                0x00000000                __ram7_base__ = ORIGIN (ram7)
                0x00000000                __ram7_size__ = LENGTH (ram7)
                0x00000000                __ram7_end__ = (__ram7_base__ + __ram7_size__)
                0x08000000                __flash0_base__ = ORIGIN (flash0)
                0x00080000                __flash0_size__ = LENGTH (flash0)
                0x08080000                __flash0_end__ = (__flash0_base__ + __flash0_size__)
                0x00000000                __flash1_base__ = ORIGIN (flash1)
                0x00000000                __flash1_size__ = LENGTH (flash1)
                0x00000000                __flash1_end__ = (__flash1_base__ + __flash1_size__)
                0x00000000                __flash2_base__ = ORIGIN (flash2)
                0x00000000                __flash2_size__ = LENGTH (flash2)
                0x00000000                __flash2_end__ = (__flash2_base__ + __flash2_size__)
                0x00000000                __flash3_base__ = ORIGIN (flash3)
                0x00000000                __flash3_size__ = LENGTH (flash3)
                0x00000000                __flash3_end__ = (__flash3_base__ + __flash3_size__)
                0x00000000                __flash4_base__ = ORIGIN (flash4)
                0x00000000                __flash4_size__ = LENGTH (flash4)
                0x00000000                __flash4_end__ = (__flash4_base__ + __flash4_size__)
                0x00000000                __flash5_base__ = ORIGIN (flash5)
                0x00000000                __flash5_size__ = LENGTH (flash5)
                0x00000000                __flash5_end__ = (__flash5_base__ + __flash5_size__)
                0x00000000                __flash6_base__ = ORIGIN (flash6)
                0x00000000                __flash6_size__ = LENGTH (flash6)
                0x00000000                __flash6_end__ = (__flash6_base__ + __flash6_size__)
                0x00000000                __flash7_base__ = ORIGIN (flash7)
                0x00000000                __flash7_size__ = LENGTH (flash7)
                0x00000000                __flash7_end__ = (__flash7_base__ + __flash7_size__)

.ram0_init      0x200016c0        0x0 load address 0x08007b64
                0x08007b64                __ram0_init_text__ = LOADADDR (.ram0_init)
                0x200016c0                __ram0_init__ = .
 *(.ram0_init)
 *(.ram0_init.*)
                0x200016c0                . = ALIGN (0x4)

.ram0           0x200016c0        0x0 load address 0x08007b64
                0x200016c0                __ram0_clear__ = .
 *(.ram0_clear)
 *(.ram0_clear.*)
                0x200016c0                . = ALIGN (0x4)
                0x200016c0                __ram0_noinit__ = .
 *(.ram0)
 *(.ram0.*)
                0x200016c0                . = ALIGN (0x4)
                0x200016c0                __ram0_free__ = .

.ram1_init      0x00000000        0x0 load address 0x08007b64
                0x08007b64                __ram1_init_text__ = LOADADDR (.ram1_init)
                0x00000000                __ram1_init__ = .
 *(.ram1_init)
 *(.ram1_init.*)
                0x00000000                . = ALIGN (0x4)

.ram1           0x00000000        0x0 load address 0x08007b64
                0x00000000                __ram1_clear__ = .
 *(.ram1_clear)
 *(.ram1_clear.*)
                0x00000000                . = ALIGN (0x4)
                0x00000000                __ram1_noinit__ = .
 *(.ram1)
 *(.ram1.*)
                0x00000000                . = ALIGN (0x4)
                0x00000000                __ram1_free__ = .

.ram2_init      0x00000000        0x0 load address 0x08007b64
                0x08007b64                __ram2_init_text__ = LOADADDR (.ram2_init)
                0x00000000                __ram2_init__ = .
 *(.ram2_init)
 *(.ram2_init.*)
                0x00000000                . = ALIGN (0x4)

.ram2           0x00000000        0x0 load address 0x08007b64
                0x00000000                __ram2_clear__ = .
 *(.ram2_clear)
 *(.ram2_clear.*)
                0x00000000                . = ALIGN (0x4)
                0x00000000                __ram2_noinit__ = .
 *(.ram2)
 *(.ram2.*)
                0x00000000                . = ALIGN (0x4)
                0x00000000                __ram2_free__ = .

.ram3_init      0x00000000        0x0 load address 0x08007b64
                0x08007b64                __ram3_init_text__ = LOADADDR (.ram3_init)
                0x00000000                __ram3_init__ = .
 *(.ram3_init)
 *(.ram3_init.*)
                0x00000000                . = ALIGN (0x4)

.ram3           0x00000000        0x0 load address 0x08007b64
                0x00000000                __ram3_clear__ = .
 *(.ram3_clear)
 *(.ram3_clear.*)
                0x00000000                . = ALIGN (0x4)
                0x00000000                __ram3_noinit__ = .
 *(.ram3)
 *(.ram3.*)
                0x00000000                . = ALIGN (0x4)
                0x00000000                __ram3_free__ = .

.ram4_init      0x00000000        0x0 load address 0x08007b64
                0x08007b64                __ram4_init_text__ = LOADADDR (.ram4_init)
                0x00000000                __ram4_init__ = .
 *(.ram4_init)
 *(.ram4_init.*)
                0x00000000                . = ALIGN (0x4)

.ram4           0x00000000        0x0 load address 0x08007b64
                0x00000000                __ram4_clear__ = .
 *(.ram4_clear)
 *(.ram4_clear.*)
                0x00000000                . = ALIGN (0x4)
                0x00000000                __ram4_noinit__ = .
 *(.ram4)
 *(.ram4.*)
                0x00000000                . = ALIGN (0x4)
                0x00000000                __ram4_free__ = .

.ram5_init      0x00000000        0x0 load address 0x08007b64
                0x08007b64                __ram5_init_text__ = LOADADDR (.ram5_init)
                0x00000000                __ram5_init__ = .
 *(.ram5_init)
 *(.ram5_init.*)
                0x00000000                . = ALIGN (0x4)

.ram5           0x00000000        0x0 load address 0x08007b64
                0x00000000                __ram5_clear__ = .
 *(.ram5_clear)
 *(.ram5_clear.*)
                0x00000000                . = ALIGN (0x4)
                0x00000000                __ram5_noinit__ = .
 *(.ram5)
 *(.ram5.*)
                0x00000000                . = ALIGN (0x4)
                0x00000000                __ram5_free__ = .

.ram6_init      0x00000000        0x0 load address 0x08007b64
                0x08007b64                __ram6_init_text__ = LOADADDR (.ram6_init)
                0x00000000                __ram6_init__ = .
 *(.ram6_init)
 *(.ram6_init.*)
                0x00000000                . = ALIGN (0x4)

.ram6           0x00000000        0x0 load address 0x08007b64
                0x00000000                __ram6_clear__ = .
 *(.ram6_clear)
 *(.ram6_clear.*)
                0x00000000                . = ALIGN (0x4)
                0x00000000                __ram6_noinit__ = .
 *(.ram6)
 *(.ram6.*)
                0x00000000                . = ALIGN (0x4)
                0x00000000                __ram6_free__ = .

.ram7_init      0x00000000        0x0 load address 0x08007b64
                0x08007b64                __ram7_init_text__ = LOADADDR (.ram7_init)
                0x00000000                __ram7_init__ = .
 *(.ram7_init)
 *(.ram7_init.*)
                0x00000000                . = ALIGN (0x4)

.ram7           0x00000000        0x0 load address 0x08007b64
                0x00000000                __ram7_clear__ = .
 *(.ram7_clear)
 *(.ram7_clear.*)
                0x00000000                . = ALIGN (0x4)
                0x00000000                __ram7_noinit__ = .
 *(.ram7)
 *(.ram7.*)
                0x00000000                . = ALIGN (0x4)
                0x00000000                __ram7_free__ = .

.flash0         0x08007b64        0x0
                0x08007b64                __flash0_init__ = .
 *(.flash0_init)
 *(.flash0_init.*)
                0x08007b64                __flash0_free__ = .

.flash1         0x00000000        0x0
                0x00000000                __flash1_init__ = .
 *(.flash1_init)
 *(.flash1_init.*)
                0x00000000                __flash1_free__ = .

.flash2         0x00000000        0x0
                0x00000000                __flash2_init__ = .
 *(.flash2_init)
 *(.flash2_init.*)
                0x00000000                __flash2_free__ = .

.flash3         0x00000000        0x0
                0x00000000                __flash3_init__ = .
 *(.flash3_init)
 *(.flash3_init.*)
                0x00000000                __flash3_free__ = .

.flash4         0x00000000        0x0
                0x00000000                __flash4_init__ = .
 *(.flash4_init)
 *(.flash4_init.*)
                0x00000000                __flash4_free__ = .

.flash5         0x00000000        0x0
                0x00000000                __flash5_init__ = .
 *(.flash5_init)
 *(.flash5_init.*)
                0x00000000                __flash5_free__ = .

.flash6         0x00000000        0x0
                0x00000000                __flash6_init__ = .
 *(.flash6_init)
 *(.flash6_init.*)
                0x00000000                __flash6_free__ = .

.flash7         0x00000000        0x0
                0x00000000                __flash7_init__ = .
 *(.flash7_init)
 *(.flash7_init.*)
                0x00000000                __flash7_free__ = .

.heap           0x200016c0    0x16940
                0x200016c0                . = ALIGN (0x8)
                0x200016c0                __heap_base__ = .
                0x20018000                . = (ORIGIN (HEAP_RAM) + LENGTH (HEAP_RAM))
 *fill*         0x200016c0    0x16940 
                0x20018000                __heap_end__ = .
                0x00000400                __process_stack_size__ = 0x400
                0x00000400                __main_stack_size__ = 0x400
START GROUP
LOAD c:/chibistudio/tools/gnu tools arm embedded/10.3 2021.07/bin/../lib/gcc/arm-none-eabi/10.3.1/thumb/v7e-m/nofp\libgcc.a
LOAD c:/chibistudio/tools/gnu tools arm embedded/10.3 2021.07/bin/../lib/gcc/arm-none-eabi/10.3.1/../../../../arm-none-eabi/lib/thumb/v7e-m/nofp\libg.a
LOAD c:/chibistudio/tools/gnu tools arm embedded/10.3 2021.07/bin/../lib/gcc/arm-none-eabi/10.3.1/../../../../arm-none-eabi/lib/thumb/v7e-m/nofp\libc.a
END GROUP
OUTPUT(build/ch.elf elf32-littlearm)
LOAD linker stubs

.ARM.attributes
                0x00000000       0x2f
 .ARM.attributes
                0x00000000       0x21 ./build/obj/crt0_v7m.o
 .ARM.attributes
                0x00000021       0x21 ./build/obj/vectors.o
 .ARM.attributes
                0x00000042       0x21 ./build/obj/chcoreasm.o
 .ARM.attributes
                0x00000063       0x2c C:\Users\ccliu\AppData\Local\Temp\ch.elf.vSEAII.ltrans0.ltrans.o
 .ARM.attributes
                0x0000008f       0x2e c:/chibistudio/tools/gnu tools arm embedded/10.3 2021.07/bin/../lib/gcc/arm-none-eabi/10.3.1/../../../../arm-none-eabi/lib/thumb/v7e-m/nofp\libg.a(lib_a-ctype_.o)
 .ARM.attributes
                0x000000bd       0x2e c:/chibistudio/tools/gnu tools arm embedded/10.3 2021.07/bin/../lib/gcc/arm-none-eabi/10.3.1/../../../../arm-none-eabi/lib/thumb/v7e-m/nofp\libg.a(lib_a-strtol.o)
 .ARM.attributes
                0x000000eb       0x2e c:/chibistudio/tools/gnu tools arm embedded/10.3 2021.07/bin/../lib/gcc/arm-none-eabi/10.3.1/../../../../arm-none-eabi/lib/thumb/v7e-m/nofp\libg.a(lib_a-errno.o)
 .ARM.attributes
                0x00000119       0x2e c:/chibistudio/tools/gnu tools arm embedded/10.3 2021.07/bin/../lib/gcc/arm-none-eabi/10.3.1/../../../../arm-none-eabi/lib/thumb/v7e-m/nofp\libg.a(lib_a-impure.o)
 .ARM.attributes
                0x00000147       0x1c c:/chibistudio/tools/gnu tools arm embedded/10.3 2021.07/bin/../lib/gcc/arm-none-eabi/10.3.1/../../../../arm-none-eabi/lib/thumb/v7e-m/nofp\libg.a(lib_a-memcpy.o)
 .ARM.attributes
                0x00000163       0x1c c:/chibistudio/tools/gnu tools arm embedded/10.3 2021.07/bin/../lib/gcc/arm-none-eabi/10.3.1/../../../../arm-none-eabi/lib/thumb/v7e-m/nofp\libg.a(lib_a-strcmp.o)
 .ARM.attributes
                0x0000017f       0x1c c:/chibistudio/tools/gnu tools arm embedded/10.3 2021.07/bin/../lib/gcc/arm-none-eabi/10.3.1/../../../../arm-none-eabi/lib/thumb/v7e-m/nofp\libg.a(lib_a-strlen.o)
 .ARM.attributes
                0x0000019b       0x2e c:/chibistudio/tools/gnu tools arm embedded/10.3 2021.07/bin/../lib/gcc/arm-none-eabi/10.3.1/../../../../arm-none-eabi/lib/thumb/v7e-m/nofp\libg.a(lib_a-strncmp.o)
 .ARM.attributes
                0x000001c9       0x1e c:/chibistudio/tools/gnu tools arm embedded/10.3 2021.07/bin/../lib/gcc/arm-none-eabi/10.3.1/thumb/v7e-m/nofp\libgcc.a(_arm_addsubdf3.o)
 .ARM.attributes
                0x000001e7       0x1e c:/chibistudio/tools/gnu tools arm embedded/10.3 2021.07/bin/../lib/gcc/arm-none-eabi/10.3.1/thumb/v7e-m/nofp\libgcc.a(_arm_addsubsf3.o)
 .ARM.attributes
                0x00000205       0x1e c:/chibistudio/tools/gnu tools arm embedded/10.3 2021.07/bin/../lib/gcc/arm-none-eabi/10.3.1/thumb/v7e-m/nofp\libgcc.a(_arm_muldivsf3.o)

.comment        0x00000000       0x49
 .comment       0x00000000       0x49 C:\Users\ccliu\AppData\Local\Temp\ch.elf.vSEAII.ltrans0.ltrans.o
                                 0x4a (size before relaxing)

.debug_line     0x00000000    0x1121d
 .debug_line    0x00000000       0xcd ./build/obj/crt0_v7m.o
 .debug_line    0x000000cd       0x77 ./build/obj/vectors.o
 .debug_line    0x00000144       0x8b ./build/obj/chcoreasm.o
 .debug_line    0x000001cf     0x9017 C:\Users\ccliu\AppData\Local\Temp\ch.elf.vSEAII.ltrans0.ltrans.o
 .debug_line    0x000091e6      0x12b C:\Users\ccliu\AppData\Local\Temp\ccLdGgyd.debug.temp.o
 .debug_line    0x00009311       0x71 C:\Users\ccliu\AppData\Local\Temp\ccmoL0T9.debug.temp.o
 .debug_line    0x00009382      0x1bb C:\Users\ccliu\AppData\Local\Temp\cc9wUSn5.debug.temp.o
 .debug_line    0x0000953d      0x2c7 C:\Users\ccliu\AppData\Local\Temp\ccEgTfW0.debug.temp.o
 .debug_line    0x00009804      0x2c5 C:\Users\ccliu\AppData\Local\Temp\ccXJMoDW.debug.temp.o
 .debug_line    0x00009ac9      0x206 C:\Users\ccliu\AppData\Local\Temp\ccAzuKnS.debug.temp.o
 .debug_line    0x00009ccf      0x1ea C:\Users\ccliu\AppData\Local\Temp\ccOTBl9I.debug.temp.o
 .debug_line    0x00009eb9      0x3bd C:\Users\ccliu\AppData\Local\Temp\ccdCTHaE.debug.temp.o
 .debug_line    0x0000a276      0x339 C:\Users\ccliu\AppData\Local\Temp\ccwH8rgz.debug.temp.o
 .debug_line    0x0000a5af      0x163 C:\Users\ccliu\AppData\Local\Temp\ccbeMWtu.debug.temp.o
 .debug_line    0x0000a712      0x6b3 C:\Users\ccliu\AppData\Local\Temp\ccK7mPLp.debug.temp.o
 .debug_line    0x0000adc5      0x1bb C:\Users\ccliu\AppData\Local\Temp\ccnDaV1j.debug.temp.o
 .debug_line    0x0000af80      0x244 C:\Users\ccliu\AppData\Local\Temp\ccl5DxW8.debug.temp.o
 .debug_line    0x0000b1c4      0x14a C:\Users\ccliu\AppData\Local\Temp\ccH3ThxY.debug.temp.o
 .debug_line    0x0000b30e      0x277 C:\Users\ccliu\AppData\Local\Temp\ccoXG75W.debug.temp.o
 .debug_line    0x0000b585      0x3a5 C:\Users\ccliu\AppData\Local\Temp\ccVhoYOV.debug.temp.o
 .debug_line    0x0000b92a      0x27d C:\Users\ccliu\AppData\Local\Temp\cciphBGU.debug.temp.o
 .debug_line    0x0000bba7      0x1a2 C:\Users\ccliu\AppData\Local\Temp\ccn7ZICT.debug.temp.o
 .debug_line    0x0000bd49      0x2ff C:\Users\ccliu\AppData\Local\Temp\cc5OPOHP.debug.temp.o
 .debug_line    0x0000c048      0x20c C:\Users\ccliu\AppData\Local\Temp\cciRwH2N.debug.temp.o
 .debug_line    0x0000c254      0x28f C:\Users\ccliu\AppData\Local\Temp\ccHmWzZF.debug.temp.o
 .debug_line    0x0000c4e3      0x25b C:\Users\ccliu\AppData\Local\Temp\cckWXxuD.debug.temp.o
 .debug_line    0x0000c73e      0x27a C:\Users\ccliu\AppData\Local\Temp\ccPZax9A.debug.temp.o
 .debug_line    0x0000c9b8      0x30d C:\Users\ccliu\AppData\Local\Temp\cceqlUSy.debug.temp.o
 .debug_line    0x0000ccc5      0x258 C:\Users\ccliu\AppData\Local\Temp\ccLygvAv.debug.temp.o
 .debug_line    0x0000cf1d      0x2de C:\Users\ccliu\AppData\Local\Temp\ccA21Pps.debug.temp.o
 .debug_line    0x0000d1fb      0x25f C:\Users\ccliu\AppData\Local\Temp\ccXTOrsp.debug.temp.o
 .debug_line    0x0000d45a      0x26b C:\Users\ccliu\AppData\Local\Temp\ccWUQXaq.debug.temp.o
 .debug_line    0x0000d6c5      0x278 C:\Users\ccliu\AppData\Local\Temp\ccdPO99q.debug.temp.o
 .debug_line    0x0000d93d      0x270 C:\Users\ccliu\AppData\Local\Temp\cc6Gzeis.debug.temp.o
 .debug_line    0x0000dbad      0x26a C:\Users\ccliu\AppData\Local\Temp\ccTVhHut.debug.temp.o
 .debug_line    0x0000de17      0x31e C:\Users\ccliu\AppData\Local\Temp\cc2lSvGt.debug.temp.o
 .debug_line    0x0000e135      0x297 C:\Users\ccliu\AppData\Local\Temp\ccNJfd1t.debug.temp.o
 .debug_line    0x0000e3cc      0x255 C:\Users\ccliu\AppData\Local\Temp\ccmRxGuu.debug.temp.o
 .debug_line    0x0000e621      0x2b3 C:\Users\ccliu\AppData\Local\Temp\cchqeU5u.debug.temp.o
 .debug_line    0x0000e8d4      0x297 C:\Users\ccliu\AppData\Local\Temp\ccgB7kFu.debug.temp.o
 .debug_line    0x0000eb6b      0x2ee C:\Users\ccliu\AppData\Local\Temp\ccl5AGou.debug.temp.o
 .debug_line    0x0000ee59      0x27e C:\Users\ccliu\AppData\Local\Temp\ccCrnNpu.debug.temp.o
 .debug_line    0x0000f0d7      0x30f C:\Users\ccliu\AppData\Local\Temp\ccdSW0Kt.debug.temp.o
 .debug_line    0x0000f3e6      0x2ec C:\Users\ccliu\AppData\Local\Temp\ccYrgXdt.debug.temp.o
 .debug_line    0x0000f6d2      0x276 C:\Users\ccliu\AppData\Local\Temp\ccbOZphw.debug.temp.o
 .debug_line    0x0000f948      0x20c C:\Users\ccliu\AppData\Local\Temp\cceXUEtz.debug.temp.o
 .debug_line    0x0000fb54      0x265 C:\Users\ccliu\AppData\Local\Temp\cc9pwhKC.debug.temp.o
 .debug_line    0x0000fdb9      0x1c3 C:\Users\ccliu\AppData\Local\Temp\ccWmjVaG.debug.temp.o
 .debug_line    0x0000ff7c      0x1c5 C:\Users\ccliu\AppData\Local\Temp\ccDG3WFJ.debug.temp.o
 .debug_line    0x00010141      0x1f4 C:\Users\ccliu\AppData\Local\Temp\ccqFhc9L.debug.temp.o
 .debug_line    0x00010335      0x31d C:\Users\ccliu\AppData\Local\Temp\ccBauJOO.debug.temp.o
 .debug_line    0x00010652      0x2e4 C:\Users\ccliu\AppData\Local\Temp\ccsTM3MR.debug.temp.o
 .debug_line    0x00010936      0x210 C:\Users\ccliu\AppData\Local\Temp\ccjEwZNT.debug.temp.o
 .debug_line    0x00010b46      0x46e C:\Users\ccliu\AppData\Local\Temp\cc2apW9V.debug.temp.o
 .debug_line    0x00010fb4      0x269 C:\Users\ccliu\AppData\Local\Temp\ccVADpBY.debug.temp.o

.debug_info     0x00000000    0x2430e
 .debug_info    0x00000000       0x26 ./build/obj/crt0_v7m.o
 .debug_info    0x00000026       0x26 ./build/obj/vectors.o
 .debug_info    0x0000004c       0x26 ./build/obj/chcoreasm.o
 .debug_info    0x00000072     0x723a C:\Users\ccliu\AppData\Local\Temp\ch.elf.vSEAII.ltrans0.ltrans.o
 .debug_info    0x000072ac      0x2c8 C:\Users\ccliu\AppData\Local\Temp\ccLdGgyd.debug.temp.o
                0x000072ac                crt1.c.5e22985d
 .debug_info    0x00007574       0x8a C:\Users\ccliu\AppData\Local\Temp\ccmoL0T9.debug.temp.o
                0x00007574                hal.c.9ea9c550
 .debug_info    0x000075fe      0x315 C:\Users\ccliu\AppData\Local\Temp\cc9wUSn5.debug.temp.o
                0x000075fe                hal_st.c.a8b8dd16
 .debug_info    0x00007913      0x931 C:\Users\ccliu\AppData\Local\Temp\ccEgTfW0.debug.temp.o
                0x00007913                hal_buffers.c.d5274676
 .debug_info    0x00008244      0x807 C:\Users\ccliu\AppData\Local\Temp\ccXJMoDW.debug.temp.o
                0x00008244                hal_queues.c.c2be8f77
 .debug_info    0x00008a4b      0x4c5 C:\Users\ccliu\AppData\Local\Temp\ccAzuKnS.debug.temp.o
                0x00008a4b                hal_flash.c.8af3e270
 .debug_info    0x00008f10      0x2dd C:\Users\ccliu\AppData\Local\Temp\ccOTBl9I.debug.temp.o
                0x00008f10                hal_pal.c.21d3894b
 .debug_info    0x000091ed     0x10d6 C:\Users\ccliu\AppData\Local\Temp\ccdCTHaE.debug.temp.o
                0x000091ed                hal_serial.c.d23ccdbb