Archive member included to satisfy reference by file (symbol)

c:/chibistudio/tools/gnu tools arm embedded/10.3 2021.07/bin/../lib/gcc/arm-none-eabi/10.3.1/../../../../arm-none-eabi/lib/thumb/v7e-m/nofp\libm.a(lib_a-s_atan.o)
                              ./build/obj/quaternion.o (symbol from plugin) (atan)
c:/chibistudio/tools/gnu tools arm embedded/10.3 2021.07/bin/../lib/gcc/arm-none-eabi/10.3.1/../../../../arm-none-eabi/lib/thumb/v7e-m/nofp\libm.a(lib_a-s_fabs.o)
                              c:/chibistudio/tools/gnu tools arm embedded/10.3 2021.07/bin/../lib/gcc/arm-none-eabi/10.3.1/../../../../arm-none-eabi/lib/thumb/v7e-m/nofp\libm.a(lib_a-s_atan.o) (fabs)
c:/chibistudio/tools/gnu tools arm embedded/10.3 2021.07/bin/../lib/gcc/arm-none-eabi/10.3.1/../../../../arm-none-eabi/lib/thumb/v7e-m/nofp\libm.a(lib_a-sf_cos.o)
                              ./build/obj/FusionAhrs.o (symbol from plugin) (cosf)
c:/chibistudio/tools/gnu tools arm embedded/10.3 2021.07/bin/../lib/gcc/arm-none-eabi/10.3.1/../../../../arm-none-eabi/lib/thumb/v7e-m/nofp\libm.a(lib_a-sf_sin.o)
                              ./build/obj/FusionAhrs.o (symbol from plugin) (sinf)
c:/chibistudio/tools/gnu tools arm embedded/10.3 2021.07/bin/../lib/gcc/arm-none-eabi/10.3.1/../../../../arm-none-eabi/lib/thumb/v7e-m/nofp\libm.a(lib_a-w_atan2.o)
                              ./build/obj/quaternion.o (symbol from plugin) (atan2)
c:/chibistudio/tools/gnu tools arm embedded/10.3 2021.07/bin/../lib/gcc/arm-none-eabi/10.3.1/../../../../arm-none-eabi/lib/thumb/v7e-m/nofp\libm.a(lib_a-w_sqrt.o)
                              ./build/obj/MadgwickAHRS.o (symbol from plugin) (sqrt)
c:/chibistudio/tools/gnu tools arm embedded/10.3 2021.07/bin/../lib/gcc/arm-none-eabi/10.3.1/../../../../arm-none-eabi/lib/thumb/v7e-m/nofp\libm.a(lib_a-wf_asin.o)
                              ./build/obj/FusionAhrs.o (symbol from plugin) (asinf)
c:/chibistudio/tools/gnu tools arm embedded/10.3 2021.07/bin/../lib/gcc/arm-none-eabi/10.3.1/../../../../arm-none-eabi/lib/thumb/v7e-m/nofp\libm.a(lib_a-wf_atan2.o)
                              ./build/obj/FusionAhrs.o (symbol from plugin) (atan2f)
c:/chibistudio/tools/gnu tools arm embedded/10.3 2021.07/bin/../lib/gcc/arm-none-eabi/10.3.1/../../../../arm-none-eabi/lib/thumb/v7e-m/nofp\libm.a(lib_a-wf_pow.o)
                              ./build/obj/FusionAhrs.o (symbol from plugin) (powf)
c:/chibistudio/tools/gnu tools arm embedded/10.3 2021.07/bin/../lib/gcc/arm-none-eabi/10.3.1/../../../../arm-none-eabi/lib/thumb/v7e-m/nofp\libm.a(lib_a-wf_sqrt.o)
                              ./build/obj/FusionAhrs.o (symbol from plugin) (sqrtf)
c:/chibistudio/tools/gnu tools arm embedded/10.3 2021.07/bin/../lib/gcc/arm-none-eabi/10.3.1/../../../../arm-none-eabi/lib/thumb/v7e-m/nofp\libm.a(lib_a-e_atan2.o)
                              c:/chibistudio/tools/gnu tools arm embedded/10.3 2021.07/bin/../lib/gcc/arm-none-eabi/10.3.1/../../../../arm-none-eabi/lib/thumb/v7e-m/nofp\libm.a(lib_a-w_atan2.o) (__ieee754_atan2)
c:/chibistudio/tools/gnu tools arm embedded/10.3 2021.07/bin/../lib/gcc/arm-none-eabi/10.3.1/../../../../arm-none-eabi/lib/thumb/v7e-m/nofp\libm.a(lib_a-e_sqrt.o)
                              c:/chibistudio/tools/gnu tools arm embedded/10.3 2021.07/bin/../lib/gcc/arm-none-eabi/10.3.1/../../../../arm-none-eabi/lib/thumb/v7e-m/nofp\libm.a(lib_a-w_sqrt.o) (__ieee754_sqrt)
c:/chibistudio/tools/gnu tools arm embedded/10.3 2021.07/bin/../lib/gcc/arm-none-eabi/10.3.1/../../../../arm-none-eabi/lib/thumb/v7e-m/nofp\libm.a(lib_a-ef_asin.o)
                              c:/chibistudio/tools/gnu tools arm embedded/10.3 2021.07/bin/../lib/gcc/arm-none-eabi/10.3.1/../../../../arm-none-eabi/lib/thumb/v7e-m/nofp\libm.a(lib_a-wf_asin.o) (__ieee754_asinf)
c:/chibistudio/tools/gnu tools arm embedded/10.3 2021.07/bin/../lib/gcc/arm-none-eabi/10.3.1/../../../../arm-none-eabi/lib/thumb/v7e-m/nofp\libm.a(lib_a-ef_atan2.o)
                              c:/chibistudio/tools/gnu tools arm embedded/10.3 2021.07/bin/../lib/gcc/arm-none-eabi/10.3.1/../../../../arm-none-eabi/lib/thumb/v7e-m/nofp\libm.a(lib_a-wf_atan2.o) (__ieee754_atan2f)
c:/chibistudio/tools/gnu tools arm embedded/10.3 2021.07/bin/../lib/gcc/arm-none-eabi/10.3.1/../../../../arm-none-eabi/lib/thumb/v7e-m/nofp\libm.a(lib_a-ef_pow.o)
                              c:/chibistudio/tools/gnu tools arm embedded/10.3 2021.07/bin/../lib/gcc/arm-none-eabi/10.3.1/../../../../arm-none-eabi/lib/thumb/v7e-m/nofp\libm.a(lib_a-wf_pow.o) (__ieee754_powf)
c:/chibistudio/tools/gnu tools arm embedded/10.3 2021.07/bin/../lib/gcc/arm-none-eabi/10.3.1/../../../../arm-none-eabi/lib/thumb/v7e-m/nofp\libm.a(lib_a-ef_rem_pio2.o)
                              c:/chibistudio/tools/gnu tools arm embedded/10.3 2021.07/bin/../lib/gcc/arm-none-eabi/10.3.1/../../../../arm-none-eabi/lib/thumb/v7e-m/nofp\libm.a(lib_a-sf_cos.o) (__ieee754_rem_pio2f)
[...]
Memory Configuration

Name             Origin             Length             Attributes
flash0           0x08000000         0x00080000         xr
flash1           0x00000000         0x00000000         xr
flash2           0x00000000         0x00000000         xr
flash3           0x00000000         0x00000000         xr
flash4           0x00000000         0x00000000         xr
flash5           0x00000000         0x00000000         xr
flash6           0x00000000         0x00000000         xr
flash7           0x00000000         0x00000000         xr
ram0             0x20000000         0x00018000         xw
ram1             0x00000000         0x00000000         xw
ram2             0x00000000         0x00000000         xw
ram3             0x00000000         0x00000000         xw
ram4             0x00000000         0x00000000         xw
ram5             0x00000000         0x00000000         xw
ram6             0x00000000         0x00000000         xw
ram7             0x00000000         0x00000000         xw
*default*        0x00000000         0xffffffff

Linker script and memory map

LOAD ./build/obj/crt0_v7m.o
LOAD ./build/obj/vectors.o
LOAD ./build/obj/chcoreasm.o
LOAD ./build/obj/crt1.o
LOAD C:\Users\ccliu\AppData\Local\Temp\ch.elf.krv6D2.ltrans0.ltrans.o
LOAD C:\Users\ccliu\AppData\Local\Temp\ccpNnMr1.debug.temp.o
LOAD C:\Users\ccliu\AppData\Local\Temp\ccMKX4X6.debug.temp.o
LOAD C:\Users\ccliu\AppData\Local\Temp\ccRuVMEc.debug.temp.o
LOAD C:\Users\ccliu\AppData\Local\Temp\ccghtdqi.debug.temp.o
LOAD C:\Users\ccliu\AppData\Local\Temp\ccLg4gan.debug.temp.o
LOAD C:\Users\ccliu\AppData\Local\Temp\ccCfDu2r.debug.temp.o
LOAD C:\Users\ccliu\AppData\Local\Temp\ccfVzdZw.debug.temp.o
LOAD C:\Users\ccliu\AppData\Local\Temp\cc2Vyj5B.debug.temp.o
LOAD C:\Users\ccliu\AppData\Local\Temp\ccnsfghH.debug.temp.o
LOAD C:\Users\ccliu\AppData\Local\Temp\ccSnev8P.debug.temp.o
LOAD C:\Users\ccliu\AppData\Local\Temp\cc1RQ28Y.debug.temp.o
LOAD C:\Users\ccliu\AppData\Local\Temp\ccqMY9d8.debug.temp.o
LOAD C:\Users\ccliu\AppData\Local\Temp\ccdJlrrh.debug.temp.o
LOAD C:\Users\ccliu\AppData\Local\Temp\ccCb50Nq.debug.temp.o
LOAD C:\Users\ccliu\AppData\Local\Temp\ccjd6g1y.debug.temp.o
LOAD C:\Users\ccliu\AppData\Local\Temp\ccCKtPnH.debug.temp.o
LOAD C:\Users\ccliu\AppData\Local\Temp\cchnI6OP.debug.temp.o
LOAD C:\Users\ccliu\AppData\Local\Temp\cceTmxoY.debug.temp.o
LOAD C:\Users\ccliu\AppData\Local\Temp\ccPXEg76.debug.temp.o
LOAD C:\Users\ccliu\AppData\Local\Temp\ccwf0COe.debug.temp.o
LOAD C:\Users\ccliu\AppData\Local\Temp\cctBzNBm.debug.temp.o
LOAD C:\Users\ccliu\AppData\Local\Temp\ccilbayu.debug.temp.o
LOAD C:\Users\ccliu\AppData\Local\Temp\cc57aSDC.debug.temp.o
LOAD C:\Users\ccliu\AppData\Local\Temp\ccQpJfOK.debug.temp.o
LOAD C:\Users\ccliu\AppData\Local\Temp\cctrd8VR.debug.temp.o
LOAD C:\Users\ccliu\AppData\Local\Temp\ccOBmbdZ.debug.temp.o
LOAD C:\Users\ccliu\AppData\Local\Temp\cc9RaAD6.debug.temp.o
LOAD C:\Users\ccliu\AppData\Local\Temp\ccyUyL9d.debug.temp.o
LOAD C:\Users\ccliu\AppData\Local\Temp\cc9owflp.debug.temp.o
LOAD C:\Users\ccliu\AppData\Local\Temp\cckmz1FA.debug.temp.o
LOAD C:\Users\ccliu\AppData\Local\Temp\ccTlRX8L.debug.temp.o
LOAD C:\Users\ccliu\AppData\Local\Temp\ccYHGbLX.debug.temp.o
LOAD C:\Users\ccliu\AppData\Local\Temp\cctTvbn8.debug.temp.o
LOAD C:\Users\ccliu\AppData\Local\Temp\ccAAHt8i.debug.temp.o
LOAD C:\Users\ccliu\AppData\Local\Temp\cc1jtuYt.debug.temp.o
LOAD C:\Users\ccliu\AppData\Local\Temp\ccMZVEWE.debug.temp.o
LOAD C:\Users\ccliu\AppData\Local\Temp\ccbe273P.debug.temp.o
LOAD C:\Users\ccliu\AppData\Local\Temp\cckAkv5Z.debug.temp.o
LOAD C:\Users\ccliu\AppData\Local\Temp\cc7ugbga.debug.temp.o
LOAD C:\Users\ccliu\AppData\Local\Temp\ccIhNcsk.debug.temp.o
LOAD C:\Users\ccliu\AppData\Local\Temp\ccfwnGVu.debug.temp.o
LOAD C:\Users\ccliu\AppData\Local\Temp\cce3RvsE.debug.temp.o
LOAD C:\Users\ccliu\AppData\Local\Temp\cc3yQL9N.debug.temp.o
LOAD C:\Users\ccliu\AppData\Local\Temp\ccyGJk0X.debug.temp.o
LOAD C:\Users\ccliu\AppData\Local\Temp\cc96mbwb.debug.temp.o
LOAD C:\Users\ccliu\AppData\Local\Temp\cc6wYbap.debug.temp.o
LOAD C:\Users\ccliu\AppData\Local\Temp\cclqmMSC.debug.temp.o
LOAD C:\Users\ccliu\AppData\Local\Temp\cceSnFKQ.debug.temp.o
LOAD C:\Users\ccliu\AppData\Local\Temp\cc1orZM4.debug.temp.o
LOAD C:\Users\ccliu\AppData\Local\Temp\ccQuagJh.debug.temp.o
LOAD C:\Users\ccliu\AppData\Local\Temp\ccZajVOu.debug.temp.o
LOAD C:\Users\ccliu\AppData\Local\Temp\ccmEjJ2H.debug.temp.o
LOAD C:\Users\ccliu\AppData\Local\Temp\cctPMQpV.debug.temp.o
LOAD C:\Users\ccliu\AppData\Local\Temp\ccGdjBL7.debug.temp.o
LOAD C:\Users\ccliu\AppData\Local\Temp\cc36mmmk.debug.temp.o
LOAD C:\Users\ccliu\AppData\Local\Temp\ccsBxN1w.debug.temp.o
LOAD C:\Users\ccliu\AppData\Local\Temp\ccP85zQJ.debug.temp.o
LOAD C:\Users\ccliu\AppData\Local\Temp\cccALNIW.debug.temp.o
LOAD C:\Users\ccliu\AppData\Local\Temp\ccnjxKz8.debug.temp.o
LOAD C:\Users\ccliu\AppData\Local\Temp\ccgT2UFk.debug.temp.o
LOAD C:\Users\ccliu\AppData\Local\Temp\ccJnOHQw.debug.temp.o
LOAD C:\Users\ccliu\AppData\Local\Temp\ccmhSMGM.debug.temp.o
LOAD C:\Users\ccliu\AppData\Local\Temp\cc3G7rA2.debug.temp.o
LOAD C:\Users\ccliu\AppData\Local\Temp\ccmCJpDi.debug.temp.o
LOAD C:\Users\ccliu\AppData\Local\Temp\cch3HFPy.debug.temp.o
LOAD C:\Users\ccliu\AppData\Local\Temp\cc6yImcP.debug.temp.o
LOAD C:\Users\ccliu\AppData\Local\Temp\ccpkf4s4.debug.temp.o
LOAD C:\Users\ccliu\AppData\Local\Temp\ccAtOXSj.debug.temp.o
LOAD C:\Users\ccliu\AppData\Local\Temp\cc9EC1qz.debug.temp.o
LOAD C:\Users\ccliu\AppData\Local\Temp\cckmNn8O.debug.temp.o
LOAD C:\Users\ccliu\AppData\Local\Temp\ccBg1mO3.debug.temp.o
LOAD ./build/obj/hal.o
LOAD ./build/obj/hal_st.o
LOAD ./build/obj/hal_buffers.o
LOAD ./build/obj/hal_queues.o
LOAD ./build/obj/hal_flash.o
LOAD ./build/obj/hal_mmcsd.o
LOAD ./build/obj/hal_i2c.o
LOAD ./build/obj/hal_mmc_spi.o
LOAD ./build/obj/hal_pal.o
LOAD ./build/obj/hal_serial.o
LOAD ./build/obj/hal_spi.o
LOAD ./build/obj/hal_uart.o
LOAD ./build/obj/nvic.o
LOAD ./build/obj/stm32_isr.o
LOAD ./build/obj/hal_lld.o
LOAD ./build/obj/hal_efl_lld.o
LOAD ./build/obj/stm32_dma.o
LOAD ./build/obj/stm32_exti.o
LOAD ./build/obj/hal_pal_lld.o
LOAD ./build/obj/hal_i2c_lld.o
LOAD ./build/obj/hal_spi_v2_lld.o
LOAD ./build/obj/hal_st_lld.o
LOAD ./build/obj/hal_serial_lld.o
LOAD ./build/obj/hal_uart_lld.o
LOAD ./build/obj/board.o
LOAD ./build/obj/osal.o
LOAD ./build/obj/chsys.o
LOAD ./build/obj/chrfcu.o
LOAD ./build/obj/chdebug.o
LOAD ./build/obj/chtrace.o
LOAD ./build/obj/chvt.o
LOAD ./build/obj/chschd.o
LOAD ./build/obj/chinstances.o
LOAD ./build/obj/chthreads.o
LOAD ./build/obj/chtm.o
LOAD ./build/obj/chregistry.o
LOAD ./build/obj/chsem.o
LOAD ./build/obj/chmtx.o
LOAD ./build/obj/chcond.o
LOAD ./build/obj/chevents.o
LOAD ./build/obj/chmsg.o
LOAD ./build/obj/chdynamic.o
LOAD ./build/obj/chmboxes.o
LOAD ./build/obj/chmemcore.o
LOAD ./build/obj/chmemheaps.o
LOAD ./build/obj/chmempools.o
LOAD ./build/obj/chpipes.o
LOAD ./build/obj/chobjcaches.o
LOAD ./build/obj/chdelegates.o
LOAD ./build/obj/chfactory.o
LOAD ./build/obj/chcore.o
LOAD ./build/obj/chprintf.o
LOAD ./build/obj/chscanf.o
LOAD ./build/obj/memstreams.o
LOAD ./build/obj/nullstreams.o
LOAD ./build/obj/bufstreams.o
LOAD ./build/obj/shell.o
LOAD ./build/obj/shell_cmd.o
LOAD ./build/obj/minmea.o
LOAD ./build/obj/MadgwickAHRS.o
LOAD ./build/obj/FusionAhrs.o
LOAD ./build/obj/FusionCompass.o
LOAD ./build/obj/FusionOffset.o
LOAD ./build/obj/lsm6dsl.o
LOAD ./build/obj/lsm303agr.o
LOAD ./build/obj/thdgps.o
LOAD ./build/obj/thdmems.o
LOAD ./build/obj/quaternion.o
LOAD ./build/obj/thdSD.o
LOAD ./build/obj/main.o
LOAD c:/chibistudio/tools/gnu tools arm embedded/10.3 2021.07/bin/../lib/gcc/arm-none-eabi/10.3.1/../../../../arm-none-eabi/lib/thumb/v7e-m/nofp\libm.a

.mstack         0x20000000      0x400
                0x20000000                . = ALIGN (0x8)
                0x20000000                __main_stack_base__ = .
                0x20000400                . = (. + __main_stack_size__)
 *fill*         0x20000000      0x400 
                0x20000400                . = ALIGN (0x8)
                0x20000400                __main_stack_end__ = .

.pstack         0x20000400      0x400
                0x20000400                . = ALIGN (0x8)
                0x20000400                __process_stack_base__ = .
                0x20000400                __main_thread_stack_base__ = .
                0x20000800                . = (. + __process_stack_size__)
 *fill*         0x20000400      0x400 
                0x20000800                . = ALIGN (0x8)
                0x20000800                __process_stack_end__ = .
                0x20000800                __main_thread_stack_end__ = .

.vectors        0x08000000      0x1e0
 *(.vectors)
 .vectors       0x08000000      0x1e0 ./build/obj/vectors.o
                0x08000000                _vectors

.xtors          0x080001e0        0x0
                0x080001e0                __init_array_base__ = .
 *(SORT_BY_NAME(.init_array.*))
 *(.init_array)
                0x080001e0                __init_array_end__ = .
                0x080001e0                __fini_array_base__ = .
 *(.fini_array)
 *(SORT_BY_NAME(.fini_array.*))
                0x080001e0                __fini_array_end__ = .

.text           0x08000200     0xe878
                0x08000200                __text_base__ = .
 *(.text)
 .text          0x08000200       0xd8 ./build/obj/crt0_v7m.o
                0x08000200                _crt0_entry
 .text          0x080002d8        0x8 ./build/obj/vectors.o
                0x080002d8                Reset_Handler
                0x080002da                VectorE8
                0x080002da                Vector9C
                0x080002da                VectorAC
                0x080002da                DebugMon_Handler
                0x080002da                Vector1A0
                0x080002da                Vector5C
                0x080002da                Vector11C
                0x080002da                HardFault_Handler
                0x080002da                Vector1B8
                0x080002da                Vector19C
                0x080002da                Vector8C
                0x080002da                SysTick_Handler
                0x080002da                VectorDC
                0x080002da                PendSV_Handler
                0x080002da                Vector168
                0x080002da                NMI_Handler
                0x080002da                Vector110
                0x080002da                Vector1D8
                0x080002da                VectorC8
                0x080002da                Vector94
                0x080002da                VectorA8
                0x080002da                VectorB4
                0x080002da                Vector160
                0x080002da                Vector1B0
                0x080002da                UsageFault_Handler
                0x080002da                VectorEC
                0x080002da                Vector40
                0x080002da                VectorF8
                0x080002da                Vector108
                0x080002da                Vector190
                0x080002da                Vector1C4
                0x080002da                Vector1CC
                0x080002da                Vector148
                0x080002da                Vector188
                0x080002da                Vector198
                0x080002da                Vector118
                0x080002da                Vector64
                0x080002da                Vector58
                0x080002da                VectorCC
                0x080002da                Vector54
                0x080002da                Vector98
                0x080002da                Vector138
                0x080002da                Vector24
                0x080002da                Vector1AC
                0x080002da                Vector178
                0x080002da                SecureFault_Handler
                0x080002da                Vector1A4
                0x080002da                VectorD0
                0x080002da                Vector1B4
                0x080002da                Vector140
                0x080002da                VectorE4
                0x080002da                Vector1C0
                0x080002da                Vector134
                0x080002da                Vector1D0
                0x080002da                VectorF0
                0x080002da                Vector13C
                0x080002da                Vector100
                0x080002da                VectorE0
                0x080002da                VectorF4
                0x080002da                MemManage_Handler
                0x080002da                VectorA0
                0x080002da                VectorC4
                0x080002da                Vector180
                0x080002da                Vector90
                0x080002da                Vector114
                0x080002da                Vector164
                0x080002da                Vector60
                0x080002da                Vector1BC
                0x080002da                Vector1D4
                0x080002da                Vector17C
                0x080002da                Vector48
                0x080002da                Vector1A8
                0x080002da                Vector16C
                0x080002da                Vector4C
                0x080002da                Vector144
                0x080002da                Vector15C
                0x080002da                Vector68
                0x080002da                Vector18C
                0x080002da                Vector170
                0x080002da                Vector88
                0x080002da                Vector104
                0x080002da                Vector184
                0x080002da                Vector10C
                0x080002da                Vector14C
                0x080002da                BusFault_Handler
                0x080002da                Vector50
                0x080002da                Vector1C8
                0x080002da                Vector194
                0x080002da                Vector1DC
                0x080002da                Vector44
                0x080002da                Vector28
                0x080002da                VectorB8
                0x080002da                Vector34
                0x080002da                VectorA4
                0x080002da                Vector20
                0x080002da                Vector174
                0x080002de                _unhandled_exception
 .text          0x080002e0       0x2a ./build/obj/chcoreasm.o
                0x080002e0                __port_switch
                0x080002f0                __port_thread_start
                0x08000302                __port_switch_from_isr
                0x08000306                __port_exit_from_isr
 *fill*         0x0800030a        0x2 
 .text          0x0800030c      0x378 c:/chibistudio/tools/gnu tools arm embedded/10.3 2021.07/bin/../lib/gcc/arm-none-eabi/10.3.1/thumb/v7e-m/nofp\libgcc.a(_arm_addsubdf3.o)
                0x0800030c                __aeabi_drsub
                0x08000314                __aeabi_dsub
                0x08000314                __subdf3
                0x08000318                __aeabi_dadd
                0x08000318                __adddf3
                0x08000590                __floatunsidf
                0x08000590                __aeabi_ui2d
                0x080005b0                __floatsidf
                0x080005b0                __aeabi_i2d
                0x080005d4                __aeabi_f2d
                0x080005d4                __extendsfdf2
                0x08000618                __floatundidf
                0x08000618                __aeabi_ul2d
                0x08000628                __floatdidf
                0x08000628                __aeabi_l2d
 .text          0x08000684      0x424 c:/chibistudio/tools/gnu tools arm embedded/10.3 2021.07/bin/../lib/gcc/arm-none-eabi/10.3.1/thumb/v7e-m/nofp\libgcc.a(_arm_muldivdf3.o)
                0x08000684                __aeabi_dmul
                0x08000684                __muldf3
                0x080008d8                __divdf3
                0x080008d8                __aeabi_ddiv
 .text          0x08000aa8      0x21c c:/chibistudio/tools/gnu tools arm embedded/10.3 2021.07/bin/../lib/gcc/arm-none-eabi/10.3.1/thumb/v7e-m/nofp\libgcc.a(_arm_addsubsf3.o)
                0x08000aa8                __aeabi_frsub
                0x08000ab0                __subsf3
                0x08000ab0                __aeabi_fsub
                0x08000ab4                __aeabi_fadd
                0x08000ab4                __addsf3
                0x08000c14                __aeabi_ui2f
                0x08000c14                __floatunsisf
                0x08000c1c                __aeabi_i2f
                0x08000c1c                __floatsisf
                0x08000c38                __aeabi_ul2f
                0x08000c38                __floatundisf
                0x08000c48                __aeabi_l2f
                0x08000c48                __floatdisf
 .text          0x08000cc4      0x2a0 c:/chibistudio/tools/gnu tools arm embedded/10.3 2021.07/bin/../lib/gcc/arm-none-eabi/10.3.1/thumb/v7e-m/nofp\libgcc.a(_arm_muldivsf3.o)
                0x08000cc4                __mulsf3
                0x08000cc4                __aeabi_fmul
                0x08000e2c                __aeabi_fdiv
                0x08000e2c                __divsf3
 .text          0x08000f64       0xec c:/chibistudio/tools/gnu tools arm embedded/10.3 2021.07/bin/../lib/gcc/arm-none-eabi/10.3.1/thumb/v7e-m/nofp\libgcc.a(_arm_cmpsf2.o)
                0x08000f64                __gesf2
                0x08000f64                __gtsf2
                0x08000f6c                __lesf2
                0x08000f6c                __ltsf2
                0x08000f74                __nesf2
                0x08000f74                __eqsf2
                0x08000f74                __cmpsf2
                0x08000fd4                __aeabi_cfrcmple
                0x08000fdc                __aeabi_cfcmpeq
                0x08000fdc                __aeabi_cfcmple
                0x08000fec                __aeabi_fcmpeq
                0x08001000                __aeabi_fcmplt
                0x08001014                __aeabi_fcmple
                0x08001028                __aeabi_fcmpge
                0x0800103c                __aeabi_fcmpgt
 .text          0x08001050       0x2c c:/chibistudio/tools/gnu tools arm embedded/10.3 2021.07/bin/../lib/gcc/arm-none-eabi/10.3.1/thumb/v7e-m/nofp\libgcc.a(_arm_unordsf2.o)
                0x08001050                __unordsf2
                0x08001050                __aeabi_fcmpun
 .text          0x0800107c       0x4c c:/chibistudio/tools/gnu tools arm embedded/10.3 2021.07/bin/../lib/gcc/arm-none-eabi/10.3.1/thumb/v7e-m/nofp\libgcc.a(_arm_fixsfsi.o)
                0x0800107c                __aeabi_f2iz
                0x0800107c                __fixsfsi
 .text          0x080010c8       0x50 c:/chibistudio/tools/gnu tools arm embedded/10.3 2021.07/bin/../lib/gcc/arm-none-eabi/10.3.1/thumb/v7e-m/nofp\libgcc.a(_arm_fixdfsi.o)
                0x080010c8                __aeabi_d2iz
                0x080010c8                __fixdfsi
 .text          0x08001118       0xa0 c:/chibistudio/tools/gnu tools arm embedded/10.3 2021.07/bin/../lib/gcc/arm-none-eabi/10.3.1/thumb/v7e-m/nofp\libgcc.a(_arm_truncdfsf2.o)
                0x08001118                __truncdfsf2
                0x08001118                __aeabi_d2f
 .text          0x080011b8      0x134 c:/chibistudio/tools/gnu tools arm embedded/10.3 2021.07/bin/../lib/gcc/arm-none-eabi/10.3.1/../../../../arm-none-eabi/lib/thumb/v7e-m/nofp\libg.a(lib_a-memcpy.o)
                0x080011b8                memcpy
 *fill*         0x080012ec       0x14 
 .text          0x08001300      0x2dc c:/chibistudio/tools/gnu tools arm embedded/10.3 2021.07/bin/../lib/gcc/arm-none-eabi/10.3.1/../../../../arm-none-eabi/lib/thumb/v7e-m/nofp\libg.a(lib_a-strcmp.o)
                0x08001308                strcmp
 *fill*         0x080015dc       0x24 
 .text          0x08001600       0xdc c:/chibistudio/tools/gnu tools arm embedded/10.3 2021.07/bin/../lib/gcc/arm-none-eabi/10.3.1/../../../../arm-none-eabi/lib/thumb/v7e-m/nofp\libg.a(lib_a-strlen.o)
                0x08001600                strlen
 *(.text.*)
 *fill*         0x080016dc        0x4 
 .text.__cpu_init
                0x080016e0        0x4 C:\Users\ccliu\AppData\Local\Temp\ch.elf.krv6D2.ltrans0.ltrans.o
                0x080016e0                __cpu_init
 *fill*         0x080016e4        0xc 
 .text.__late_init
                0x080016f0        0x4 C:\Users\ccliu\AppData\Local\Temp\ch.elf.krv6D2.ltrans0.ltrans.o
                0x080016f0                __late_init
 *fill*         0x080016f4        0xc 
 .text.__default_exit
                0x08001700        0x4 C:\Users\ccliu\AppData\Local\Temp\ch.elf.krv6D2.ltrans0.ltrans.o
                0x08001700                __default_exit
 *fill*         0x08001704        0xc 
 .text.__init_ram_areas
                0x08001710       0x68 C:\Users\ccliu\AppData\Local\Temp\ch.elf.krv6D2.ltrans0.ltrans.o
                0x08001710                __init_ram_areas
 *fill*         0x08001778        0x8 
 .text.osalInit
                0x08001780        0x4 C:\Users\ccliu\AppData\Local\Temp\ch.elf.krv6D2.ltrans0.ltrans.o
 *fill*         0x08001784        0xc 
 .text.halInit  0x08001790       0x30 C:\Users\ccliu\AppData\Local\Temp\ch.elf.krv6D2.ltrans0.ltrans.o
 .text.st_lld_get_counter
                0x080017c0        0xc C:\Users\ccliu\AppData\Local\Temp\ch.elf.krv6D2.ltrans0.ltrans.o
 *fill*         0x080017cc        0x4 
 .text.st_lld_start_alarm
                0x080017d0       0x24 C:\Users\ccliu\AppData\Local\Temp\ch.elf.krv6D2.ltrans0.ltrans.o
 *fill*         0x080017f4        0xc 
 .text.st_lld_stop_alarm
                0x08001800        0xc C:\Users\ccliu\AppData\Local\Temp\ch.elf.krv6D2.ltrans0.ltrans.o
 *fill*         0x0800180c        0x4 
 .text.st_lld_set_alarm
                0x08001810       0x14 C:\Users\ccliu\AppData\Local\Temp\ch.elf.krv6D2.ltrans0.ltrans.o
 *fill*         0x08001824        0xc 
 .text.stInit   0x08001830        0xc C:\Users\ccliu\AppData\Local\Temp\ch.elf.krv6D2.ltrans0.ltrans.o
 *fill*         0x0800183c        0x4 
 .text.stGetCounter
                0x08001840        0xc C:\Users\ccliu\AppData\Local\Temp\ch.elf.krv6D2.ltrans0.ltrans.o
 *fill*         0x0800184c        0x4 
 .text.stStartAlarm
                0x08001850       0x14 C:\Users\ccliu\AppData\Local\Temp\ch.elf.krv6D2.ltrans0.ltrans.o
 *fill*         0x08001864        0xc 
 .text.stStopAlarm
                0x08001870        0xc C:\Users\ccliu\AppData\Local\Temp\ch.elf.krv6D2.ltrans0.ltrans.o
 *fill*         0x0800187c        0x4 
 .text.stSetAlarm
                0x08001880       0x14 C:\Users\ccliu\AppData\Local\Temp\ch.elf.krv6D2.ltrans0.ltrans.o
 *fill*         0x08001894        0xc 
 .text.ch_queue_init.lto_priv.1
                0x080018a0       0x18 C:\Users\ccliu\AppData\Local\Temp\ch.elf.krv6D2.ltrans0.ltrans.o
 *fill*         0x080018b8        0x8 
 .text.chSysLock.lto_priv.1
                0x080018c0       0x18 C:\Users\ccliu\AppData\Local\Temp\ch.elf.krv6D2.ltrans0.ltrans.o
 *fill*         0x080018d8        0x8 
 .text.chSysUnlock.lto_priv.1
                0x080018e0       0x18 C:\Users\ccliu\AppData\Local\Temp\ch.elf.krv6D2.ltrans0.ltrans.o
 *fill*         0x080018f8        0x8 
 .text.chThdQueueObjectInit.lto_priv.1
                0x08001900       0x18 C:\Users\ccliu\AppData\Local\Temp\ch.elf.krv6D2.ltrans0.ltrans.o
 *fill*         0x08001918        0x8 
 .text.osalSysLock.lto_priv.1
                0x08001920        0xc C:\Users\ccliu\AppData\Local\Temp\ch.elf.krv6D2.ltrans0.ltrans.o
 *fill*         0x0800192c        0x4 
 .text.osalSysUnlock.lto_priv.1
                0x08001930        0xc C:\Users\ccliu\AppData\Local\Temp\ch.elf.krv6D2.ltrans0.ltrans.o
 *fill*         0x0800193c        0x4 
 .text.osalThreadQueueObjectInit.lto_priv.1
                0x08001940       0x14 C:\Users\ccliu\AppData\Local\Temp\ch.elf.krv6D2.ltrans0.ltrans.o
 *fill*         0x08001954        0xc 
 .text.osalThreadEnqueueTimeoutS.lto_priv.1
                0x08001960       0x1c C:\Users\ccliu\AppData\Local\Temp\ch.elf.krv6D2.ltrans0.ltrans.o
 *fill*         0x0800197c        0x4 
 .text.osalThreadDequeueNextI.lto_priv.1
                0x08001980       0x18 C:\Users\ccliu\AppData\Local\Temp\ch.elf.krv6D2.ltrans0.ltrans.o
 *fill*         0x08001998        0x8 
 .text.iq_read  0x080019a0       0xb8 C:\Users\ccliu\AppData\Local\Temp\ch.elf.krv6D2.ltrans0.ltrans.o
 *fill*         0x08001a58        0x8 
 .text.oq_write
                0x08001a60       0xb8 C:\Users\ccliu\AppData\Local\Temp\ch.elf.krv6D2.ltrans0.ltrans.o
 *fill*         0x08001b18        0x8 
 .text.iqObjectInit
                0x08001b20       0x4c C:\Users\ccliu\AppData\Local\Temp\ch.elf.krv6D2.ltrans0.ltrans.o
 *fill*         0x08001b6c        0x4 
 .text.iqPutI   0x08001b70       0x80 C:\Users\ccliu\AppData\Local\Temp\ch.elf.krv6D2.ltrans0.ltrans.o
 .text.iqGetTimeout
                0x08001bf0       0x80 C:\Users\ccliu\AppData\Local\Temp\ch.elf.krv6D2.ltrans0.ltrans.o
 .text.iqReadTimeout
                0x08001c70       0x80 C:\Users\ccliu\AppData\Local\Temp\ch.elf.krv6D2.ltrans0.ltrans.o
 .text.oqObjectInit
                0x08001cf0       0x4c C:\Users\ccliu\AppData\Local\Temp\ch.elf.krv6D2.ltrans0.ltrans.o
 *fill*         0x08001d3c        0x4 
 .text.oqPutTimeout
                0x08001d40       0x84 C:\Users\ccliu\AppData\Local\Temp\ch.elf.krv6D2.ltrans0.ltrans.o
 *fill*         0x08001dc4        0xc 
 .text.oqGetI   0x08001dd0       0x7c C:\Users\ccliu\AppData\Local\Temp\ch.elf.krv6D2.ltrans0.ltrans.o
 *fill*         0x08001e4c        0x4 
 .text.oqWriteTimeout
                0x08001e50       0x80 C:\Users\ccliu\AppData\Local\Temp\ch.elf.krv6D2.ltrans0.ltrans.o
 .text._mmcsd_get_slice
                0x08001ed0       0x7c C:\Users\ccliu\AppData\Local\Temp\ch.elf.krv6D2.ltrans0.ltrans.o
 *fill*         0x08001f4c        0x4 
 .text._mmcsd_get_capacity
                0x08001f50       0x70 C:\Users\ccliu\AppData\Local\Temp\ch.elf.krv6D2.ltrans0.ltrans.o
 .text.chSysLock.lto_priv.2
                0x08001fc0       0x18 C:\Users\ccliu\AppData\Local\Temp\ch.elf.krv6D2.ltrans0.ltrans.o
 *fill*         0x08001fd8        0x8 
 .text.chSysUnlock.lto_priv.2
                0x08001fe0       0x18 C:\Users\ccliu\AppData\Local\Temp\ch.elf.krv6D2.ltrans0.ltrans.o
 *fill*         0x08001ff8        0x8 
 .text.osalSysLock.lto_priv.2
                0x08002000        0xc C:\Users\ccliu\AppData\Local\Temp\ch.elf.krv6D2.ltrans0.ltrans.o
 *fill*         0x0800200c        0x4 
 .text.osalSysUnlock.lto_priv.2
                0x08002010        0xc C:\Users\ccliu\AppData\Local\Temp\ch.elf.krv6D2.ltrans0.ltrans.o
 *fill*         0x0800201c        0x4 
 .text.osalMutexObjectInit.lto_priv.0
                0x08002020       0x14 C:\Users\ccliu\AppData\Local\Temp\ch.elf.krv6D2.ltrans0.ltrans.o
 *fill*         0x08002034        0xc 
 .text.i2cInit  0x08002040        0xc C:\Users\ccliu\AppData\Local\Temp\ch.elf.krv6D2.ltrans0.ltrans.o
 *fill*         0x0800204c        0x4 
 .text.i2cObjectInit
                0x08002050       0x24 C:\Users\ccliu\AppData\Local\Temp\ch.elf.krv6D2.ltrans0.ltrans.o
 *fill*         0x08002074        0xc 
 .text.i2cStart
                0x08002080       0x40 C:\Users\ccliu\AppData\Local\Temp\ch.elf.krv6D2.ltrans0.ltrans.o
 .text.i2cMasterTransmitTimeout
                0x080020c0       0x60 C:\Users\ccliu\AppData\Local\Temp\ch.elf.krv6D2.ltrans0.ltrans.o
 .text.chSysLock.lto_priv.3
                0x08002120       0x18 C:\Users\ccliu\AppData\Local\Temp\ch.elf.krv6D2.ltrans0.ltrans.o
 *fill*         0x08002138        0x8 
 .text.chSysUnlock.lto_priv.3
                0x08002140       0x18 C:\Users\ccliu\AppData\Local\Temp\ch.elf.krv6D2.ltrans0.ltrans.o
 *fill*         0x08002158        0x8 
 .text.osalSysLock.lto_priv.3
                0x08002160        0xc C:\Users\ccliu\AppData\Local\Temp\ch.elf.krv6D2.ltrans0.ltrans.o
 *fill*         0x0800216c        0x4 
 .text.osalSysUnlock.lto_priv.3
                0x08002170        0xc C:\Users\ccliu\AppData\Local\Temp\ch.elf.krv6D2.ltrans0.ltrans.o
 *fill*         0x0800217c        0x4 
 .text.osalThreadSleep.lto_priv.1
                0x08002180       0x14 C:\Users\ccliu\AppData\Local\Temp\ch.elf.krv6D2.ltrans0.ltrans.o
 *fill*         0x08002194        0xc 
 .text.mmc_read
                0x080021a0       0x60 C:\Users\ccliu\AppData\Local\Temp\ch.elf.krv6D2.ltrans0.ltrans.o
 .text.mmc_write
                0x08002200       0x60 C:\Users\ccliu\AppData\Local\Temp\ch.elf.krv6D2.ltrans0.ltrans.o
 .text.crc7     0x08002260       0x40 C:\Users\ccliu\AppData\Local\Temp\ch.elf.krv6D2.ltrans0.ltrans.o
 .text.wait     0x080022a0       0x5c C:\Users\ccliu\AppData\Local\Temp\ch.elf.krv6D2.ltrans0.ltrans.o
 *fill*         0x080022fc        0x4 
 .text.send_hdr
                0x08002300       0x7c C:\Users\ccliu\AppData\Local\Temp\ch.elf.krv6D2.ltrans0.ltrans.o
 *fill*         0x0800237c        0x4 
 .text.recvr1   0x08002380       0x44 C:\Users\ccliu\AppData\Local\Temp\ch.elf.krv6D2.ltrans0.ltrans.o
 *fill*         0x080023c4        0xc 
 .text.recvr3   0x080023d0       0x30 C:\Users\ccliu\AppData\Local\Temp\ch.elf.krv6D2.ltrans0.ltrans.o
 .text.send_command_R1
                0x08002400       0x4c C:\Users\ccliu\AppData\Local\Temp\ch.elf.krv6D2.ltrans0.ltrans.o
 *fill*         0x0800244c        0x4 
 .text.send_command_R3
                0x08002450       0x50 C:\Users\ccliu\AppData\Local\Temp\ch.elf.krv6D2.ltrans0.ltrans.o
 .text.read_CxD
                0x080024a0       0xf4 C:\Users\ccliu\AppData\Local\Temp\ch.elf.krv6D2.ltrans0.ltrans.o
 *fill*         0x08002594        0xc 
 .text.sync     0x080025a0       0x48 C:\Users\ccliu\AppData\Local\Temp\ch.elf.krv6D2.ltrans0.ltrans.o
 *fill*         0x080025e8        0x8 
 .text.mmcInit  0x080025f0        0x4 C:\Users\ccliu\AppData\Local\Temp\ch.elf.krv6D2.ltrans0.ltrans.o
 *fill*         0x080025f4        0xc 
 .text.mmcObjectInit
                0x08002600       0x28 C:\Users\ccliu\AppData\Local\Temp\ch.elf.krv6D2.ltrans0.ltrans.o
 *fill*         0x08002628        0x8 
 .text.mmcConnect
                0x08002630      0x1bc C:\Users\ccliu\AppData\Local\Temp\ch.elf.krv6D2.ltrans0.ltrans.o
 *fill*         0x080027ec        0x4 
 .text.mmcDisconnect
                0x080027f0       0x5c C:\Users\ccliu\AppData\Local\Temp\ch.elf.krv6D2.ltrans0.ltrans.o
 *fill*         0x0800284c        0x4 
 .text.mmcStartSequentialRead
                0x08002850       0x80 C:\Users\ccliu\AppData\Local\Temp\ch.elf.krv6D2.ltrans0.ltrans.o
 .text.mmcSequentialRead
                0x080028d0       0x90 C:\Users\ccliu\AppData\Local\Temp\ch.elf.krv6D2.ltrans0.ltrans.o
 .text.mmcStopSequentialRead
                0x08002960       0x4c C:\Users\ccliu\AppData\Local\Temp\ch.elf.krv6D2.ltrans0.ltrans.o
 *fill*         0x080029ac        0x4 
 .text.mmcStartSequentialWrite
                0x080029b0       0x80 C:\Users\ccliu\AppData\Local\Temp\ch.elf.krv6D2.ltrans0.ltrans.o
 .text.mmcSequentialWrite
                0x08002a30       0x98 C:\Users\ccliu\AppData\Local\Temp\ch.elf.krv6D2.ltrans0.ltrans.o
 *fill*         0x08002ac8        0x8 
 .text.mmcStopSequentialWrite
                0x08002ad0       0x44 C:\Users\ccliu\AppData\Local\Temp\ch.elf.krv6D2.ltrans0.ltrans.o
 *fill*         0x08002b14        0xc 
 .text.mmcSync  0x08002b20       0x44 C:\Users\ccliu\AppData\Local\Temp\ch.elf.krv6D2.ltrans0.ltrans.o
 *fill*         0x08002b64        0xc 
 .text.mmcGetInfo
                0x08002b70       0x2c C:\Users\ccliu\AppData\Local\Temp\ch.elf.krv6D2.ltrans0.ltrans.o
 *fill*         0x08002b9c        0x4 
 .text.chSysLock.lto_priv.4
                0x08002ba0       0x18 C:\Users\ccliu\AppData\Local\Temp\ch.elf.krv6D2.ltrans0.ltrans.o
 *fill*         0x08002bb8        0x8 
 .text.chSysUnlock.lto_priv.4
                0x08002bc0       0x18 C:\Users\ccliu\AppData\Local\Temp\ch.elf.krv6D2.ltrans0.ltrans.o
 *fill*         0x08002bd8        0x8 
 .text.chEvtObjectInit.lto_priv.0
                0x08002be0       0x10 C:\Users\ccliu\AppData\Local\Temp\ch.elf.krv6D2.ltrans0.ltrans.o
 .text.osalSysLock.lto_priv.4
                0x08002bf0        0xc C:\Users\ccliu\AppData\Local\Temp\ch.elf.krv6D2.ltrans0.ltrans.o
 *fill*         0x08002bfc        0x4 
 .text.osalSysUnlock.lto_priv.4
                0x08002c00        0xc C:\Users\ccliu\AppData\Local\Temp\ch.elf.krv6D2.ltrans0.ltrans.o
 *fill*         0x08002c0c        0x4 
 .text.osalEventObjectInit
                0x08002c10       0x14 C:\Users\ccliu\AppData\Local\Temp\ch.elf.krv6D2.ltrans0.ltrans.o
 *fill*         0x08002c24        0xc 
 .text.osalEventBroadcastFlagsI.lto_priv.0
                0x08002c30       0x18 C:\Users\ccliu\AppData\Local\Temp\ch.elf.krv6D2.ltrans0.ltrans.o
 *fill*         0x08002c48        0x8 
 .text._write   0x08002c50       0x28 C:\Users\ccliu\AppData\Local\Temp\ch.elf.krv6D2.ltrans0.ltrans.o
 *fill*         0x08002c78        0x8 
 .text._read    0x08002c80       0x28 C:\Users\ccliu\AppData\Local\Temp\ch.elf.krv6D2.ltrans0.ltrans.o
 *fill*         0x08002ca8        0x8 
 .text._put.lto_priv.0
                0x08002cb0       0x28 C:\Users\ccliu\AppData\Local\Temp\ch.elf.krv6D2.ltrans0.ltrans.o
 *fill*         0x08002cd8        0x8 
 .text._get.lto_priv.0
                0x08002ce0       0x20 C:\Users\ccliu\AppData\Local\Temp\ch.elf.krv6D2.ltrans0.ltrans.o
 .text._putt    0x08002d00       0x28 C:\Users\ccliu\AppData\Local\Temp\ch.elf.krv6D2.ltrans0.ltrans.o
 *fill*         0x08002d28        0x8 
 .text._gett    0x08002d30       0x20 C:\Users\ccliu\AppData\Local\Temp\ch.elf.krv6D2.ltrans0.ltrans.o
 .text._writet  0x08002d50       0x28 C:\Users\ccliu\AppData\Local\Temp\ch.elf.krv6D2.ltrans0.ltrans.o
 *fill*         0x08002d78        0x8 
 .text._readt   0x08002d80       0x28 C:\Users\ccliu\AppData\Local\Temp\ch.elf.krv6D2.ltrans0.ltrans.o
 *fill*         0x08002da8        0x8 
 .text._ctl     0x08002db0       0x24 C:\Users\ccliu\AppData\Local\Temp\ch.elf.krv6D2.ltrans0.ltrans.o
 *fill*         0x08002dd4        0xc 
 .text.sdInit   0x08002de0        0xc C:\Users\ccliu\AppData\Local\Temp\ch.elf.krv6D2.ltrans0.ltrans.o
 *fill*         0x08002dec        0x4 
 .text.sdObjectInit
                0x08002df0       0x5c C:\Users\ccliu\AppData\Local\Temp\ch.elf.krv6D2.ltrans0.ltrans.o
 *fill*         0x08002e4c        0x4 
 .text.sdStart  0x08002e50       0x3c C:\Users\ccliu\AppData\Local\Temp\ch.elf.krv6D2.ltrans0.ltrans.o
 *fill*         0x08002e8c        0x4 
 .text.sdIncomingDataI
                0x08002e90       0x4c C:\Users\ccliu\AppData\Local\Temp\ch.elf.krv6D2.ltrans0.ltrans.o
 *fill*         0x08002edc        0x4 
 .text.chSysLock.lto_priv.5
                0x08002ee0       0x18 C:\Users\ccliu\AppData\Local\Temp\ch.elf.krv6D2.ltrans0.ltrans.o
 *fill*         0x08002ef8        0x8 
 .text.chSysUnlock.lto_priv.5
                0x08002f00       0x18 C:\Users\ccliu\AppData\Local\Temp\ch.elf.krv6D2.ltrans0.ltrans.o
 *fill*         0x08002f18        0x8 
 .text.osalSysLock.lto_priv.5
                0x08002f20        0xc C:\Users\ccliu\AppData\Local\Temp\ch.elf.krv6D2.ltrans0.ltrans.o
 *fill*         0x08002f2c        0x4 
 .text.osalSysUnlock.lto_priv.5
                0x08002f30        0xc C:\Users\ccliu\AppData\Local\Temp\ch.elf.krv6D2.ltrans0.ltrans.o
 *fill*         0x08002f3c        0x4 
 .text.osalThreadSuspendTimeoutS.lto_priv.0
                0x08002f40       0x1c C:\Users\ccliu\AppData\Local\Temp\ch.elf.krv6D2.ltrans0.ltrans.o
 *fill*         0x08002f5c        0x4 
 .text.osalMutexObjectInit.lto_priv.1
                0x08002f60       0x14 C:\Users\ccliu\AppData\Local\Temp\ch.elf.krv6D2.ltrans0.ltrans.o
 *fill*         0x08002f74        0xc 
 .text.spiInit  0x08002f80        0xc C:\Users\ccliu\AppData\Local\Temp\ch.elf.krv6D2.ltrans0.ltrans.o
 *fill*         0x08002f8c        0x4 
 .text.spiObjectInit
                0x08002f90       0x2c C:\Users\ccliu\AppData\Local\Temp\ch.elf.krv6D2.ltrans0.ltrans.o
 *fill*         0x08002fbc        0x4 
 .text.spiStart
                0x08002fc0       0x3c C:\Users\ccliu\AppData\Local\Temp\ch.elf.krv6D2.ltrans0.ltrans.o
 *fill*         0x08002ffc        0x4 
 .text.spiStop  0x08003000       0x28 C:\Users\ccliu\AppData\Local\Temp\ch.elf.krv6D2.ltrans0.ltrans.o
 *fill*         0x08003028        0x8 
 .text.spiSelect
                0x08003030       0x2c C:\Users\ccliu\AppData\Local\Temp\ch.elf.krv6D2.ltrans0.ltrans.o
 *fill*         0x0800305c        0x4 
 .text.spiUnselect
                0x08003060       0x2c C:\Users\ccliu\AppData\Local\Temp\ch.elf.krv6D2.ltrans0.ltrans.o
 *fill*         0x0800308c        0x4 
 .text.spiStartIgnoreI
                0x08003090       0x24 C:\Users\ccliu\AppData\Local\Temp\ch.elf.krv6D2.ltrans0.ltrans.o
 *fill*         0x080030b4        0xc 
 .text.spiStartSendI
                0x080030c0       0x28 C:\Users\ccliu\AppData\Local\Temp\ch.elf.krv6D2.ltrans0.ltrans.o
 *fill*         0x080030e8        0x8 
 .text.spiStartReceiveI
                0x080030f0       0x28 C:\Users\ccliu\AppData\Local\Temp\ch.elf.krv6D2.ltrans0.ltrans.o
 *fill*         0x08003118        0x8 
 .text.spiSynchronizeS
                0x08003120       0x30 C:\Users\ccliu\AppData\Local\Temp\ch.elf.krv6D2.ltrans0.ltrans.o
 .text.spiIgnore
                0x08003150       0x38 C:\Users\ccliu\AppData\Local\Temp\ch.elf.krv6D2.ltrans0.ltrans.o
 *fill*         0x08003188        0x8 
 .text.spiSend  0x08003190       0x3c C:\Users\ccliu\AppData\Local\Temp\ch.elf.krv6D2.ltrans0.ltrans.o
 *fill*         0x080031cc        0x4 
 .text.spiReceive
                0x080031d0       0x3c C:\Users\ccliu\AppData\Local\Temp\ch.elf.krv6D2.ltrans0.ltrans.o
 *fill*         0x0800320c        0x4 
 .text.chSysLock.lto_priv.6
                0x08003210       0x18 C:\Users\ccliu\AppData\Local\Temp\ch.elf.krv6D2.ltrans0.ltrans.o
 *fill*         0x08003228        0x8 
 .text.chSysUnlock.lto_priv.6
                0x08003230       0x18 C:\Users\ccliu\AppData\Local\Temp\ch.elf.krv6D2.ltrans0.ltrans.o
 *fill*         0x08003248        0x8 
 .text.osalSysLock.lto_priv.6
                0x08003250        0xc C:\Users\ccliu\AppData\Local\Temp\ch.elf.krv6D2.ltrans0.ltrans.o
 *fill*         0x0800325c        0x4 
 .text.osalSysUnlock.lto_priv.6
                0x08003260        0xc C:\Users\ccliu\AppData\Local\Temp\ch.elf.krv6D2.ltrans0.ltrans.o
 *fill*         0x0800326c        0x4 
 .text.uartInit
                0x08003270        0xc C:\Users\ccliu\AppData\Local\Temp\ch.elf.krv6D2.ltrans0.ltrans.o
 *fill*         0x0800327c        0x4 
 .text.uartObjectInit
                0x08003280       0x24 C:\Users\ccliu\AppData\Local\Temp\ch.elf.krv6D2.ltrans0.ltrans.o
 *fill*         0x080032a4        0xc 
 .text.uartStart
                0x080032b0       0x40 C:\Users\ccliu\AppData\Local\Temp\ch.elf.krv6D2.ltrans0.ltrans.o
 .text.uartStop
                0x080032f0       0x34 C:\Users\ccliu\AppData\Local\Temp\ch.elf.krv6D2.ltrans0.ltrans.o
 *fill*         0x08003324        0xc 
 .text.nvicEnableVector
                0x08003330       0x54 C:\Users\ccliu\AppData\Local\Temp\ch.elf.krv6D2.ltrans0.ltrans.o
 *fill*         0x08003384        0xc 
 .text.nvicDisableVector
                0x08003390       0x4c C:\Users\ccliu\AppData\Local\Temp\ch.elf.krv6D2.ltrans0.ltrans.o
 *fill*         0x080033dc        0x4 
 .text.exti0_irq_init
                0x080033e0        0x4 C:\Users\ccliu\AppData\Local\Temp\ch.elf.krv6D2.ltrans0.ltrans.o
 *fill*         0x080033e4        0xc 
 .text.exti1_irq_init
                0x080033f0        0x4 C:\Users\ccliu\AppData\Local\Temp\ch.elf.krv6D2.ltrans0.ltrans.o
 *fill*         0x080033f4        0xc 
 .text.exti2_irq_init
                0x08003400        0x4 C:\Users\ccliu\AppData\Local\Temp\ch.elf.krv6D2.ltrans0.ltrans.o
 *fill*         0x08003404        0xc 
 .text.exti3_irq_init
                0x08003410        0x4 C:\Users\ccliu\AppData\Local\Temp\ch.elf.krv6D2.ltrans0.ltrans.o
 *fill*         0x08003414        0xc 
 .text.exti4_irq_init
                0x08003420        0x4 C:\Users\ccliu\AppData\Local\Temp\ch.elf.krv6D2.ltrans0.ltrans.o
 *fill*         0x08003424        0xc 
 .text.exti5_9_irq_init
                0x08003430        0x4 C:\Users\ccliu\AppData\Local\Temp\ch.elf.krv6D2.ltrans0.ltrans.o
 *fill*         0x08003434        0xc 
 .text.exti10_15_irq_init
                0x08003440        0x4 C:\Users\ccliu\AppData\Local\Temp\ch.elf.krv6D2.ltrans0.ltrans.o
 *fill*         0x08003444        0xc 
 .text.exti16_irq_init
                0x08003450        0x4 C:\Users\ccliu\AppData\Local\Temp\ch.elf.krv6D2.ltrans0.ltrans.o
 *fill*         0x08003454        0xc 
 .text.exti17_irq_init
                0x08003460        0x4 C:\Users\ccliu\AppData\Local\Temp\ch.elf.krv6D2.ltrans0.ltrans.o
 *fill*         0x08003464        0xc 
 .text.exti18_irq_init
                0x08003470        0x4 C:\Users\ccliu\AppData\Local\Temp\ch.elf.krv6D2.ltrans0.ltrans.o
 *fill*         0x08003474        0xc 
 .text.exti19_irq_init
                0x08003480        0x4 C:\Users\ccliu\AppData\Local\Temp\ch.elf.krv6D2.ltrans0.ltrans.o
 *fill*         0x08003484        0xc 
 .text.exti20_irq_init
                0x08003490        0x4 C:\Users\ccliu\AppData\Local\Temp\ch.elf.krv6D2.ltrans0.ltrans.o
 *fill*         0x08003494        0xc 
 .text.exti21_irq_init
                0x080034a0        0x4 C:\Users\ccliu\AppData\Local\Temp\ch.elf.krv6D2.ltrans0.ltrans.o
 *fill*         0x080034a4        0xc 
 .text.exti22_irq_init
                0x080034b0        0x4 C:\Users\ccliu\AppData\Local\Temp\ch.elf.krv6D2.ltrans0.ltrans.o
 *fill*         0x080034b4        0xc 
 .text.usart1_irq_init
                0x080034c0       0x10 C:\Users\ccliu\AppData\Local\Temp\ch.elf.krv6D2.ltrans0.ltrans.o
 .text.VectorD4
                0x080034d0       0x14 C:\Users\ccliu\AppData\Local\Temp\ch.elf.krv6D2.ltrans0.ltrans.o
                0x080034d0                VectorD4
 *fill*         0x080034e4        0xc 
 .text.usart2_irq_init
                0x080034f0       0x10 C:\Users\ccliu\AppData\Local\Temp\ch.elf.krv6D2.ltrans0.ltrans.o
 .text.VectorD8
                0x08003500       0x14 C:\Users\ccliu\AppData\Local\Temp\ch.elf.krv6D2.ltrans0.ltrans.o
                0x08003500                VectorD8
 *fill*         0x08003514        0xc 
 .text.usart3_irq_init
                0x08003520        0x4 C:\Users\ccliu\AppData\Local\Temp\ch.elf.krv6D2.ltrans0.ltrans.o
 *fill*         0x08003524        0xc 
 .text.uart4_irq_init
                0x08003530        0x4 C:\Users\ccliu\AppData\Local\Temp\ch.elf.krv6D2.ltrans0.ltrans.o
 *fill*         0x08003534        0xc 
 .text.uart5_irq_init
                0x08003540        0x4 C:\Users\ccliu\AppData\Local\Temp\ch.elf.krv6D2.ltrans0.ltrans.o
 *fill*         0x08003544        0xc 
 .text.usart6_irq_init
                0x08003550        0x4 C:\Users\ccliu\AppData\Local\Temp\ch.elf.krv6D2.ltrans0.ltrans.o
 *fill*         0x08003554        0xc 
 .text.uart7_irq_init
                0x08003560        0x4 C:\Users\ccliu\AppData\Local\Temp\ch.elf.krv6D2.ltrans0.ltrans.o
 *fill*         0x08003564        0xc 
 .text.uart8_irq_init
                0x08003570        0x4 C:\Users\ccliu\AppData\Local\Temp\ch.elf.krv6D2.ltrans0.ltrans.o
 *fill*         0x08003574        0xc 
 .text.uart9_irq_init
                0x08003580        0x4 C:\Users\ccliu\AppData\Local\Temp\ch.elf.krv6D2.ltrans0.ltrans.o
 *fill*         0x08003584        0xc 
 .text.uart10_irq_init
                0x08003590        0x4 C:\Users\ccliu\AppData\Local\Temp\ch.elf.krv6D2.ltrans0.ltrans.o
 *fill*         0x08003594        0xc 
 .text.tim1_tim9_tim10_tim11_irq_init
                0x080035a0        0x4 C:\Users\ccliu\AppData\Local\Temp\ch.elf.krv6D2.ltrans0.ltrans.o
 *fill*         0x080035a4        0xc 
 .text.tim2_irq_init
                0x080035b0       0x10 C:\Users\ccliu\AppData\Local\Temp\ch.elf.krv6D2.ltrans0.ltrans.o
 .text.VectorB0
                0x080035c0       0x10 C:\Users\ccliu\AppData\Local\Temp\ch.elf.krv6D2.ltrans0.ltrans.o
                0x080035c0                VectorB0
 .text.tim3_irq_init
                0x080035d0        0x4 C:\Users\ccliu\AppData\Local\Temp\ch.elf.krv6D2.ltrans0.ltrans.o
 *fill*         0x080035d4        0xc 
 .text.tim4_irq_init
                0x080035e0        0x4 C:\Users\ccliu\AppData\Local\Temp\ch.elf.krv6D2.ltrans0.ltrans.o
 *fill*         0x080035e4        0xc 
 .text.tim5_irq_init
                0x080035f0        0x4 C:\Users\ccliu\AppData\Local\Temp\ch.elf.krv6D2.ltrans0.ltrans.o
 *fill*         0x080035f4        0xc 
 .text.tim6_irq_init
                0x08003600        0x4 C:\Users\ccliu\AppData\Local\Temp\ch.elf.krv6D2.ltrans0.ltrans.o
 *fill*         0x08003604        0xc 
 .text.tim7_irq_init
                0x08003610        0x4 C:\Users\ccliu\AppData\Local\Temp\ch.elf.krv6D2.ltrans0.ltrans.o
 *fill*         0x08003614        0xc 
 .text.tim8_tim12_tim13_tim14_irq_init
                0x08003620        0x4 C:\Users\ccliu\AppData\Local\Temp\ch.elf.krv6D2.ltrans0.ltrans.o
 *fill*         0x08003624        0xc 
 .text.irqInit  0x08003630       0x88 C:\Users\ccliu\AppData\Local\Temp\ch.elf.krv6D2.ltrans0.ltrans.o
 *fill*         0x080036b8        0x8 
 .text.hal_lld_backup_domain_init
                0x080036c0       0x40 C:\Users\ccliu\AppData\Local\Temp\ch.elf.krv6D2.ltrans0.ltrans.o
 .text.hal_lld_init
                0x08003700       0xa0 C:\Users\ccliu\AppData\Local\Temp\ch.elf.krv6D2.ltrans0.ltrans.o
 .text.stm32_clock_init
                0x080037a0      0x14c C:\Users\ccliu\AppData\Local\Temp\ch.elf.krv6D2.ltrans0.ltrans.o
 *fill*         0x080038ec        0x4 
 .text.Vector6C
                0x080038f0       0x40 C:\Users\ccliu\AppData\Local\Temp\ch.elf.krv6D2.ltrans0.ltrans.o
                0x080038f0                Vector6C
 .text.Vector70
                0x08003930       0x44 C:\Users\ccliu\AppData\Local\Temp\ch.elf.krv6D2.ltrans0.ltrans.o
                0x08003930                Vector70
 *fill*         0x08003974        0xc 
 .text.Vector74
                0x08003980       0x44 C:\Users\ccliu\AppData\Local\Temp\ch.elf.krv6D2.ltrans0.ltrans.o
                0x08003980                Vector74
 *fill*         0x080039c4        0xc 
 .text.Vector78
                0x080039d0       0x44 C:\Users\ccliu\AppData\Local\Temp\ch.elf.krv6D2.ltrans0.ltrans.o
                0x080039d0                Vector78
 *fill*         0x08003a14        0xc 
 .text.Vector7C
                0x08003a20       0x40 C:\Users\ccliu\AppData\Local\Temp\ch.elf.krv6D2.ltrans0.ltrans.o
                0x08003a20                Vector7C
 .text.Vector80
                0x08003a60       0x44 C:\Users\ccliu\AppData\Local\Temp\ch.elf.krv6D2.ltrans0.ltrans.o
                0x08003a60                Vector80
 *fill*         0x08003aa4        0xc 
 .text.Vector84
                0x08003ab0       0x44 C:\Users\ccliu\AppData\Local\Temp\ch.elf.krv6D2.ltrans0.ltrans.o
                0x08003ab0                Vector84
 *fill*         0x08003af4        0xc 
 .text.VectorFC
                0x08003b00       0x44 C:\Users\ccliu\AppData\Local\Temp\ch.elf.krv6D2.ltrans0.ltrans.o
                0x08003b00                VectorFC
 *fill*         0x08003b44        0xc 
 .text.Vector120
                0x08003b50       0x40 C:\Users\ccliu\AppData\Local\Temp\ch.elf.krv6D2.ltrans0.ltrans.o
                0x08003b50                Vector120
 .text.Vector124
                0x08003b90       0x44 C:\Users\ccliu\AppData\Local\Temp\ch.elf.krv6D2.ltrans0.ltrans.o
                0x08003b90                Vector124
 *fill*         0x08003bd4        0xc 
 .text.Vector128
                0x08003be0       0x44 C:\Users\ccliu\AppData\Local\Temp\ch.elf.krv6D2.ltrans0.ltrans.o
                0x08003be0                Vector128
 *fill*         0x08003c24        0xc 
 .text.Vector12C
                0x08003c30       0x44 C:\Users\ccliu\AppData\Local\Temp\ch.elf.krv6D2.ltrans0.ltrans.o
                0x08003c30                Vector12C
 *fill*         0x08003c74        0xc 
 .text.Vector130
                0x08003c80       0x40 C:\Users\ccliu\AppData\Local\Temp\ch.elf.krv6D2.ltrans0.ltrans.o
                0x08003c80                Vector130
 .text.Vector150
                0x08003cc0       0x44 C:\Users\ccliu\AppData\Local\Temp\ch.elf.krv6D2.ltrans0.ltrans.o
                0x08003cc0                Vector150
 *fill*         0x08003d04        0xc 
 .text.Vector154
                0x08003d10       0x44 C:\Users\ccliu\AppData\Local\Temp\ch.elf.krv6D2.ltrans0.ltrans.o
                0x08003d10                Vector154
 *fill*         0x08003d54        0xc 
 .text.Vector158
                0x08003d60       0x44 C:\Users\ccliu\AppData\Local\Temp\ch.elf.krv6D2.ltrans0.ltrans.o
                0x08003d60                Vector158
 *fill*         0x08003da4        0xc 
 .text.dmaInit  0x08003db0       0x70 C:\Users\ccliu\AppData\Local\Temp\ch.elf.krv6D2.ltrans0.ltrans.o
 .text.dmaStreamAllocI
                0x08003e20      0x130 C:\Users\ccliu\AppData\Local\Temp\ch.elf.krv6D2.ltrans0.ltrans.o
 .text.dmaStreamFreeI
                0x08003f50       0x84 C:\Users\ccliu\AppData\Local\Temp\ch.elf.krv6D2.ltrans0.ltrans.o
 *fill*         0x08003fd4        0xc 
 .text._pal_lld_init
                0x08003fe0        0x4 C:\Users\ccliu\AppData\Local\Temp\ch.elf.krv6D2.ltrans0.ltrans.o
 *fill*         0x08003fe4        0xc 
 .text._pal_lld_setgroupmode
                0x08003ff0      0x16c C:\Users\ccliu\AppData\Local\Temp\ch.elf.krv6D2.ltrans0.ltrans.o
 *fill*         0x0800415c        0x4 
 .text.chTimeAddX.lto_priv.0
                0x08004160       0x14 C:\Users\ccliu\AppData\Local\Temp\ch.elf.krv6D2.ltrans0.ltrans.o
 *fill*         0x08004174        0xc 
 .text.chTimeIsInRangeX.lto_priv.0
                0x08004180       0x24 C:\Users\ccliu\AppData\Local\Temp\ch.elf.krv6D2.ltrans0.ltrans.o
 *fill*         0x080041a4        0xc 
 .text.port_timer_get_time.lto_priv.0
                0x080041b0        0xc C:\Users\ccliu\AppData\Local\Temp\ch.elf.krv6D2.ltrans0.ltrans.o
 *fill*         0x080041bc        0x4 
 .text.chSysLock.lto_priv.8
                0x080041c0       0x18 C:\Users\ccliu\AppData\Local\Temp\ch.elf.krv6D2.ltrans0.ltrans.o
 *fill*         0x080041d8        0x8 
 .text.chSysUnlock.lto_priv.8
                0x080041e0       0x18 C:\Users\ccliu\AppData\Local\Temp\ch.elf.krv6D2.ltrans0.ltrans.o
 *fill*         0x080041f8        0x8 
 .text.chSysLockFromISR.lto_priv.0
                0x08004200       0x18 C:\Users\ccliu\AppData\Local\Temp\ch.elf.krv6D2.ltrans0.ltrans.o
 *fill*         0x08004218        0x8 
 .text.chSysUnlockFromISR.lto_priv.0
                0x08004220       0x18 C:\Users\ccliu\AppData\Local\Temp\ch.elf.krv6D2.ltrans0.ltrans.o
 *fill*         0x08004238        0x8 
 .text.chVTGetSystemTimeX.lto_priv.0
                0x08004240        0xc C:\Users\ccliu\AppData\Local\Temp\ch.elf.krv6D2.ltrans0.ltrans.o
 *fill*         0x0800424c        0x4 
 .text.osalSysHalt.lto_priv.0
                0x08004250       0x14 C:\Users\ccliu\AppData\Local\Temp\ch.elf.krv6D2.ltrans0.ltrans.o
 *fill*         0x08004264        0xc 
 .text.osalSysLock.lto_priv.8
                0x08004270        0xc C:\Users\ccliu\AppData\Local\Temp\ch.elf.krv6D2.ltrans0.ltrans.o
 *fill*         0x0800427c        0x4 
 .text.osalSysUnlock.lto_priv.8
                0x08004280        0xc C:\Users\ccliu\AppData\Local\Temp\ch.elf.krv6D2.ltrans0.ltrans.o
 *fill*         0x0800428c        0x4 
 .text.osalSysLockFromISR.lto_priv.0
                0x08004290        0xc C:\Users\ccliu\AppData\Local\Temp\ch.elf.krv6D2.ltrans0.ltrans.o
 *fill*         0x0800429c        0x4 
 .text.osalSysUnlockFromISR.lto_priv.0
                0x080042a0        0xc C:\Users\ccliu\AppData\Local\Temp\ch.elf.krv6D2.ltrans0.ltrans.o
 *fill*         0x080042ac        0x4 
 .text.osalOsGetSystemTimeX
                0x080042b0        0xc C:\Users\ccliu\AppData\Local\Temp\ch.elf.krv6D2.ltrans0.ltrans.o
 *fill*         0x080042bc        0x4 
 .text.osalTimeAddX
                0x080042c0       0x1c C:\Users\ccliu\AppData\Local\Temp\ch.elf.krv6D2.ltrans0.ltrans.o
 *fill*         0x080042dc        0x4 
 .text.osalTimeIsInRangeX
                0x080042e0       0x20 C:\Users\ccliu\AppData\Local\Temp\ch.elf.krv6D2.ltrans0.ltrans.o
 .text.osalThreadSuspendTimeoutS.lto_priv.1
                0x08004300       0x1c C:\Users\ccliu\AppData\Local\Temp\ch.elf.krv6D2.ltrans0.ltrans.o
 *fill*         0x0800431c        0x4 
 .text.osalThreadResumeI.lto_priv.1
                0x08004320       0x18 C:\Users\ccliu\AppData\Local\Temp\ch.elf.krv6D2.ltrans0.ltrans.o
 *fill*         0x08004338        0x8 
 .text.i2c_lld_abort_operation
                0x08004340       0x9c C:\Users\ccliu\AppData\Local\Temp\ch.elf.krv6D2.ltrans0.ltrans.o
 *fill*         0x080043dc        0x4 
 .text.i2c_lld_set_clock
                0x080043e0      0x104 C:\Users\ccliu\AppData\Local\Temp\ch.elf.krv6D2.ltrans0.ltrans.o
 *fill*         0x080044e4        0xc 
 .text.i2c_lld_set_opmode
                0x080044f0       0x78 C:\Users\ccliu\AppData\Local\Temp\ch.elf.krv6D2.ltrans0.ltrans.o
 *fill*         0x08004568        0x8 
 .text.i2c_lld_serve_event_interrupt
                0x08004570      0x208 C:\Users\ccliu\AppData\Local\Temp\ch.elf.krv6D2.ltrans0.ltrans.o
 *fill*         0x08004778        0x8 
 .text.i2c_lld_serve_rx_end_irq
                0x08004780       0x9c C:\Users\ccliu\AppData\Local\Temp\ch.elf.krv6D2.ltrans0.ltrans.o
 *fill*         0x0800481c        0x4 
 .text.i2c_lld_serve_tx_end_irq
                0x08004820       0x70 C:\Users\ccliu\AppData\Local\Temp\ch.elf.krv6D2.ltrans0.ltrans.o
 .text.i2c_lld_serve_error_interrupt
                0x08004890      0x16c C:\Users\ccliu\AppData\Local\Temp\ch.elf.krv6D2.ltrans0.ltrans.o
 *fill*         0x080049fc        0x4 
 .text.VectorBC
                0x08004a00       0x14 C:\Users\ccliu\AppData\Local\Temp\ch.elf.krv6D2.ltrans0.ltrans.o
                0x08004a00                VectorBC
 *fill*         0x08004a14        0xc 
 .text.VectorC0
                0x08004a20       0x3c C:\Users\ccliu\AppData\Local\Temp\ch.elf.krv6D2.ltrans0.ltrans.o
                0x08004a20                VectorC0
 *fill*         0x08004a5c        0x4 
 .text.i2c_lld_init
                0x08004a60       0x2c C:\Users\ccliu\AppData\Local\Temp\ch.elf.krv6D2.ltrans0.ltrans.o
 *fill*         0x08004a8c        0x4 
 .text.i2c_lld_start
                0x08004a90      0x11c C:\Users\ccliu\AppData\Local\Temp\ch.elf.krv6D2.ltrans0.ltrans.o
 *fill*         0x08004bac        0x4 
 .text.i2c_lld_master_transmit_timeout
                0x08004bb0      0x1dc C:\Users\ccliu\AppData\Local\Temp\ch.elf.krv6D2.ltrans0.ltrans.o
 *fill*         0x08004d8c        0x4 
 .text.chSysLockFromISR.lto_priv.1
                0x08004d90       0x18 C:\Users\ccliu\AppData\Local\Temp\ch.elf.krv6D2.ltrans0.ltrans.o
 *fill*         0x08004da8        0x8 
 .text.chSysUnlockFromISR.lto_priv.1
                0x08004db0       0x18 C:\Users\ccliu\AppData\Local\Temp\ch.elf.krv6D2.ltrans0.ltrans.o
 *fill*         0x08004dc8        0x8 
 .text.osalSysHalt.lto_priv.1
                0x08004dd0       0x14 C:\Users\ccliu\AppData\Local\Temp\ch.elf.krv6D2.ltrans0.ltrans.o
 *fill*         0x08004de4        0xc 
 .text.osalSysLockFromISR.lto_priv.1
                0x08004df0        0xc C:\Users\ccliu\AppData\Local\Temp\ch.elf.krv6D2.ltrans0.ltrans.o
 *fill*         0x08004dfc        0x4 
 .text.osalSysUnlockFromISR.lto_priv.1
                0x08004e00        0xc C:\Users\ccliu\AppData\Local\Temp\ch.elf.krv6D2.ltrans0.ltrans.o
 *fill*         0x08004e0c        0x4 
 .text.osalThreadResumeI.lto_priv.2
                0x08004e10       0x18 C:\Users\ccliu\AppData\Local\Temp\ch.elf.krv6D2.ltrans0.ltrans.o
 *fill*         0x08004e28        0x8 
 .text.spi_lld_configure
                0x08004e30       0x64 C:\Users\ccliu\AppData\Local\Temp\ch.elf.krv6D2.ltrans0.ltrans.o
 *fill*         0x08004e94        0xc 
 .text.spi_lld_stop_abort
                0x08004ea0      0x180 C:\Users\ccliu\AppData\Local\Temp\ch.elf.krv6D2.ltrans0.ltrans.o
 .text.spi_lld_serve_rx_interrupt
                0x08005020       0xfc C:\Users\ccliu\AppData\Local\Temp\ch.elf.krv6D2.ltrans0.ltrans.o
 *fill*         0x0800511c        0x4 
 .text.spi_lld_serve_tx_interrupt
                0x08005120       0x54 C:\Users\ccliu\AppData\Local\Temp\ch.elf.krv6D2.ltrans0.ltrans.o
 *fill*         0x08005174        0xc 
 .text.spi_lld_get_dma
                0x08005180       0x6c C:\Users\ccliu\AppData\Local\Temp\ch.elf.krv6D2.ltrans0.ltrans.o
 *fill*         0x080051ec        0x4 
 .text.spi_lld_init
                0x080051f0       0x70 C:\Users\ccliu\AppData\Local\Temp\ch.elf.krv6D2.ltrans0.ltrans.o
 .text.spi_lld_start
                0x08005260      0x188 C:\Users\ccliu\AppData\Local\Temp\ch.elf.krv6D2.ltrans0.ltrans.o
 *fill*         0x080053e8        0x8 
 .text.spi_lld_stop
                0x080053f0       0xa4 C:\Users\ccliu\AppData\Local\Temp\ch.elf.krv6D2.ltrans0.ltrans.o
 *fill*         0x08005494        0xc 
 .text.spi_lld_ignore
                0x080054a0       0x90 C:\Users\ccliu\AppData\Local\Temp\ch.elf.krv6D2.ltrans0.ltrans.o
 .text.spi_lld_send
                0x08005530       0x90 C:\Users\ccliu\AppData\Local\Temp\ch.elf.krv6D2.ltrans0.ltrans.o
 .text.spi_lld_receive
                0x080055c0       0x90 C:\Users\ccliu\AppData\Local\Temp\ch.elf.krv6D2.ltrans0.ltrans.o
 .text.chSysLockFromISR.lto_priv.2
                0x08005650       0x18 C:\Users\ccliu\AppData\Local\Temp\ch.elf.krv6D2.ltrans0.ltrans.o
 *fill*         0x08005668        0x8 
 .text.chSysUnlockFromISR.lto_priv.2
                0x08005670       0x18 C:\Users\ccliu\AppData\Local\Temp\ch.elf.krv6D2.ltrans0.ltrans.o
 *fill*         0x08005688        0x8 
 .text.osalSysLockFromISR.lto_priv.2
                0x08005690        0xc C:\Users\ccliu\AppData\Local\Temp\ch.elf.krv6D2.ltrans0.ltrans.o
 *fill*         0x0800569c        0x4 
 .text.osalSysUnlockFromISR.lto_priv.2
                0x080056a0        0xc C:\Users\ccliu\AppData\Local\Temp\ch.elf.krv6D2.ltrans0.ltrans.o
 *fill*         0x080056ac        0x4 
 .text.osalOsTimerHandlerI
                0x080056b0        0xc C:\Users\ccliu\AppData\Local\Temp\ch.elf.krv6D2.ltrans0.ltrans.o
 *fill*         0x080056bc        0x4 
 .text.st_lld_init
                0x080056c0       0x78 C:\Users\ccliu\AppData\Local\Temp\ch.elf.krv6D2.ltrans0.ltrans.o
 *fill*         0x08005738        0x8 
 .text.st_lld_serve_interrupt
                0x08005740       0x44 C:\Users\ccliu\AppData\Local\Temp\ch.elf.krv6D2.ltrans0.ltrans.o
 *fill*         0x08005784        0xc 
 .text.chSysLockFromISR.lto_priv.3
                0x08005790       0x18 C:\Users\ccliu\AppData\Local\Temp\ch.elf.krv6D2.ltrans0.ltrans.o
 *fill*         0x080057a8        0x8 
 .text.chSysUnlockFromISR.lto_priv.3
                0x080057b0       0x18 C:\Users\ccliu\AppData\Local\Temp\ch.elf.krv6D2.ltrans0.ltrans.o
 *fill*         0x080057c8        0x8 
 .text.osalSysLockFromISR.lto_priv.3
                0x080057d0        0xc C:\Users\ccliu\AppData\Local\Temp\ch.elf.krv6D2.ltrans0.ltrans.o
 *fill*         0x080057dc        0x4 
 .text.osalSysUnlockFromISR.lto_priv.3
                0x080057e0        0xc C:\Users\ccliu\AppData\Local\Temp\ch.elf.krv6D2.ltrans0.ltrans.o
 *fill*         0x080057ec        0x4 
 .text.osalEventBroadcastFlagsI.lto_priv.1
                0x080057f0       0x18 C:\Users\ccliu\AppData\Local\Temp\ch.elf.krv6D2.ltrans0.ltrans.o
 *fill*         0x08005808        0x8 
 .text.usart_init
                0x08005810       0xac C:\Users\ccliu\AppData\Local\Temp\ch.elf.krv6D2.ltrans0.ltrans.o
 *fill*         0x080058bc        0x4 
 .text.set_error
                0x080058c0       0x74 C:\Users\ccliu\AppData\Local\Temp\ch.elf.krv6D2.ltrans0.ltrans.o
 *fill*         0x08005934        0xc 
 .text.notify2  0x08005940       0x1c C:\Users\ccliu\AppData\Local\Temp\ch.elf.krv6D2.ltrans0.ltrans.o
 *fill*         0x0800595c        0x4 
 .text.sd_lld_init
                0x08005960       0x2c C:\Users\ccliu\AppData\Local\Temp\ch.elf.krv6D2.ltrans0.ltrans.o
 *fill*         0x0800598c        0x4 
 .text.sd_lld_start
                0x08005990       0x5c C:\Users\ccliu\AppData\Local\Temp\ch.elf.krv6D2.ltrans0.ltrans.o
 *fill*         0x080059ec        0x4 
 .text.sd_lld_serve_interrupt
                0x080059f0      0x15c C:\Users\ccliu\AppData\Local\Temp\ch.elf.krv6D2.ltrans0.ltrans.o
 *fill*         0x08005b4c        0x4 
 .text.osalSysHalt.lto_priv.2
                0x08005b50       0x14 C:\Users\ccliu\AppData\Local\Temp\ch.elf.krv6D2.ltrans0.ltrans.o
 *fill*         0x08005b64        0xc 
 .text.translate_errors
                0x08005b70       0x78 C:\Users\ccliu\AppData\Local\Temp\ch.elf.krv6D2.ltrans0.ltrans.o
 *fill*         0x08005be8        0x8 
 .text.uart_enter_rx_idle_loop
                0x08005bf0       0x60 C:\Users\ccliu\AppData\Local\Temp\ch.elf.krv6D2.ltrans0.ltrans.o
 .text.usart_stop
                0x08005c50       0x94 C:\Users\ccliu\AppData\Local\Temp\ch.elf.krv6D2.ltrans0.ltrans.o
 *fill*         0x08005ce4        0xc 
 .text.usart_start
                0x08005cf0       0xac C:\Users\ccliu\AppData\Local\Temp\ch.elf.krv6D2.ltrans0.ltrans.o
 *fill*         0x08005d9c        0x4 
 .text.uart_lld_serve_rx_end_irq
                0x08005da0       0xb4 C:\Users\ccliu\AppData\Local\Temp\ch.elf.krv6D2.ltrans0.ltrans.o
 *fill*         0x08005e54        0xc 
 .text.uart_lld_serve_tx_end_irq
                0x08005e60       0x88 C:\Users\ccliu\AppData\Local\Temp\ch.elf.krv6D2.ltrans0.ltrans.o
 *fill*         0x08005ee8        0x8 
 .text.uart_lld_init
                0x08005ef0       0x3c C:\Users\ccliu\AppData\Local\Temp\ch.elf.krv6D2.ltrans0.ltrans.o
 *fill*         0x08005f2c        0x4 
 .text.uart_lld_start
                0x08005f30       0xec C:\Users\ccliu\AppData\Local\Temp\ch.elf.krv6D2.ltrans0.ltrans.o
 *fill*         0x0800601c        0x4 
 .text.uart_lld_stop
                0x08006020       0x70 C:\Users\ccliu\AppData\Local\Temp\ch.elf.krv6D2.ltrans0.ltrans.o
 .text.uart_lld_serve_interrupt
                0x08006090       0xc4 C:\Users\ccliu\AppData\Local\Temp\ch.elf.krv6D2.ltrans0.ltrans.o
 *fill*         0x08006154        0xc 
 .text.gpio_init
                0x08006160       0x44 C:\Users\ccliu\AppData\Local\Temp\ch.elf.krv6D2.ltrans0.ltrans.o
 *fill*         0x080061a4        0xc 
 .text.stm32_gpio_init
                0x080061b0       0xa4 C:\Users\ccliu\AppData\Local\Temp\ch.elf.krv6D2.ltrans0.ltrans.o
 *fill*         0x08006254        0xc 
 .text.__early_init
                0x08006260       0x10 C:\Users\ccliu\AppData\Local\Temp\ch.elf.krv6D2.ltrans0.ltrans.o
                0x08006260                __early_init
 .text.mmc_lld_is_card_inserted
                0x08006270        0xc C:\Users\ccliu\AppData\Local\Temp\ch.elf.krv6D2.ltrans0.ltrans.o
 *fill*         0x0800627c        0x4 
 .text.mmc_lld_is_write_protected
                0x08006280        0xc C:\Users\ccliu\AppData\Local\Temp\ch.elf.krv6D2.ltrans0.ltrans.o
 *fill*         0x0800628c        0x4 
 .text.boardInit
                0x08006290        0x4 C:\Users\ccliu\AppData\Local\Temp\ch.elf.krv6D2.ltrans0.ltrans.o
 *fill*         0x08006294        0xc 
 .text.__tm_calibration_object_init
                0x080062a0       0x44 C:\Users\ccliu\AppData\Local\Temp\ch.elf.krv6D2.ltrans0.ltrans.o
 *fill*         0x080062e4        0xc 
 .text.chSysUnlock.lto_priv.9
                0x080062f0       0x18 C:\Users\ccliu\AppData\Local\Temp\ch.elf.krv6D2.ltrans0.ltrans.o
 *fill*         0x08006308        0x8 
 .text.__oslib_init
                0x08006310       0x14 C:\Users\ccliu\AppData\Local\Temp\ch.elf.krv6D2.ltrans0.ltrans.o
 *fill*         0x08006324        0xc 
 .text.chSysInit
                0x08006330       0x5c C:\Users\ccliu\AppData\Local\Temp\ch.elf.krv6D2.ltrans0.ltrans.o
 *fill*         0x0800638c        0x4 
 .text.chSysHalt
                0x08006390       0x24 C:\Users\ccliu\AppData\Local\Temp\ch.elf.krv6D2.ltrans0.ltrans.o
 *fill*         0x080063b4        0xc 
 .text.chSysTimerHandlerI
                0x080063c0        0xc C:\Users\ccliu\AppData\Local\Temp\ch.elf.krv6D2.ltrans0.ltrans.o
 *fill*         0x080063cc        0x4 
 .text.chRFCUCollectFaultsI
                0x080063d0       0x1c C:\Users\ccliu\AppData\Local\Temp\ch.elf.krv6D2.ltrans0.ltrans.o
 *fill*         0x080063ec        0x4 
 .text.chTimeAddX.lto_priv.1
                0x080063f0       0x14 C:\Users\ccliu\AppData\Local\Temp\ch.elf.krv6D2.ltrans0.ltrans.o
 *fill*         0x08006404        0xc 
 .text.chTimeDiffX.lto_priv.0
                0x08006410       0x14 C:\Users\ccliu\AppData\Local\Temp\ch.elf.krv6D2.ltrans0.ltrans.o
 *fill*         0x08006424        0xc 
 .text.ch_dlist_isempty
                0x08006430       0x1c C:\Users\ccliu\AppData\Local\Temp\ch.elf.krv6D2.ltrans0.ltrans.o
 *fill*         0x0800644c        0x4 
 .text.ch_dlist_isfirst
                0x08006450       0x1c C:\Users\ccliu\AppData\Local\Temp\ch.elf.krv6D2.ltrans0.ltrans.o
 *fill*         0x0800646c        0x4 
 .text.ch_dlist_insert_after
                0x08006470       0x34 C:\Users\ccliu\AppData\Local\Temp\ch.elf.krv6D2.ltrans0.ltrans.o
 *fill*         0x080064a4        0xc 
 .text.ch_dlist_insert_before
                0x080064b0       0x34 C:\Users\ccliu\AppData\Local\Temp\ch.elf.krv6D2.ltrans0.ltrans.o
 *fill*         0x080064e4        0xc 
 .text.ch_dlist_insert
                0x080064f0       0x5c C:\Users\ccliu\AppData\Local\Temp\ch.elf.krv6D2.ltrans0.ltrans.o
 *fill*         0x0800654c        0x4 
 .text.ch_dlist_remove_first
                0x08006550       0x24 C:\Users\ccliu\AppData\Local\Temp\ch.elf.krv6D2.ltrans0.ltrans.o
 *fill*         0x08006574        0xc 
 .text.ch_dlist_dequeue
                0x08006580       0x20 C:\Users\ccliu\AppData\Local\Temp\ch.elf.krv6D2.ltrans0.ltrans.o
 .text.port_timer_start_alarm
                0x080065a0       0x14 C:\Users\ccliu\AppData\Local\Temp\ch.elf.krv6D2.ltrans0.ltrans.o
 *fill*         0x080065b4        0xc 
 .text.port_timer_stop_alarm
                0x080065c0        0xc C:\Users\ccliu\AppData\Local\Temp\ch.elf.krv6D2.ltrans0.ltrans.o
 *fill*         0x080065cc        0x4 
 .text.port_timer_set_alarm
                0x080065d0       0x14 C:\Users\ccliu\AppData\Local\Temp\ch.elf.krv6D2.ltrans0.ltrans.o
 *fill*         0x080065e4        0xc 
 .text.port_timer_get_time.lto_priv.1
                0x080065f0        0xc C:\Users\ccliu\AppData\Local\Temp\ch.elf.krv6D2.ltrans0.ltrans.o
 *fill*         0x080065fc        0x4 
 .text.chSysLockFromISR.lto_priv.5
                0x08006600       0x18 C:\Users\ccliu\AppData\Local\Temp\ch.elf.krv6D2.ltrans0.ltrans.o
 *fill*         0x08006618        0x8 
 .text.chSysUnlockFromISR.lto_priv.5
                0x08006620       0x18 C:\Users\ccliu\AppData\Local\Temp\ch.elf.krv6D2.ltrans0.ltrans.o
 *fill*         0x08006638        0x8 
 .text.chVTGetSystemTimeX.lto_priv.1
                0x08006640        0xc C:\Users\ccliu\AppData\Local\Temp\ch.elf.krv6D2.ltrans0.ltrans.o
 *fill*         0x0800664c        0x4 
 .text.vt_set_alarm
                0x08006650       0x70 C:\Users\ccliu\AppData\Local\Temp\ch.elf.krv6D2.ltrans0.ltrans.o
 .text.vt_insert_first
                0x080066c0       0x90 C:\Users\ccliu\AppData\Local\Temp\ch.elf.krv6D2.ltrans0.ltrans.o
 .text.vt_enqueue
                0x08006750       0x74 C:\Users\ccliu\AppData\Local\Temp\ch.elf.krv6D2.ltrans0.ltrans.o
 *fill*         0x080067c4        0xc 
 .text.chVTDoSetI
                0x080067d0       0x38 C:\Users\ccliu\AppData\Local\Temp\ch.elf.krv6D2.ltrans0.ltrans.o
 *fill*         0x08006808        0x8 
 .text.chVTDoResetI
                0x08006810       0xc4 C:\Users\ccliu\AppData\Local\Temp\ch.elf.krv6D2.ltrans0.ltrans.o
 *fill*         0x080068d4        0xc 
 .text.chVTDoTickI
                0x080068e0      0x12c C:\Users\ccliu\AppData\Local\Temp\ch.elf.krv6D2.ltrans0.ltrans.o
 *fill*         0x08006a0c        0x4 
 .text.chVTGetTimeStampI
                0x08006a10       0x54 C:\Users\ccliu\AppData\Local\Temp\ch.elf.krv6D2.ltrans0.ltrans.o
 *fill*         0x08006a64        0xc 
 .text.ch_queue_dequeue.lto_priv.0
                0x08006a70       0x20 C:\Users\ccliu\AppData\Local\Temp\ch.elf.krv6D2.ltrans0.ltrans.o
 .text.ch_pqueue_remove_highest
                0x08006a90       0x24 C:\Users\ccliu\AppData\Local\Temp\ch.elf.krv6D2.ltrans0.ltrans.o
 *fill*         0x08006ab4        0xc 
 .text.ch_pqueue_insert_behind
                0x08006ac0       0x48 C:\Users\ccliu\AppData\Local\Temp\ch.elf.krv6D2.ltrans0.ltrans.o
 *fill*         0x08006b08        0x8 
 .text.ch_pqueue_insert_ahead
                0x08006b10       0x48 C:\Users\ccliu\AppData\Local\Temp\ch.elf.krv6D2.ltrans0.ltrans.o
 *fill*         0x08006b58        0x8 
 .text.chSysLockFromISR.lto_priv.6
                0x08006b60       0x18 C:\Users\ccliu\AppData\Local\Temp\ch.elf.krv6D2.ltrans0.ltrans.o
 *fill*         0x08006b78        0x8 
 .text.chSysUnlockFromISR.lto_priv.6
                0x08006b80       0x18 C:\Users\ccliu\AppData\Local\Temp\ch.elf.krv6D2.ltrans0.ltrans.o
 *fill*         0x08006b98        0x8 
 .text.chVTIsArmedI
                0x08006ba0       0x18 C:\Users\ccliu\AppData\Local\Temp\ch.elf.krv6D2.ltrans0.ltrans.o
 *fill*         0x08006bb8        0x8 
 .text.chSemFastSignalI.lto_priv.0
                0x08006bc0       0x14 C:\Users\ccliu\AppData\Local\Temp\ch.elf.krv6D2.ltrans0.ltrans.o
 *fill*         0x08006bd4        0xc 
 .text.__sch_ready_behind
                0x08006be0       0x28 C:\Users\ccliu\AppData\Local\Temp\ch.elf.krv6D2.ltrans0.ltrans.o
 *fill*         0x08006c08        0x8 
 .text.__sch_ready_ahead
                0x08006c10       0x28 C:\Users\ccliu\AppData\Local\Temp\ch.elf.krv6D2.ltrans0.ltrans.o
 *fill*         0x08006c38        0x8 
 .text.__sch_reschedule_ahead
                0x08006c40       0x44 C:\Users\ccliu\AppData\Local\Temp\ch.elf.krv6D2.ltrans0.ltrans.o
 *fill*         0x08006c84        0xc 
 .text.__sch_wakeup
                0x08006c90       0x94 C:\Users\ccliu\AppData\Local\Temp\ch.elf.krv6D2.ltrans0.ltrans.o
 *fill*         0x08006d24        0xc 
 .text.chSchReadyI
                0x08006d30       0x18 C:\Users\ccliu\AppData\Local\Temp\ch.elf.krv6D2.ltrans0.ltrans.o
 *fill*         0x08006d48        0x8 
 .text.chSchGoSleepS
                0x08006d50       0x4c C:\Users\ccliu\AppData\Local\Temp\ch.elf.krv6D2.ltrans0.ltrans.o
 *fill*         0x08006d9c        0x4 
 .text.chSchGoSleepTimeoutS
                0x08006da0       0x6c C:\Users\ccliu\AppData\Local\Temp\ch.elf.krv6D2.ltrans0.ltrans.o
 *fill*         0x08006e0c        0x4 
 .text.chSchWakeupS
                0x08006e10       0x60 C:\Users\ccliu\AppData\Local\Temp\ch.elf.krv6D2.ltrans0.ltrans.o
 .text.chSchRescheduleS
                0x08006e70       0x38 C:\Users\ccliu\AppData\Local\Temp\ch.elf.krv6D2.ltrans0.ltrans.o
 *fill*         0x08006ea8        0x8 
 .text.chSchIsPreemptionRequired
                0x08006eb0       0x34 C:\Users\ccliu\AppData\Local\Temp\ch.elf.krv6D2.ltrans0.ltrans.o
 *fill*         0x08006ee4        0xc 
 .text.chSchDoPreemption
                0x08006ef0       0x44 C:\Users\ccliu\AppData\Local\Temp\ch.elf.krv6D2.ltrans0.ltrans.o
                0x08006ef0                chSchDoPreemption
 *fill*         0x08006f34        0xc 
 .text.__rfcu_object_init
                0x08006f40       0x10 C:\Users\ccliu\AppData\Local\Temp\ch.elf.krv6D2.ltrans0.ltrans.o
 .text.__dbg_object_init
                0x08006f50       0x10 C:\Users\ccliu\AppData\Local\Temp\ch.elf.krv6D2.ltrans0.ltrans.o
 .text.ch_queue_init.lto_priv.2
                0x08006f60       0x18 C:\Users\ccliu\AppData\Local\Temp\ch.elf.krv6D2.ltrans0.ltrans.o
 *fill*         0x08006f78        0x8 
 .text.ch_pqueue_init
                0x08006f80       0x1c C:\Users\ccliu\AppData\Local\Temp\ch.elf.krv6D2.ltrans0.ltrans.o
 *fill*         0x08006f9c        0x4 
 .text.ch_dlist_init
                0x08006fa0       0x20 C:\Users\ccliu\AppData\Local\Temp\ch.elf.krv6D2.ltrans0.ltrans.o
 .text.port_timer_get_time.lto_priv.2
                0x08006fc0        0xc C:\Users\ccliu\AppData\Local\Temp\ch.elf.krv6D2.ltrans0.ltrans.o
 *fill*         0x08006fcc        0x4 
 .text.chVTGetSystemTimeX.lto_priv.2
                0x08006fd0        0xc C:\Users\ccliu\AppData\Local\Temp\ch.elf.krv6D2.ltrans0.ltrans.o
 *fill*         0x08006fdc        0x4 
 .text.__vt_object_init
                0x08006fe0       0x2c C:\Users\ccliu\AppData\Local\Temp\ch.elf.krv6D2.ltrans0.ltrans.o
 *fill*         0x0800700c        0x4 
 .text.__reg_object_init
                0x08007010       0x18 C:\Users\ccliu\AppData\Local\Temp\ch.elf.krv6D2.ltrans0.ltrans.o
 *fill*         0x08007028        0x8 
 .text.__idle_thread
                0x08007030        0x8 C:\Users\ccliu\AppData\Local\Temp\ch.elf.krv6D2.ltrans0.ltrans.o
 *fill*         0x08007038        0x8 
 .text.chInstanceObjectInit
                0x08007040       0xc0 C:\Users\ccliu\AppData\Local\Temp\ch.elf.krv6D2.ltrans0.ltrans.o
 .text.ch_list_init
                0x08007100       0x10 C:\Users\ccliu\AppData\Local\Temp\ch.elf.krv6D2.ltrans0.ltrans.o
 .text.ch_list_notempty
                0x08007110       0x1c C:\Users\ccliu\AppData\Local\Temp\ch.elf.krv6D2.ltrans0.ltrans.o
 *fill*         0x0800712c        0x4 
 .text.ch_list_unlink
                0x08007130       0x1c C:\Users\ccliu\AppData\Local\Temp\ch.elf.krv6D2.ltrans0.ltrans.o
 *fill*         0x0800714c        0x4 
 .text.ch_queue_init.lto_priv.3
                0x08007150       0x18 C:\Users\ccliu\AppData\Local\Temp\ch.elf.krv6D2.ltrans0.ltrans.o
 *fill*         0x08007168        0x8 
 .text.ch_queue_notempty.lto_priv.0
                0x08007170       0x1c C:\Users\ccliu\AppData\Local\Temp\ch.elf.krv6D2.ltrans0.ltrans.o
 *fill*         0x0800718c        0x4 
 .text.ch_queue_insert.lto_priv.0
                0x08007190       0x28 C:\Users\ccliu\AppData\Local\Temp\ch.elf.krv6D2.ltrans0.ltrans.o
 *fill*         0x080071b8        0x8 
 .text.ch_queue_fifo_remove.lto_priv.0
                0x080071c0       0x24 C:\Users\ccliu\AppData\Local\Temp\ch.elf.krv6D2.ltrans0.ltrans.o
 *fill*         0x080071e4        0xc 
 .text.ch_queue_dequeue.lto_priv.1
                0x080071f0       0x20 C:\Users\ccliu\AppData\Local\Temp\ch.elf.krv6D2.ltrans0.ltrans.o
 .text.chSysLock.lto_priv.10
                0x08007210       0x18 C:\Users\ccliu\AppData\Local\Temp\ch.elf.krv6D2.ltrans0.ltrans.o
 *fill*         0x08007228        0x8 
 .text.chSysUnlock.lto_priv.10
                0x08007230       0x18 C:\Users\ccliu\AppData\Local\Temp\ch.elf.krv6D2.ltrans0.ltrans.o
 *fill*         0x08007248        0x8 
 .text.chThdGetSelfX.lto_priv.0
                0x08007250        0xc C:\Users\ccliu\AppData\Local\Temp\ch.elf.krv6D2.ltrans0.ltrans.o
 *fill*         0x0800725c        0x4 
 .text.chThdSleepS
                0x08007260       0x18 C:\Users\ccliu\AppData\Local\Temp\ch.elf.krv6D2.ltrans0.ltrans.o
 *fill*         0x08007278        0x8 
 .text.chThdDoDequeueNextI
                0x08007280       0x28 C:\Users\ccliu\AppData\Local\Temp\ch.elf.krv6D2.ltrans0.ltrans.o
 *fill*         0x080072a8        0x8 
 .text.__thd_object_init
                0x080072b0       0x78 C:\Users\ccliu\AppData\Local\Temp\ch.elf.krv6D2.ltrans0.ltrans.o
 *fill*         0x08007328        0x8 
 .text.chThdCreateSuspendedI
                0x08007330       0x60 C:\Users\ccliu\AppData\Local\Temp\ch.elf.krv6D2.ltrans0.ltrans.o
 .text.chThdCreateI
                0x08007390       0x20 C:\Users\ccliu\AppData\Local\Temp\ch.elf.krv6D2.ltrans0.ltrans.o
 .text.chThdCreateStatic
                0x080073b0       0x78 C:\Users\ccliu\AppData\Local\Temp\ch.elf.krv6D2.ltrans0.ltrans.o
 *fill*         0x08007428        0x8 
 .text.chThdExit
                0x08007430       0x18 C:\Users\ccliu\AppData\Local\Temp\ch.elf.krv6D2.ltrans0.ltrans.o
                0x08007430                chThdExit
 *fill*         0x08007448        0x8 
 .text.chThdExitS
                0x08007450       0x7c C:\Users\ccliu\AppData\Local\Temp\ch.elf.krv6D2.ltrans0.ltrans.o
 *fill*         0x080074cc        0x4 
 .text.chThdSleep
                0x080074d0       0x1c C:\Users\ccliu\AppData\Local\Temp\ch.elf.krv6D2.ltrans0.ltrans.o
 *fill*         0x080074ec        0x4 
 .text.chThdSuspendS
                0x080074f0       0x30 C:\Users\ccliu\AppData\Local\Temp\ch.elf.krv6D2.ltrans0.ltrans.o
 .text.chThdSuspendTimeoutS
                0x08007520       0x44 C:\Users\ccliu\AppData\Local\Temp\ch.elf.krv6D2.ltrans0.ltrans.o
 *fill*         0x08007564        0xc 
 .text.chThdResumeI
                0x08007570       0x30 C:\Users\ccliu\AppData\Local\Temp\ch.elf.krv6D2.ltrans0.ltrans.o
 .text.chThdEnqueueTimeoutS
                0x080075a0       0x40 C:\Users\ccliu\AppData\Local\Temp\ch.elf.krv6D2.ltrans0.ltrans.o
 .text.chThdDequeueNextI
                0x080075e0       0x28 C:\Users\ccliu\AppData\Local\Temp\ch.elf.krv6D2.ltrans0.ltrans.o
 *fill*         0x08007608        0x8 
 .text.tm_stop  0x08007610       0x70 C:\Users\ccliu\AppData\Local\Temp\ch.elf.krv6D2.ltrans0.ltrans.o
 .text.chTMObjectInit
                0x08007680       0x34 C:\Users\ccliu\AppData\Local\Temp\ch.elf.krv6D2.ltrans0.ltrans.o
 *fill*         0x080076b4        0xc 
 .text.chTMStartMeasurementX
                0x080076c0       0x18 C:\Users\ccliu\AppData\Local\Temp\ch.elf.krv6D2.ltrans0.ltrans.o
 *fill*         0x080076d8        0x8 
 .text.chTMStopMeasurementX
                0x080076e0       0x28 C:\Users\ccliu\AppData\Local\Temp\ch.elf.krv6D2.ltrans0.ltrans.o
 *fill*         0x08007708        0x8 
 .text.ch_queue_init.lto_priv.4
                0x08007710       0x18 C:\Users\ccliu\AppData\Local\Temp\ch.elf.krv6D2.ltrans0.ltrans.o
 *fill*         0x08007728        0x8 
 .text.ch_queue_insert.lto_priv.1
                0x08007730       0x28 C:\Users\ccliu\AppData\Local\Temp\ch.elf.krv6D2.ltrans0.ltrans.o
 *fill*         0x08007758        0x8 
 .text.ch_queue_fifo_remove.lto_priv.1
                0x08007760       0x24 C:\Users\ccliu\AppData\Local\Temp\ch.elf.krv6D2.ltrans0.ltrans.o
 *fill*         0x08007784        0xc 
 .text.chThdGetSelfX.lto_priv.1
                0x08007790        0xc C:\Users\ccliu\AppData\Local\Temp\ch.elf.krv6D2.ltrans0.ltrans.o
 *fill*         0x0800779c        0x4 
 .text.chSemObjectInit
                0x080077a0       0x20 C:\Users\ccliu\AppData\Local\Temp\ch.elf.krv6D2.ltrans0.ltrans.o
 .text.chSemWaitTimeoutS
                0x080077c0       0x68 C:\Users\ccliu\AppData\Local\Temp\ch.elf.krv6D2.ltrans0.ltrans.o
 *fill*         0x08007828        0x8 
 .text.chSemSignalI
                0x08007830       0x38 C:\Users\ccliu\AppData\Local\Temp\ch.elf.krv6D2.ltrans0.ltrans.o
 *fill*         0x08007868        0x8 
 .text.ch_queue_init.lto_priv.5
                0x08007870       0x18 C:\Users\ccliu\AppData\Local\Temp\ch.elf.krv6D2.ltrans0.ltrans.o
 *fill*         0x08007888        0x8 
 .text.chMtxObjectInit
                0x08007890       0x1c C:\Users\ccliu\AppData\Local\Temp\ch.elf.krv6D2.ltrans0.ltrans.o
 *fill*         0x080078ac        0x4 
 .text.chEvtSignalI
                0x080078b0       0x5c C:\Users\ccliu\AppData\Local\Temp\ch.elf.krv6D2.ltrans0.ltrans.o
 *fill*         0x0800790c        0x4 
 .text.chEvtBroadcastFlagsI
                0x08007910       0x58 C:\Users\ccliu\AppData\Local\Temp\ch.elf.krv6D2.ltrans0.ltrans.o
 *fill*         0x08007968        0x8 
 .text.ch_queue_init.lto_priv.7
                0x08007970       0x18 C:\Users\ccliu\AppData\Local\Temp\ch.elf.krv6D2.ltrans0.ltrans.o
 *fill*         0x08007988        0x8 
 .text.chSysLock.lto_priv.18
                0x08007990       0x18 C:\Users\ccliu\AppData\Local\Temp\ch.elf.krv6D2.ltrans0.ltrans.o
 *fill*         0x080079a8        0x8 
 .text.chSysUnlock.lto_priv.18
                0x080079b0       0x18 C:\Users\ccliu\AppData\Local\Temp\ch.elf.krv6D2.ltrans0.ltrans.o
 *fill*         0x080079c8        0x8 
 .text.chThdQueueObjectInit.lto_priv.2
                0x080079d0       0x18 C:\Users\ccliu\AppData\Local\Temp\ch.elf.krv6D2.ltrans0.ltrans.o
 *fill*         0x080079e8        0x8 
 .text.chMBGetSizeI
                0x080079f0       0x18 C:\Users\ccliu\AppData\Local\Temp\ch.elf.krv6D2.ltrans0.ltrans.o
 *fill*         0x08007a08        0x8 
 .text.chMBGetUsedCountI
                0x08007a10       0x10 C:\Users\ccliu\AppData\Local\Temp\ch.elf.krv6D2.ltrans0.ltrans.o
 .text.chMBGetFreeCountI
                0x08007a20       0x20 C:\Users\ccliu\AppData\Local\Temp\ch.elf.krv6D2.ltrans0.ltrans.o
 .text.chMBObjectInit
                0x08007a40       0x50 C:\Users\ccliu\AppData\Local\Temp\ch.elf.krv6D2.ltrans0.ltrans.o
 .text.chMBPostTimeout
                0x08007a90       0x28 C:\Users\ccliu\AppData\Local\Temp\ch.elf.krv6D2.ltrans0.ltrans.o
 *fill*         0x08007ab8        0x8 
 .text.chMBPostTimeoutS
                0x08007ac0       0x84 C:\Users\ccliu\AppData\Local\Temp\ch.elf.krv6D2.ltrans0.ltrans.o
 *fill*         0x08007b44        0xc 
 .text.chMBFetchTimeout
                0x08007b50       0x28 C:\Users\ccliu\AppData\Local\Temp\ch.elf.krv6D2.ltrans0.ltrans.o
 *fill*         0x08007b78        0x8 
 .text.chMBFetchTimeoutS
                0x08007b80       0x84 C:\Users\ccliu\AppData\Local\Temp\ch.elf.krv6D2.ltrans0.ltrans.o
 *fill*         0x08007c04        0xc 
 .text.chSysLock.lto_priv.19
                0x08007c10       0x18 C:\Users\ccliu\AppData\Local\Temp\ch.elf.krv6D2.ltrans0.ltrans.o
 *fill*         0x08007c28        0x8 
 .text.chSysUnlock.lto_priv.19
                0x08007c30       0x18 C:\Users\ccliu\AppData\Local\Temp\ch.elf.krv6D2.ltrans0.ltrans.o
 *fill*         0x08007c48        0x8 
 .text.__core_init
                0x08007c50       0x1c C:\Users\ccliu\AppData\Local\Temp\ch.elf.krv6D2.ltrans0.ltrans.o
 *fill*         0x08007c6c        0x4 
 .text.chCoreAllocFromTopI
                0x08007c70       0x50 C:\Users\ccliu\AppData\Local\Temp\ch.elf.krv6D2.ltrans0.ltrans.o
 .text.chCoreAllocFromTop
                0x08007cc0       0x28 C:\Users\ccliu\AppData\Local\Temp\ch.elf.krv6D2.ltrans0.ltrans.o
 *fill*         0x08007ce8        0x8 
 .text.__heap_init
                0x08007cf0       0x2c C:\Users\ccliu\AppData\Local\Temp\ch.elf.krv6D2.ltrans0.ltrans.o
 *fill*         0x08007d1c        0x4 
 .text.chSysLock.lto_priv.20
                0x08007d20       0x18 C:\Users\ccliu\AppData\Local\Temp\ch.elf.krv6D2.ltrans0.ltrans.o
 *fill*         0x08007d38        0x8 
 .text.chSysUnlock.lto_priv.20
                0x08007d40       0x18 C:\Users\ccliu\AppData\Local\Temp\ch.elf.krv6D2.ltrans0.ltrans.o
 *fill*         0x08007d58        0x8 
 .text.chGuardedPoolFreeI
                0x08007d60       0x24 C:\Users\ccliu\AppData\Local\Temp\ch.elf.krv6D2.ltrans0.ltrans.o
 *fill*         0x08007d84        0xc 
 .text.chGuardedPoolAdd
                0x08007d90       0x18 C:\Users\ccliu\AppData\Local\Temp\ch.elf.krv6D2.ltrans0.ltrans.o
 *fill*         0x08007da8        0x8 
 .text.chPoolObjectInitAligned
                0x08007db0       0x28 C:\Users\ccliu\AppData\Local\Temp\ch.elf.krv6D2.ltrans0.ltrans.o
 *fill*         0x08007dd8        0x8 
 .text.chPoolAllocI
                0x08007de0       0x44 C:\Users\ccliu\AppData\Local\Temp\ch.elf.krv6D2.ltrans0.ltrans.o
 *fill*         0x08007e24        0xc 
 .text.chPoolFreeI
                0x08007e30       0x20 C:\Users\ccliu\AppData\Local\Temp\ch.elf.krv6D2.ltrans0.ltrans.o
 .text.chGuardedPoolObjectInitAligned
                0x08007e50       0x2c C:\Users\ccliu\AppData\Local\Temp\ch.elf.krv6D2.ltrans0.ltrans.o
 *fill*         0x08007e7c        0x4 
 .text.chGuardedPoolLoadArray
                0x08007e80       0x34 C:\Users\ccliu\AppData\Local\Temp\ch.elf.krv6D2.ltrans0.ltrans.o
 *fill*         0x08007eb4        0xc 
 .text.chGuardedPoolAllocTimeoutS
                0x08007ec0       0x34 C:\Users\ccliu\AppData\Local\Temp\ch.elf.krv6D2.ltrans0.ltrans.o
 *fill*         0x08007ef4        0xc 
 .text.chGuardedPoolAllocTimeout
                0x08007f00       0x24 C:\Users\ccliu\AppData\Local\Temp\ch.elf.krv6D2.ltrans0.ltrans.o
 *fill*         0x08007f24        0xc 
 .text.chGuardedPoolFree
                0x08007f30       0x24 C:\Users\ccliu\AppData\Local\Temp\ch.elf.krv6D2.ltrans0.ltrans.o
 *fill*         0x08007f54        0xc 
 .text.chCoreAllocAlignedI
                0x08007f60       0x1c C:\Users\ccliu\AppData\Local\Temp\ch.elf.krv6D2.ltrans0.ltrans.o
 *fill*         0x08007f7c        0x4 
 .text.chPoolObjectInit
                0x08007f80       0x20 C:\Users\ccliu\AppData\Local\Temp\ch.elf.krv6D2.ltrans0.ltrans.o
 .text.dyn_list_init
                0x08007fa0       0x10 C:\Users\ccliu\AppData\Local\Temp\ch.elf.krv6D2.ltrans0.ltrans.o
 .text.__factory_init
                0x08007fb0       0x6c C:\Users\ccliu\AppData\Local\Temp\ch.elf.krv6D2.ltrans0.ltrans.o
 *fill*         0x0800801c        0x4 
 .text.__NVIC_SetPriorityGrouping
                0x08008020       0x40 C:\Users\ccliu\AppData\Local\Temp\ch.elf.krv6D2.ltrans0.ltrans.o
 .text.__NVIC_SetPriority
                0x08008060       0x50 C:\Users\ccliu\AppData\Local\Temp\ch.elf.krv6D2.ltrans0.ltrans.o
 .text.SVC_Handler
                0x080080b0       0x34 C:\Users\ccliu\AppData\Local\Temp\ch.elf.krv6D2.ltrans0.ltrans.o
                0x080080b0                SVC_Handler
 *fill*         0x080080e4        0xc 
 .text.port_init
                0x080080f0       0x5c C:\Users\ccliu\AppData\Local\Temp\ch.elf.krv6D2.ltrans0.ltrans.o
 *fill*         0x0800814c        0x4 
 .text.__port_irq_epilogue
                0x08008150       0x84 C:\Users\ccliu\AppData\Local\Temp\ch.elf.krv6D2.ltrans0.ltrans.o
 *fill*         0x080081d4        0xc 
 .text.long_to_string_with_divisor
                0x080081e0       0xa0 C:\Users\ccliu\AppData\Local\Temp\ch.elf.krv6D2.ltrans0.ltrans.o
 .text.ch_ltoa  0x08008280       0x20 C:\Users\ccliu\AppData\Local\Temp\ch.elf.krv6D2.ltrans0.ltrans.o
 .text.ftoa     0x080082a0       0xac C:\Users\ccliu\AppData\Local\Temp\ch.elf.krv6D2.ltrans0.ltrans.o
 *fill*         0x0800834c        0x4 
 .text.chvprintf
                0x08008350      0x53c C:\Users\ccliu\AppData\Local\Temp\ch.elf.krv6D2.ltrans0.ltrans.o
 *fill*         0x0800888c        0x4 
 .text.chprintf
                0x08008890       0x28 C:\Users\ccliu\AppData\Local\Temp\ch.elf.krv6D2.ltrans0.ltrans.o
 *fill*         0x080088b8        0x8 
 .text.hex2int  0x080088c0       0x5c C:\Users\ccliu\AppData\Local\Temp\ch.elf.krv6D2.ltrans0.ltrans.o
 *fill*         0x0800891c        0x4 
 .text.minmea_check
                0x08008920      0x114 C:\Users\ccliu\AppData\Local\Temp\ch.elf.krv6D2.ltrans0.ltrans.o
 *fill*         0x08008a34        0xc 
 .text.minmea_isfield
                0x08008a40       0x44 C:\Users\ccliu\AppData\Local\Temp\ch.elf.krv6D2.ltrans0.ltrans.o
 *fill*         0x08008a84        0xc 
 .text.minmea_scan
                0x08008a90      0x704 C:\Users\ccliu\AppData\Local\Temp\ch.elf.krv6D2.ltrans0.ltrans.o
 *fill*         0x08009194        0xc 
 .text.minmea_sentence_id
                0x080091a0      0x12c C:\Users\ccliu\AppData\Local\Temp\ch.elf.krv6D2.ltrans0.ltrans.o
 *fill*         0x080092cc        0x4 
 .text.minmea_parse_rmc
                0x080092d0       0xc8 C:\Users\ccliu\AppData\Local\Temp\ch.elf.krv6D2.ltrans0.ltrans.o
 *fill*         0x08009398        0x8 
 .text.FusionDegreesToRadians
                0x080093a0       0x1c C:\Users\ccliu\AppData\Local\Temp\ch.elf.krv6D2.ltrans0.ltrans.o
 *fill*         0x080093bc        0x4 
 .text.FusionFastInverseSqrt.lto_priv.0
                0x080093c0       0x64 C:\Users\ccliu\AppData\Local\Temp\ch.elf.krv6D2.ltrans0.ltrans.o
 *fill*         0x08009424        0xc 
 .text.FusionVectorIsZero
                0x08009430       0x54 C:\Users\ccliu\AppData\Local\Temp\ch.elf.krv6D2.ltrans0.ltrans.o
 *fill*         0x08009484        0xc 
 .text.FusionVectorAdd.lto_priv.0
                0x08009490       0x50 C:\Users\ccliu\AppData\Local\Temp\ch.elf.krv6D2.ltrans0.ltrans.o
 .text.FusionVectorSum.lto_priv.0
                0x080094e0       0x30 C:\Users\ccliu\AppData\Local\Temp\ch.elf.krv6D2.ltrans0.ltrans.o
 .text.FusionVectorMultiplyScalar.lto_priv.0
                0x08009510       0x4c C:\Users\ccliu\AppData\Local\Temp\ch.elf.krv6D2.ltrans0.ltrans.o
 *fill*         0x0800955c        0x4 
 .text.FusionVectorHadamardProduct.lto_priv.0
                0x08009560       0x50 C:\Users\ccliu\AppData\Local\Temp\ch.elf.krv6D2.ltrans0.ltrans.o
 .text.FusionVectorCrossProduct.lto_priv.0
                0x080095b0       0xa0 C:\Users\ccliu\AppData\Local\Temp\ch.elf.krv6D2.ltrans0.ltrans.o
 .text.FusionVectorMagnitudeSquared.lto_priv.0
                0x08009650       0x34 C:\Users\ccliu\AppData\Local\Temp\ch.elf.krv6D2.ltrans0.ltrans.o
 *fill*         0x08009684        0xc 
 .text.FusionVectorNormalise.lto_priv.0
                0x08009690       0x38 C:\Users\ccliu\AppData\Local\Temp\ch.elf.krv6D2.ltrans0.ltrans.o
 *fill*         0x080096c8        0x8 
 .text.FusionQuaternionAdd
                0x080096d0       0x68 C:\Users\ccliu\AppData\Local\Temp\ch.elf.krv6D2.ltrans0.ltrans.o
 *fill*         0x08009738        0x8 
 .text.FusionQuaternionMultiply
                0x08009740      0x1a0 C:\Users\ccliu\AppData\Local\Temp\ch.elf.krv6D2.ltrans0.ltrans.o
 .text.FusionQuaternionMultiplyVector
                0x080098e0      0x13c C:\Users\ccliu\AppData\Local\Temp\ch.elf.krv6D2.ltrans0.ltrans.o
 *fill*         0x08009a1c        0x4 
 .text.FusionQuaternionNormalise
                0x08009a20       0xc4 C:\Users\ccliu\AppData\Local\Temp\ch.elf.krv6D2.ltrans0.ltrans.o
 *fill*         0x08009ae4        0xc 
 .text.FusionAhrsInitialise
                0x08009af0       0x2c C:\Users\ccliu\AppData\Local\Temp\ch.elf.krv6D2.ltrans0.ltrans.o
 *fill*         0x08009b1c        0x4 
 .text.FusionAhrsReset
                0x08009b20       0xb0 C:\Users\ccliu\AppData\Local\Temp\ch.elf.krv6D2.ltrans0.ltrans.o
 .text.FusionAhrsSetSettings
                0x08009bd0      0x10c C:\Users\ccliu\AppData\Local\Temp\ch.elf.krv6D2.ltrans0.ltrans.o
 *fill*         0x08009cdc        0x4 
 .text.FusionAhrsUpdate
                0x08009ce0      0x4a0 C:\Users\ccliu\AppData\Local\Temp\ch.elf.krv6D2.ltrans0.ltrans.o
 .text.FusionAhrsSetHeading
                0x0800a180       0xf4 C:\Users\ccliu\AppData\Local\Temp\ch.elf.krv6D2.ltrans0.ltrans.o
 *fill*         0x0800a274        0xc 
 .text.FusionRadiansToDegrees.lto_priv.1
                0x0800a280       0x1c C:\Users\ccliu\AppData\Local\Temp\ch.elf.krv6D2.ltrans0.ltrans.o
 *fill*         0x0800a29c        0x4 
 .text.FusionFastInverseSqrt.lto_priv.1
                0x0800a2a0       0x64 C:\Users\ccliu\AppData\Local\Temp\ch.elf.krv6D2.ltrans0.ltrans.o
 *fill*         0x0800a304        0xc 
 .text.FusionVectorSum.lto_priv.1
                0x0800a310       0x30 C:\Users\ccliu\AppData\Local\Temp\ch.elf.krv6D2.ltrans0.ltrans.o
 .text.FusionVectorMultiplyScalar.lto_priv.1
                0x0800a340       0x4c C:\Users\ccliu\AppData\Local\Temp\ch.elf.krv6D2.ltrans0.ltrans.o
 *fill*         0x0800a38c        0x4 
 .text.FusionVectorHadamardProduct.lto_priv.1
                0x0800a390       0x50 C:\Users\ccliu\AppData\Local\Temp\ch.elf.krv6D2.ltrans0.ltrans.o
 .text.FusionVectorCrossProduct.lto_priv.1
                0x0800a3e0       0xa0 C:\Users\ccliu\AppData\Local\Temp\ch.elf.krv6D2.ltrans0.ltrans.o
 .text.FusionVectorMagnitudeSquared.lto_priv.1
                0x0800a480       0x34 C:\Users\ccliu\AppData\Local\Temp\ch.elf.krv6D2.ltrans0.ltrans.o
 *fill*         0x0800a4b4        0xc 
 .text.FusionVectorNormalise.lto_priv.1
                0x0800a4c0       0x38 C:\Users\ccliu\AppData\Local\Temp\ch.elf.krv6D2.ltrans0.ltrans.o
 *fill*         0x0800a4f8        0x8 
 .text.FusionCompassCalculateHeading
                0x0800a500       0x74 C:\Users\ccliu\AppData\Local\Temp\ch.elf.krv6D2.ltrans0.ltrans.o
 *fill*         0x0800a574        0xc 
 .text.osalThreadSleep.lto_priv.2
                0x0800a580       0x14 C:\Users\ccliu\AppData\Local\Temp\ch.elf.krv6D2.ltrans0.ltrans.o
 *fill*         0x0800a594        0xc 
 .text.lsm6dslI2CReadRegister
                0x0800a5a0       0x40 C:\Users\ccliu\AppData\Local\Temp\ch.elf.krv6D2.ltrans0.ltrans.o
 .text.acc_get_axes_number.lto_priv.0
                0x0800a5e0        0xc C:\Users\ccliu\AppData\Local\Temp\ch.elf.krv6D2.ltrans0.ltrans.o
 *fill*         0x0800a5ec        0x4 
 .text.acc_read_raw.lto_priv.0
                0x0800a5f0       0x98 C:\Users\ccliu\AppData\Local\Temp\ch.elf.krv6D2.ltrans0.ltrans.o
 *fill*         0x0800a688        0x8 
 .text.acc_read_cooked.lto_priv.0
                0x0800a690       0x80 C:\Users\ccliu\AppData\Local\Temp\ch.elf.krv6D2.ltrans0.ltrans.o
 .text.acc_set_bias.lto_priv.0
                0x0800a710       0x48 C:\Users\ccliu\AppData\Local\Temp\ch.elf.krv6D2.ltrans0.ltrans.o
 *fill*         0x0800a758        0x8 
 .text.acc_reset_bias.lto_priv.0
                0x0800a760       0x40 C:\Users\ccliu\AppData\Local\Temp\ch.elf.krv6D2.ltrans0.ltrans.o
 .text.acc_set_sensivity.lto_priv.0
                0x0800a7a0       0x44 C:\Users\ccliu\AppData\Local\Temp\ch.elf.krv6D2.ltrans0.ltrans.o
 *fill*         0x0800a7e4        0xc 
 .text.acc_reset_sensivity.lto_priv.0
                0x0800a7f0       0xdc C:\Users\ccliu\AppData\Local\Temp\ch.elf.krv6D2.ltrans0.ltrans.o
 *fill*         0x0800a8cc        0x4 
 .text.acc_set_full_scale.lto_priv.0
                0x0800a8d0      0x16c C:\Users\ccliu\AppData\Local\Temp\ch.elf.krv6D2.ltrans0.ltrans.o
 *fill*         0x0800aa3c        0x4 
 .text.gyro_get_axes_number
                0x0800aa40        0xc C:\Users\ccliu\AppData\Local\Temp\ch.elf.krv6D2.ltrans0.ltrans.o
 *fill*         0x0800aa4c        0x4 
 .text.gyro_read_raw
                0x0800aa50       0x98 C:\Users\ccliu\AppData\Local\Temp\ch.elf.krv6D2.ltrans0.ltrans.o
 *fill*         0x0800aae8        0x8 
 .text.gyro_read_cooked
                0x0800aaf0       0x80 C:\Users\ccliu\AppData\Local\Temp\ch.elf.krv6D2.ltrans0.ltrans.o
 .text.gyro_sample_bias
                0x0800ab70      0x100 C:\Users\ccliu\AppData\Local\Temp\ch.elf.krv6D2.ltrans0.ltrans.o
 .text.gyro_set_bias